
- NASM Map file ---------------------------------------------------------------

Source file:  scpbios.asm
Output file:  ./Binaries/scpbios.bin

-- Program origin -------------------------------------------------------------

00000800

-- Sections (summary) ---------------------------------------------------------

Vstart            Start             Stop              Length    Class     Name
             800               800               800  00000000  progbits  .text
             800               800              24B3  00001CB3  progbits  codeInit
          117493              24B3              79EA  00005537  progbits  codeResident
          110000            110000            117020  00007020  nobits    BIOSTables
          117020            117020            117493  00000473  nobits    data
          11C9CA            11C9CA            11D1CA  00000800  nobits    MCPseg
          11D200            11D200            11D7F0  000005F0  nobits    xdata
             600               600               60C  0000000C  nobits    SysInitParams
             700               700               800  00000100  nobits    lowStack

-- Sections (detailed) --------------------------------------------------------

---- Section .text ------------------------------------------------------------

class:     progbits
length:                   0
start:                  800
align:     not defined
follows:   not defined
vstart:                 800
valign:    not defined
vfollows:  not defined

---- Section codeInit ---------------------------------------------------------

class:     progbits
length:                1CB3
start:                  800
align:                    4
follows:   not defined
vstart:                 800
valign:    not defined
vfollows:  not defined

---- Section codeResident -----------------------------------------------------

class:     progbits
length:                5537
start:                 24B3
align:                    1
follows:   codeInit
vstart:              117493
valign:                   1
vfollows:  data

---- Section BIOSTables -------------------------------------------------------

class:     nobits
length:                7020
start:               110000
align:                    1
follows:   not defined
vstart:              110000
valign:                   1
vfollows:  not defined

---- Section data -------------------------------------------------------------

class:     nobits
length:                 473
start:               117020
align:                    1
follows:   not defined
vstart:              117020
valign:                   1
vfollows:  BIOSTables

---- Section MCPseg -----------------------------------------------------------

class:     nobits
length:                 800
start:               11C9CA
align:                    1
follows:   not defined
vstart:              11C9CA
valign:                   1
vfollows:  codeResident

---- Section xdata ------------------------------------------------------------

class:     nobits
length:                 5F0
start:               11D200
align:                   40
follows:   not defined
vstart:              11D200
valign:                  40
vfollows:  MCPseg

---- Section SysInitParams ----------------------------------------------------

class:     nobits
length:                   C
start:                  600
align:     not defined
follows:   not defined
vstart:                 600
valign:    not defined
vfollows:  not defined

---- Section lowStack ---------------------------------------------------------

class:     nobits
length:                 100
start:                  700
align:     not defined
follows:   not defined
vstart:                 700
valign:    not defined
vfollows:  not defined

-- Symbols --------------------------------------------------------------------

---- No Section ---------------------------------------------------------------

Value     Name
00000003  permissionflags
00000008  codedescriptor
00110000  BIOSStartAddr
00000800  BIOSInitAddr
00001000  e820Seg
00000000  e820SizeOff
00000002  e820BaseOff
00010000  e820SizeAddr
00000020  pic1command
000000A0  pic2command
00000021  pic1data
000000A1  pic2data
00000064  ps2command
00000064  ps2status
00000060  ps2data
000003F8  com1_base
000002F8  com2_base
000003E8  com3_base
000002E8  com4_base
00000040  PITbase
00000040  PIT0
00000041  PIT1
00000042  PIT2
00000043  PITcommand
00000070  cmos_base
00000071  cmos_data
00000001  kb_flag_rshift
00000002  kb_flag_lshift
00000004  kb_flag_ctrl
00000008  kb_flag_alt
00000010  kb_flag_scrlset
00000020  kb_flag_numset
00000040  kb_flag_capsset
00000080  kb_flag_insset
00000001  kb_flag2_e1
00000002  kb_flag2_e0
000003D4  vga_index
000003D5  vga_data
000003B4  vga_aindex
000003B5  vga_adata
000A0000  vga_bpage0
000B0000  vga_bpage1
000B8000  vga_bpage2
00000CF8  pci_index
00000CFC  pci_data
0000000C  usb_class
00000003  usb_subclass
00000000  uhci_interface
00000010  uhcimask
00000010  ohci_interface
00000020  ohcimask
00000020  ehci_interface
00000040  ehcimask
00000030  xhci_interface
00000080  xhcimask
0000E000  lousbtablesize
0000E002  lousbtablebase
000000C8  debounceperiod
00000000  ehcicaplength
00000002  ehciversion
00000004  ehcistrucparams
00000008  ehcihccparams
0000000C  ehciportroute
00000000  ehcicmd
00000004  ehcists
00000008  ehciintr
0000000C  ehcifrindex
00000010  ehcictrlseg
00000014  ehciperiodbase
00000018  ehciasyncaddr
00000040  ehciconfigflag
00000044  ehciportsc
000000FF  setupReset
000000FE  setupGetMaxLUN
43425355  CBWSig
53425355  CSWSig
00000000  CBWFlagOut
00000080  CBWFlagIn
00000000  bCSWPassed
00000001  bCSWFailed
00000002  bCSWPhase
00000010  msdDevTblEntrySize
00000008  hubDevTblEntrySize
00000003  usbDevTblEntrySize
0000000A  usbMaxDevices
00000060  ehciSizeOfQH
00000040  ehciSizeOfTD
000001F0  ata0_base
000003F6  ata0_ctrl
00000170  ata1_base
00000376  ata1_ctrl
00000001  msd_class
00000001  ide_subclass
00000006  sata_subclass
00000010  ideTableEntrySize
000003F0  fdd_base
00000000  fdiskEntry
00000000  fdiskEntry.signature
00000001  fdiskEntry.wHeads
00000003  fdiskEntry.wCylinder
00000005  fdiskEntry.wSecTrc
00000007  fdiskEntry.lbaMax
0000000B  fdiskEntry.lbaMax48
00000013  fdiskEntry.ioBase
00000015  fdiskEntry.msBit
00000016  fdiskEntry_size
00000001  fdePresent
00000002  fdeLBA28
00000004  fdeLBA48
0000006C  idCurrCyl
0000006E  idCurrHed
00000070  idCurrSecTk
00000078  idLBASectrs
000000C8  idLBA48Sec
00000010  int33TblEntrySize
00000061  port61h
00000020  EOI
00000080  waitp
000000E9  bochsout
000000CC  BREAKPOINT
00000800  sizeOfMCPAlloc
0000000A  usbDevTblE
0000000A  hubDevTblE
0000000A  msdDevTblE
0000000A  diskDevicesE
00000000  GDT.Null
00000008  GDT.Code
00000010  GDT.Data
00000031  failmsglen
00000200  IDT_TABLE_Length
00001CB3  seg0len
000000A0  scr_io_table_length
00000013  MCP_int.asciil
00000013  MCP_int.lstl
00005537  residentLength


---- Section codeInit ---------------------------------------------------------

Real              Virtual           Name
             800               800  realInit
             835               835  realInit.a20Proc
             839               839  realInit.a20FastEnable
             84A               84A  realInit.no92
             84F               84F  realInit.a20KeybEnable
             885               885  realInit.a20wait
             88C               88C  realInit.a20wait2
             893               893  realInit.a20Check
             8AF               8AF  realInit.a20Pass
             8B9               8B9  realInit.a20Fail
             8CA               8CA  realInit.a20Exit
             8E8               8E8  realInit.extCheck
             8F8               8F8  realInit.noa20
             8FA               8FA  realInit.noCPUID
             900               900  realInit.fail
             919               919  realInit.write
             927               927  realInit.return
             928               928  realInit.msg
             934               934  tellBIOS
             943               943  rmE820Map
             985               985  rmE820Map.map0
             9A4               9A4  rmE820Map.map1
             9B2               9B2  rmE820Map.map2
             9C3               9C3  rmE820Map.map3
             9CA               9CA  rmE820Map.mapfail
             9CA               9CA  rmE820Map.mapexit
             9E4               9E4  rmE820Map.mem2write
             9F0               9F0  rmE820Map.badmem2
             9FB               9FB  rmE820Map.mem3test
             A12               A12  rmE820Map.finalmemtest
             A19               A19  rmGetFontPointers
             A1B               A1B  rmGetFontPointers.gfp1
             A44               A44  rmSetTables
             A61               A61  rmUtables
             A75               A75  rmPDTentries
             ABF               ABF  GDT
             ADA               ADA  GDT.Pointer
             ADC               ADC  GDT.Base
             AE4               AE4  longmode_ep
             D06               D06  Relocate
             D41               D41  Relocate.move820_0
             D55               D55  Relocate.mv0
             D96               D96  Relocate.readSystemSize
             DB5               DB5  Relocate.rss1
             DBF               DBF  Relocate.rss2
             DD2               DD2  Relocate.addEntry
             DE2               DE2  Relocate.ae0
             E27               E27  Relocate.ae1
             E37               E37  Relocate.ae2
             EC6               EC6  Relocate.altRAM
             F30               F30  Ptablefinal
             F5F               F5F  Ptablefinal.utables
             FA7               FA7  idtFillDummy
             FC7               FC7  idtLoop
            1046              1046  PICremap
            1088              1088  pci_scan
            1095              1095  pci_scan.u1
            10E8              10E8  pci_scan.u11
            10FB              10FB  pci_scan.sataPCIEnum
            1115              1115  pci_scan.spemsg
            1132              1132  pci_scan.idePCIEnum
            1180              1180  pci_scan.ipeWriteTable
            11AD              11AD  pci_scan.ipemsg
            11D0              11D0  pci_scan.ipemsg2
            11FF              11FF  pci_scan.uhci_found
            1221              1221  pci_scan.uhci_succ
            1241              1241  pci_scan.ohci_found
            124B              124B  pci_scan.ehci_found
            126A              126A  pci_scan.ehci_succ
            128A              128A  pci_scan.xhci_succ
            12AA              12AA  pci_scan.xhci_found
            12C7              12C7  pci_scan.controlController
            1336              1336  pci_scan.cc0
            137A              137A  pci_scan.cc1
            13D6              13D6  pci_scan.controlUHCI
            141E              141E  pci_scan.cu0
            1423              1423  pci_scan.cu1
            1445              1445  pci_scan.controlxHCI
            1454              1454  pci_scan.suohoc0
            1464              1464  pci_scan.suohoc1
            147E              147E  pci_scan.suohoc2
            1490              1490  pci_scan.suohoc21
            1491              1491  pci_scan.suohoc3
            149F              149F  pci_scan.controlEHCI
            14BA              14BA  pci_scan.ce0
            14D5              14D5  pci_scan.ehcieecpsetup
            14FD              14FD  pci_scan.ees1
            151A              151A  pci_scan.ees2
            154B              154B  pci_scan.weirdEHCI1
            1578              1578  pci_scan.failmsg
            15A9              15A9  pciExit
            15A9              15A9  PITreset
            15BB              15BB  rtc_init
            1620              1620  checkCOM
            1649              1649  COMinitproceed
            1652              1652  serialinit
            169D              169D  COMinitexit
            16A3              16A3  keybsetup
            16CF              16CF  keybsetup.kbscdetermine
            16DF              16DF  keybsetup.pt1
            16F5              16F5  keybsetup.step1
            170D              170D  keyb0
            17AC              17AC  keyb1
            17BC              17BC  keyb1.k1
            17CE              17CE  keyb20
            17D8              17D8  keyb2
            17E0              17E0  keyb2.k0
            17FD              17FD  keyb2.k1
            180D              180D  keyb30
            1817              1817  keyb3
            1827              1827  keyb3.k1
            1837              1837  keyb40
            183F              183F  keyb4
            184F              184F  keyb4.k1
            1863              1863  keyb5
            186C              186C  keyb5.k1
            188B              188B  keyb5.noecho
            189E              189E  keyb5.k2
            18A6              18A6  keyb6
            18B7              18B7  keyb6.k1
            18D1              18D1  scancode_faff
            18DC              18DC  scancode_faff.p1
            1900              1900  scancode_faff.writeback
            1913              1913  scancode_faff.get_next_byte
            191A              191A  keybflushe
            191E              191E  keybflush
            1922              1922  keybflush.kbf1
            192B              192B  keybinitend
            193F              193F  keybinitend.kbe0
            1972              1972  ps2talk
            1983              1983  ps2talk.p0
            1986              1986  ps2talk.p1
            1993              1993  ps2talk.p2
            199B              199B  ps2talk.p3
            19A3              19A3  ps2error
            19B5              19B5  ps2error.loop
            19B9              19B9  ps2error.ps2errormsg
            19D6              19D6  ps2stage
            19E0              19E0  ps2stage.startMsg
            1A0F              1A0F  ps2stage.okMsg
            1A12              1A12  endPS2Init
            1A12              1A12  debuggerInit
            1A34              1A34  IDE
            1A34              1A34  IDE.ideInitialisation
            1A63              1A63  IDE.ii0
            1A77              1A77  IDE.ii1
            1A82              1A82  IDE.ii2
            1AA0              1AA0  IDE.ii3
            1AB4              1AB4  IDE.ii4
            1ABF              1ABF  IDE.ii5
            1ADC              1ADC  IDE.identifyDrive
            1B43              1B43  IDE.id0
            1B57              1B57  IDE.id1
            1B7C              1B7C  IDE.id2
            1BBD              1BBD  IDE.id3
            1BDD              1BDD  IDE.idDeviceOK
            1BE7              1BE7  IDE.idExit
            1BEA              1BEA  IDE.addControllerTable
            1C12              1C12  IDE.act0
            1C1B              1C1B  IDE.actexit
            1C1D              1C1D  IDE.actfail
            1C20              1C20  IDE.ideInitEnd
            1C20              1C20  hciParse
            1C3B              1C3B  hciParse.hcip1
            1C5B              1C5B  hciParse.hcip2
            1C7D              1C7D  hciParse.pr0
            1CAF              1CAF  hciParse.pr1
            1CBB              1CBB  hciParse.pr11
            1CD5              1CD5  hciParse.pr2
            1CF2              1CF2  hciParse.echiInitMsg
            1D1B              1D1B  hciParse.noEHCI
            1D20              1D20  hciParse.exit
            1D20              1D20  remDevInit
            1D33              1D33  remDevInit.hubs_init
            1D3D              1D3D  remDevInit.redi1
            1D59              1D59  remDevInit.hubnextentry
            1D69              1D69  remDevInit.hub_rescan
            1D73              1D73  remDevInit.msds_init
            1DA3              1DA3  remDevInit.msd1
            1DB7              1DB7  remDevInit.msdNextEntry
            1DC7              1DC7  remDevInit.rediexit
            1DDC              1DDC  remDevInit.rmhmsg
            1DF8              1DF8  remDevInit.ok
            1DFC              1DFC  remDevInit.msdmsg
            1E1A              1E1A  remDevInit.exit
            1E1A              1E1A  int33hinit
            1E2E              1E2E  int33hinit.i33i1
            1E59              1E59  int33hinit.i33proceed
            1E6E              1E6E  int33hinit.i33ibad
            1E7F              1E7F  int33hinit.i33iend
            1E9B              1E9B  end
            1F84              1F84  endNoDevFound
            1FED              1FED  startboot
            2003              2003  endboot
            2073              2073  endboot2
            2093              2093  dbgmsg
            20A9              20A9  dbgmsg2
            20BD              20BD  dbgmsg3
            20CB              20CB  dbgmsg4
            20E1              20E1  memprint
            2140              2140  memprint.sense1
            2167              2167  memprint.pt2
            217A              217A  memprint.sense2
            21A5              21A5  memprint.pt3
            21F4              21F4  memprint.printdecimalword
            2209              2209  memprint.pdw0
            221F              221F  memprint.pdw1
            2226              2226  memprint.pdw2
            223A              223A  memprint.convmemmsg
            2257              2257  memprint.extmemmsg
            2275              2275  memprint.extmemmsg2
            2294              2294  memprint.totalmem
            22B1              22B1  memprint.kb
            22B3              22B3  IDT_TABLE
            22B3              22B3  CPU_IDT
            23B3              23B3  HW_IDT
            2433              2433  SW_IDT

---- Section codeResident -----------------------------------------------------

Real              Virtual           Name
            24B3            117493  e820print
            24CB            1174AB  e820print.e0
            24FF            1174DF  e820print.printqword
            250F            1174EF  e820print.pq1
            251C            1174FC  e820print.printpipe
            252F            11750F  e820print.pipestr
            2533            117513  e820print.printcrlf
            2546            117526  e820print.crlfstr
            2549            117529  beep
            2569            117549  ps2wait
            256A            11754A  ps2wait.wnok
            2578            117558  ps2wait.wok
            257E            11755E  idtWriteEntry
            25AA            11758A  cls
            25C2            1175A2  timer_IRQ0
            25F7            1175D7  timer_IRQ0.tret
            2602            1175E2  kb_IRQ1
            260A            1175EA  kb_IRQ1.k0
            2663            117643  kb_IRQ1.kb_store_in_buffer
            2688            117668  kb_IRQ1.kb1_exit
            2691            117671  kb_IRQ1.kb1_exit_e0
            269B            11767B  kb_IRQ1.special_keys
            26AE            11768E  kb_IRQ1.pause
            26C1            1176A1  kb_IRQ1.insert_released
            26C5            1176A5  kb_IRQ1.alt_shift_released
            26C9            1176A9  kb_IRQ1.ctrl_shift_released
            26CD            1176AD  kb_IRQ1.lshift_released
            26D1            1176B1  kb_IRQ1.rshift_released
            26D3            1176B3  kb_IRQ1.shift_release_common
            26DC            1176BC  kb_IRQ1.kb_buf_full_beep
            26F9            1176D9  kb_IRQ1.basickey
            2705            1176E5  kb_IRQ1.kbbk1
            2765            117745  kb_IRQ1.keylookup
            2795            117775  kb_IRQ1.keyget
            27A6            117786  kb_IRQ1.addshiftvalue
            27B7            117797  kb_IRQ1.addctrlvalue
            27C0            1177A0  kb_IRQ1.addaltvalue
            27C9            1177A9  kb_IRQ1.addnumvalue
            27D2            1177B2  kb_IRQ1.addcapsvalue
            27DB            1177BB  kb_IRQ1.addshiftcaps
            27E4            1177C4  kb_IRQ1.addshiftnum
            27ED            1177CD  kb_IRQ1.alt_shift_pressed
            27F1            1177D1  kb_IRQ1.ctrl_shift_pressed
            27F5            1177D5  kb_IRQ1.lshift_pressed
            27F9            1177D9  kb_IRQ1.rshift_pressed
            27FB            1177DB  kb_IRQ1.shift_pressed_common
            2807            1177E7  kb_IRQ1.ins_toggle
            280B            1177EB  kb_IRQ1.caps_lock
            280F            1177EF  kb_IRQ1.num_lock
            2813            1177F3  kb_IRQ1.scroll_lock
            2815            1177F5  kb_IRQ1.lock_common
            2826            117806  kb_IRQ1.e0special
            2835            117815  kb_IRQ1.ctrl_break
            286D            11784D  kb_IRQ1.ctrl_alt_del
            2886            117866  kb_IRQ1.ctrl_alt_del_killPC
            2890            117870  kb_IRQ1.ctrl_alt_del_no_reset
            2896            117876  kb_IRQ1.set_kb_lights
            28B5            117895  kb_IRQ1.kb_error
            28D1            1178B1  kb_IRQ1.kber1
            28D5            1178B5  kb_IRQ1.kb_error_msg
            28F2            1178D2  kb_IRQ1.kb_sc_ascii_lookup
            2E82            117E62  ser_IRQ3
            2E94            117E74  ser_IRQ4
            2EA4            117E84  ser_common
            2EA9            117E89  ser_common.si0
            2EC8            117EA8  ser_common.si1
            2ED5            117EB5  ser_common.si41
            2EE5            117EC5  ser_common.si2
            2EFB            117EDB  ser_common.si3
            2F1B            117EFB  ser_common.si4
            2F34            117F14  ser_common.si5
            2F50            117F30  ser_common.siexit
            2F5D            117F3D  fdd_IRQ6
            2F65            117F45  rtc_IRQ8
            2F77            117F57  rtc_IRQ8.periodic
            2F7F            117F5F  rtc_IRQ8.noPeriodic
            2F83            117F63  rtc_IRQ8.alarm
            2F85            117F65  rtc_IRQ8.exit
            2F98            117F78  hdd_IRQ14
            2FAF            117F8F  ehci_IRQ
            2FB6            117F96  ehci_IRQ.pic1
            2FBB            117F9B  ehci_IRQ.intr
            2FCD            117FAD  ehci_IRQ.nonIRQmain
            2FFC            117FDC  ehci_IRQ.usbignoreirq
            3004            117FE4  ehci_IRQ.exit
            3007            117FE7  ehci_IRQ.spur
            3009            117FE9  ehci_IRQ.s1
            3023            118003  ehci_IRQ.transactionError
            302D            11800D  ehci_IRQ.nonIRQep
            3031            118011  default_IRQ7
            3049            118029  default_IRQ7.exit
            304D            11802D  default_IRQ7.e2
            3050            118030  default_IRQ15
            306A            11804A  default_IRQ15.spurcheck
            3083            118063  default_IRQ15.exit
            3085            118065  default_IRQ15.e2
            308A            11806A  scr_io_table
            312A            11810A  scr_io
            314C            11812C  scr_io.exitf
            3154            118134  scr_io.exit
            3157            118137  scr_io.change_mode
            3166            118146  scr_io.set_curs_shape
            3179            118159  scr_io.set_curs_pos
            3199            118179  scr_io.scpexit
            319D            11817D  scr_io.get_curs_pos
            31BD            11819D  scr_io.write_register
            31E4            1181C4  scr_io.wrchar
            31F6            1181D6  scr_io.wrascii
            3206            1181E6  scr_io.select_page
            3219            1181F9  scr_io.spbad
            3228            118208  scr_io.sp1
            322C            11820C  scr_io.spmain
            3274            118254  scr_io.spm1
            327B            11825B  scr_io.spm2
            32A7            118287  scr_io.sp_vga
            32AC            11828C  scr_io.scroll_up
            32BA            11829A  scr_io.su0
            32C3            1182A3  scr_io.su1
            32F5            1182D5  scr_io.su2
            3338            118318  scr_io.suexit
            3340            118320  scr_io.sblank
            3356            118336  scr_io.sbl0
            336A            11834A  scr_io.scroll_down
            3378            118358  scr_io.sd0
            3382            118362  scr_io.sd1
            33B1            118391  scr_io.sd2
            33F4            1183D4  scr_io.sdexit
            33FC            1183DC  scr_io.read_att_char
            340A            1183EA  scr_io.rac1
            342E            11840E  scr_io.write_att_char
            343C            11841C  scr_io.wac1
            346E            11844E  scr_io.write_char
            347C            11845C  scr_io.wc1
            34A6            118486  scr_io.wc2
            34AF            11848F  scr_io.wc3
            34B6            118496  scr_io.gset_col_palette
            34C5            1184A5  scr_io.gwritedot
            34D4            1184B4  scr_io.greaddot
            34E3            1184C3  scr_io.write_tty
            350C            1184EC  scr_io.wttywrite
            351A            1184FA  scr_io.wttycursorupdate
            3525            118505  scr_io.wttycursorupdatego
            3529            118509  scr_io.wttyexit
            3532            118512  scr_io.wttycu0
            353F            11851F  scr_io.wttyscrollupone
            3563            118543  scr_io.wttybspace
            3574            118554  scr_io.wttybs1
            357B            11855B  scr_io.wttylf
            3591            118571  scr_io.wttycr
            3598            118578  scr_io.wttybell
            35B1            118591  scr_io.get_mode
            35CB            1185AB  scr_io.wsbad
            35DA            1185BA  scr_io.write_string
            35E8            1185C8  scr_io.ws
            3604            1185E4  scr_io.ws0
            362A            11860A  scr_io.ws1
            3652            118632  scr_io.ws2
            3656            118636  scr_io.ws3
            365E            11863E  scr_io.wsexitupdate
            366B            11864B  scr_io.wsexit
            3675            118655  scr_io.wsctrlchar
            368C            11866C  scr_io.wszero
            368E            11866E  scr_io.wsz1
            369E            11867E  scr_io.wsz2
            36A5            118685  scr_io.gread
            36B4            118694  scr_io.gwrite
            36C3            1186A3  scr_io.gscrollup
            36D2            1186B2  scr_io.gscrolldown
            36E1            1186C1  scr_io.write_crtc_word
            3700            1186E0  scr_io.get_page_base
            372A            11870A  scr_io.gpb0
            3732            118712  scr_io.gpb1
            3735            118715  scr_io.page_cursor_offset
            3745            118725  scr_io.offset_from_ax
            3761            118741  scr_io.text_scroll_c1
            377C            11875C  scr_io.cursor_proc
            379B            11877B  scr_io.cp1
            37A6            118786  scr_io.cpwrite
            37B4            118794  machineWord_io
            37EB            1187CB  convRAM_io
            380E            1187EE  disk_io
            38AF            11888F  disk_io.baddev
            38B8            118898  disk_io.bad
            38BF            11889F  disk_io.noDevInDrive
            38CD            1188AD  disk_io.reset
            38DE            1188BE  disk_io.rrexit
            38F0            1188D0  disk_io.rrbad
            3900            1188E0  disk_io.statusreport
            3912            1188F2  disk_io.srmain
            3968            118948  disk_io.srexit
            396F            11894F  disk_io.srexitbad2
            3973            118953  disk_io.srexitbad1
            3975            118955  disk_io.srexitbad
            397F            11895F  disk_io.readsectors
            39A0            118980  disk_io.rsbad
            39A7            118987  disk_io.writesectors
            39C8            1189A8  disk_io.verify
            39E9            1189C9  disk_io.format
            3A21            118A01  disk_io.formatcommon
            3A39            118A19  disk_io.f0
            3A4B            118A2B  disk_io.formatexit
            3A65            118A45  disk_io.fbadBB
            3A6D            118A4D  disk_io.fbad
            3A70            118A50  disk_io.lbaread
            3A95            118A75  disk_io.lbawrite
            3ABA            118A9A  disk_io.lbaverify
            3ADF            118ABF  disk_io.lbaformat
            3B0D            118AED  disk_io.lbaCommon
            3B23            118B03  disk_io.formatLowLevel
            3B45            118B25  disk_io.lbareadparams
            3B6D            118B4D  disk_io.sectorsEHCI
            3B7F            118B5F  disk_io.seCommon
            3B90            118B70  disk_io.se1
            3BA7            118B87  disk_io.se2
            3BAE            118B8E  disk_io.sebadBB
            3BB6            118B96  disk_io.sebad
            3BB9            118B99  disk_io.i33ehciGetDevicePtr
            3BE5            118BC5  disk_io.i33egdpbad
            3BE7            118BC7  disk_io.convertCHSLBA
            3C08            118BE8  disk_io.deviceChanged
            3C8F            118C6F  disk_io.dcNoError
            3CA6            118C86  disk_io.dcError
            3CB3            118C93  disk_io.dcRetPop
            3CC2            118CA2  disk_io.dcRoot
            3CDE            118CBE  disk_io.busScan
            3D6A            118D4A  disk_io.bsret
            3D6F            118D4F  disk_io.bsexit
            3D77            118D57  disk_io.bsErrorExit
            3D87            118D67  disk_io.bsrExit06h
            3D94            118D74  disk_io.bsClearPortChangeStatus
            3DCB            118DAB  disk_io.bsRtNoDev
            3DD6            118DB6  disk_io.bsRoot
            3E19            118DF9  disk_io.bsCommonEP
            3E44            118E24  disk_io.bsr0
            3E59            118E39  disk_io.bsr1
            3E8C            118E6C  disk_io.bsrFail
            3E9C            118E7C  disk_io.deviceInit
            3EC0            118EA0  disk_io.deviceInitReadCaps
            3EF1            118ED1  disk_io.deviceInitWriteTableEntry
            3F1A            118EFA  disk_io.deviceInitExit
            3F1C            118EFC  disk_io.i33removeFromTable
            3F30            118F10  diskdpt
            3F30            118F10  diskdpt.fsb
            3F31            118F11  diskdpt.ssb
            3F32            118F12  diskdpt.tto
            3F33            118F13  diskdpt.bps
            3F34            118F14  diskdpt.spt
            3F35            118F15  diskdpt.gpl
            3F36            118F16  diskdpt.dtl
            3F37            118F17  diskdpt.glf
            3F38            118F18  diskdpt.fbf
            3F39            118F19  diskdpt.hst
            3F3A            118F1A  diskdpt.mst
            3F3B            118F1B  fdiskdpt
            3F3B            118F1B  fdiskdpt.cyl
            3F3D            118F1D  fdiskdpt.nhd
            3F3E            118F1E  fdiskdpt.rwc
            3F40            118F20  fdiskdpt.wpc
            3F42            118F22  fdiskdpt.ecc
            3F43            118F23  fdiskdpt.ctl
            3F44            118F24  fdiskdpt.sto
            3F45            118F25  fdiskdpt.fto
            3F46            118F26  fdiskdpt.tcd
            3F47            118F27  fdiskdpt.clz
            3F49            118F29  fdiskdpt.spt
            3F4A            118F2A  fdiskdpt.res
            3F4B            118F2B  fdisk_io
            3FB4            118F94  fdisk_io.badFunctionRequest
            3FBD            118F9D  fdisk_io.badExit
            3FD0            118FB0  fdisk_io.okExit
            3FE3            118FC3  fdisk_io.fdiskReset
            4000            118FE0  fdisk_io.fdiskStatus
            4015            118FF5  fdisk_io.fdiskReadCHS
            4023            119003  fdisk_io.fdiskWriteCHS
            4031            119011  fdisk_io.fdiskVerifyCHS
            403D            11901D  fdisk_io.fdiskFormat
            403D            11901D  fdisk_io.fdiskReadLBA
            404B            11902B  fdisk_io.fdiskWriteLBA
            4059            119039  fdisk_io.fdiskVerifyLBA
            4065            119045  fdisk_io.fdiskFormatSector
            4067            119047  fdisk_io.fdiskError
            40A3            119083  fdisk_io.fdiskErrorUnknown
            40B0            119090  fdisk_io.fdiskBadAddress
            40BD            11909D  fdisk_io.fdiskCRCError
            40CA            1190AA  fdisk_io.fdiskNoErrorData
            40D7            1190B7  fdisk_io.fdiskErrorNoBit
            40E6            1190C6  fdisk_io.fdiskErrorDriveFault
            40F3            1190D3  fdisk_io.fdiskCtrlrFailed
            4100            1190E0  serial_baud_table
            4118            1190F8  serial_abt
            4120            119100  serial_io
            416B            11914B  serial_io.badin
            4171            119151  serial_io.sioexit
            4182            119162  serial_io.sbadexit1
            4186            119166  serial_io.sbadexit2
            4188            119168  serial_io.sbadcommon
            4190            119170  serial_io.userinit
            41AD            11918D  serial_io.ui1
            41C1            1191A1  serial_io.ui2
            41CC            1191AC  serial_io.ui3
            41D1            1191B1  serial_io.transmit
            41DC            1191BC  serial_io.t1
            41F1            1191D1  serial_io.t2
            4206            1191E6  serial_io.recieve
            423B            11921B  serial_io.r0
            4248            119228  serial_io.r1
            424F            11922F  serial_io.rexit
            4261            119241  serial_io.gsret
            426C            11924C  serial_io.getscratch
            4285            119265  serial_io.extinit
            4285            119265  serial_io.extstatus
            4285            119265  serial_io.custombaud
            428E            11926E  misc_io
            42C2            1192A2  misc_io.badFunction
            42C4            1192A4  misc_io.badout
            42CB            1192AB  misc_io.delay
            430F            1192EF  misc_io.loopdelay
            434C            11932C  misc_io.return
            434E            11932E  misc_io.memory16MB
            4358            119338  misc_io.miscDispatcher
            436D            11934D  misc_io.mdConnectDebugger
            43C8            1193A8  misc_io.mdDisconnectDebugger
            4421            119401  misc_io.mdDebugExit
            4427            119407  misc_io.mdBeeper
            442E            11940E  misc_io.advSysMemDispatcher
            4443            119423  misc_io.retUserBase
            444D            11942D  misc_io.memory64MB
            446F            11944F  misc_io.memoryBIOSseg
            448F            11946F  misc_io.fullMemoryMap
            44AC            11948C  misc_io.sysDataTableDispatcher
            450D            1194ED  misc_io.sdtDT
            453C            11951C  misc_io.sdtGet
            454B            11952B  misc_io.sdtRegisterPage
            4555            119535  misc_io.sdtGetPagePtr
            455F            11953F  misc_io.sdtDataptr
            456B            11954B  misc_io.sdtReadIDTEntry
            459C            11957C  misc_io.sdtWriteIDTEntry
            45B4            119594  misc_io.sdtNewDDP
            45BE            11959E  misc_io.sdtNewfDDP
            45C8            1195A8  misc_io.sdtReadDDP
            45D2            1195B2  misc_io.sdtReadfDDP
            45DC            1195BC  misc_io.sdtNewSysInit
            45EE            1195CE  misc_io.sdtReadSysInit
            4600            1195E0  misc_io.ehciFunctionDispatcher
            4615            1195F5  misc_io.ehciDispGetCritPtr
            461F            1195FF  misc_io.ehciDispSetCritPtr
            4629            119609  misc_io.ehciDispResetCtrlr
            4629            119609  misc_io.echiDispReEnumDevices
            4630            119610  kb_io
            4647            119627  kb_io.k0
            4670            119650  kb_io.k1
            468E            11966E  kb_io.k2
            4695            119675  kb_io.kexit
            4699            119679  kb_io.kb_ptr_adv
            46B1            119691  kb_io.kbpa1
            46B2            119692  printer_io
            46BB            11969B  MCPjmptbl
            4753            119733  MCP_int
            476C            11974C  MCP_int.z11
            4787            119767  MCP_int.z2
            47B3            119793  MCP_int.prog_sel
            47BF            11979F  MCP_int.memoryMap
            47D5            1197B5  MCP_int.singleStepsEP
            480A            1197EA  MCP_int.debugEpHardware
            482A            11980A  MCP_int.debugEp
            4844            119824  MCP_int.dep1
            485F            11983F  MCP_int.bad_command
            487C            11985C  MCP_int.bc1
            4887            119867  MCP_int.connect
            48A4            119884  MCP_int.connectString
            48B9            119899  MCP_int.disconnect
            48D6            1198B6  MCP_int.disconnectString
            48EE            1198CE  MCP_int.version
            490A            1198EA  MCP_int.v1
            4915            1198F5  MCP_int.v2
            4916            1198F6  MCP_int.vstring
            4933            119913  MCP_int.debugRegs
            498D            11996D  MCP_int.xr11
            49A8            119988  MCP_int.xr1
            49E7            1199C7  MCP_int.xr2
            49F0            1199D0  MCP_int.xr3
            49F9            1199D9  MCP_int.xr4
            4A02            1199E2  MCP_int.xr5
            4A06            1199E6  MCP_int.dumpDebugRegs
            4A36            119A16  MCP_int.ddr1
            4A42            119A22  MCP_int.ddr11
            4A61            119A41  MCP_int.ddr2
            4A65            119A45  MCP_int.ddr21
            4A92            119A72  MCP_int.dregcrlf
            4AB8            119A98  MCP_int.dregtbl
            4AD0            119AB0  MCP_int.xchangeReg
            4B3F            119B1F  MCP_int.xcr1
            4B93            119B73  MCP_int.xcnoexit
            4B94            119B74  MCP_int.xcipchange
            4B9D            119B7D  MCP_int.xcflags
            4BAA            119B8A  MCP_int.xcf1
            4BE8            119BC8  MCP_int.inport
            4C3B            119C1B  MCP_int.outport
            4CA4            119C84  MCP_int.hexCalc
            4D57            119D37  MCP_int.hcprintquad
            4D64            119D44  MCP_int.hcpq1
            4D74            119D54  MCP_int.dumpReg
            4D9E            119D7E  MCP_int.dreg1
            4DAE            119D8E  MCP_int.dreg11
            4DC3            119DA3  MCP_int.dreg2
            4DD9            119DB9  MCP_int.dreg21
            4E05            119DE5  MCP_int.drip0
            4E08            119DE8  MCP_int.drip1
            4E32            119E12  MCP_int.drip2
            4E7D            119E5D  MCP_int.ssep0
            4EF6            119ED6  MCP_int.drflagwrite
            4EF9            119ED9  MCP_int.drflg1
            4F21            119F01  MCP_int.drflg2
            4F30            119F10  MCP_int.dregexit
            4F31            119F11  MCP_int.dsegregwrite
            4F37            119F17  MCP_int.dsegreg1
            4F69            119F49  MCP_int.regcrlf
            4F8F            119F6F  MCP_int.regtbl
            4FE5            119FC5  MCP_int.rflgs
            4FEC            119FCC  MCP_int.ipstrg
            4FF5            119FD5  MCP_int.dumpMemory
            5041            11A021  MCP_int.dmmain00
            50A1            11A081  MCP_int.dmmain01
            50B1            11A091  MCP_int.dmmain0
            50B6            11A096  MCP_int.dmmain1
            50D6            11A0B6  MCP_int.dmmain2
            50DB            11A0BB  MCP_int.dmmain21
            50FD            11A0DD  MCP_int.dmmain3
            5147            11A127  MCP_int.dmbadexit
            5158            11A138  MCP_int.dmexit
            5164            11A144  MCP_int.dmnoargs
            516E            11A14E  MCP_int.dmnoargs1
            5172            11A152  MCP_int.dmnoargscommon
            5181            11A161  MCP_int.dmalign
            519A            11A17A  MCP_int.dmal1
            51A6            11A186  MCP_int.dmhyphen1
            51BE            11A19E  MCP_int.dmcsaddrprint
            51D6            11A1B6  MCP_int.dmrollprint
            51E5            11A1C5  MCP_int.dmdot
            51E7            11A1C7  MCP_int.dmbadargs
            51F6            11A1D6  MCP_int.editMemory
            5266            11A246  MCP_int.jumpProc
            52B2            11A292  MCP_int.singleStep
            52C1            11A2A1  MCP_int.proceedDefault
            52D4            11A2B4  MCP_int.storageRead
            52DC            11A2BC  MCP_int.storageWrite
            52E2            11A2C2  MCP_int.storageCommon
            5318            11A2F8  MCP_int.sc0
            534E            11A32E  MCP_int.storageExit
            535A            11A33A  MCP_int.storageError
            5366            11A346  MCP_int.restartMcp
            5368            11A348  MCP_int.clearscreen
            5374            11A354  MCP_int.storeMainRegisters
            53BF            11A39F  MCP_int.loadMainRegisters
            5416            11A3F6  MCP_int.arg
            5427            11A407  MCP_int.a01
            542A            11A40A  MCP_int.a1
            543D            11A41D  MCP_int.a2
            5442            11A422  MCP_int.aexit
            544E            11A42E  MCP_int.error
            5465            11A445  MCP_int.emsg
            5476            11A456  MCP_int.keyb
            54A9            11A489  MCP_int.k1
            54F6            11A4D6  MCP_int.kend
            5500            11A4E0  MCP_int.kb1
            5501            11A4E1  MCP_int.kb2
            5517            11A4F7  MCP_int.print
            551C            11A4FC  MCP_int.ascii
            552F            11A50F  MCP_int.lst
            5542            11A522  MCP_int.prompt
            5546            11A526  MCP_int.prompt2
            5548            11A528  MCP_int.crlf
            554B            11A52B  bootstrapInt
            5566            11A546  bootstrapInt.e0
            5595            11A575  bootstrapInt.e1
            55BC            11A59C  bootstrapInt.efail
            55C8            11A5A8  timerInt
            560C            11A5EC  timerInt.bad
            5613            11A5F3  timerInt.exit
            5615            11A5F5  timerInt.gett
            5634            11A614  timerInt.sett
            5648            11A628  timerInt.tiext
            5653            11A633  timerInt.getpitdiv
            565D            11A63D  timerInt.setpitdiv
            5676            11A656  timerInt.readRTCtime
            567A            11A65A  timerInt.rrt0
            56BA            11A69A  timerInt.rrtbad
            56C0            11A6A0  timerInt.setRTCtime
            56C4            11A6A4  timerInt.srt0
            5722            11A702  timerInt.readRTCdate
            5726            11A706  timerInt.rrd0
            5756            11A736  timerInt.setRTCdate
            575A            11A73A  timerInt.srd0
            57B7            11A797  timerInt.setRTCalarm
            57FA            11A7DA  timerInt.srabad
            5802            11A7E2  timerInt.resetRTCalarm
            581F            11A7FF  timerInt.readRTC
            5828            11A808  timerInt.writeRTC
            5833            11A813  ctrlbreak_io
            5835            11A815  scr_params_io
            5841            11A821  disk_params_io
            5853            11A833  cga_ret_io
            586B            11A84B  ATA
            586B            11A84B  ATA.identifyDevice
            588C            11A86C  ATA.l2
            58A2            11A882  ATA.l3
            58B3            11A893  ATA.exitfail
            58B4            11A894  ATA.exit
            58B7            11A897  ATA.selectDriveFromTable
            58C8            11A8A8  ATA.selectDrive
            58F4            11A8D4  ATA.sd0
            592C            11A90C  ATA.skipSelection
            592F            11A90F  ATA.driveNotSelected
            5932            11A912  ATA.driveSelectWait
            593E            11A91E  ATA.dsw0
            5950            11A930  ATA.wait400ns
            5956            11A936  ATA.wns
            595B            11A93B  ATA.getTablePointer
            596C            11A94C  ATA.gtpSearch
            597B            11A95B  ATA.gtpVerifyOk
            5984            11A964  ATA.gtpBad
            5987            11A967  ATA.resetChannel
            59D5            11A9B5  ATA.rcBad
            59D7            11A9B7  ATA.read
            59ED            11A9CD  ATA.rWait
            5A02            11A9E2  ATA.readLoop
            5A19            11A9F9  ATA.readExitloop
            5A2A            11AA0A  ATA.rExit
            5A2C            11AA0C  ATA.rTimeout
            5A34            11AA14  ATA.errorExit
            5A36            11AA16  ATA.write
            5A4C            11AA2C  ATA.writeWait
            5A61            11AA41  ATA.w0
            5A66            11AA46  ATA.w1
            5A7B            11AA5B  ATA.wBSYcheck
            5A94            11AA74  ATA.wFlushCheck
            5AB0            11AA90  ATA.verify
            5ABF            11AA9F  ATA.vLoop
            5ADB            11AABB  ATA.readCHS
            5AF9            11AAD9  ATA.writeCHS
            5B17            11AAF7  ATA.verifyCHS
            5B33            11AB13  ATA.setupCHS
            5B69            11AB49  ATA.sCHSFailed
            5B72            11AB52  ATA.readLBA
            5B90            11AB70  ATA.writeLBA
            5BB1            11AB91  ATA.verifyLBA
            5BCF            11ABAF  ATA.setupLBA
            5C0B            11ABEB  ATA.sLBAFailed
            5C14            11ABF4  ATA.readLBA48
            5C1A            11ABFA  ATA.writeLBA48
            5C20            11AC00  ATA.verifyLBA48
            5C26            11AC06  ATA.setupLBA48
            5C27            11AC07  USB
            5C27            11AC07  USB.ehciCriticalErrorWrapper
            5C2E            11AC0E  USB.ehciCriticalErrorHandler
            5C55            11AC35  USB.ecehmsg
            5C62            11AC42  USB.setupEHCIcontroller
            5C81            11AC61  USB.secexit
            5C85            11AC65  USB.ehciResetControllerPort
            5CCA            11ACAA  USB.erclp0
            5CDE            11ACBE  USB.erclp1
            5D0E            11ACEE  USB.erclp2
            5D42            11AD22  USB.erclp3
            5D6E            11AD4E  USB.ercpexit
            5D73            11AD53  USB.ercperr
            5D79            11AD59  USB.ehciResetCtrlr
            5D92            11AD72  USB.erc0
            5DB1            11AD91  USB.erc1
            5DCF            11ADAF  USB.ercexit
            5DDA            11ADBA  USB.erc2
            5DDD            11ADBD  USB.ehciRunCtrlr
            5DF7            11ADD7  USB.esc0
            5E09            11ADE9  USB.esc1
            5E0C            11ADEC  USB.esc2
            5E0F            11ADEF  USB.ehciStopCtrlr
            5E28            11AE08  USB.estc0
            5E38            11AE18  USB.estcexit
            5E3B            11AE1B  USB.estc1
            5E3E            11AE1E  USB.ehciAdjustAsyncSchedCtrlr
            5E58            11AE38  USB.eacStart
            5E67            11AE47  USB.eacOkExit
            5E69            11AE49  USB.eacBad
            5E6B            11AE4B  USB.ehciInitCtrlrRegs
            5EBB            11AE9B  USB.ehciCtrlrGetNumberOfPorts
            5ECF            11AEAF  USB.ehciGetNewQHeadAddr
            5EF0            11AED0  USB.egnqaexit
            5EF1            11AED1  USB.ehciToggleTransactingQHead
            5F0C            11AEEC  USB.ettqh0
            5F19            11AEF9  USB.ehciDelinkOldQHead
            5F39            11AF19  USB.ehciLinkNewQHead
            5F55            11AF35  USB.elnqhexit
            5F5A            11AF3A  USB.elnqadjusted
            5F90            11AF70  USB.elnqhbad
            5F95            11AF75  USB.ehciSetNoData
            6034            11B014  USB.ehciGetRequest
            60F1            11B0D1  USB.egddproceed
            60F6            11B0D6  USB.egddexit
            6102            11B0E2  USB.ehciStartAsyncSchedule
            6119            11B0F9  USB.esas0
            6128            11B108  USB.esasok
            612B            11B10B  USB.esasfail
            612E            11B10E  USB.ehciStopAsyncSchedule
            6146            11B126  USB.espc0
            6159            11B139  USB.espcfail
            615D            11B13D  USB.ehciProcessCommand
            6186            11B166  USB.epc1
            61A6            11B186  USB.epc2
            61D6            11B1B6  USB.epc3
            61F2            11B1D2  USB.epc4
            620D            11B1ED  USB.epcexit
            6212            11B1F2  USB.epcStall
            621D            11B1FD  USB.epcfail
            6227            11B207  USB.epcfailedstart
            6227            11B207  USB.epcfaildelinked
            622F            11B20F  USB.epcHostError
            623A            11B21A  USB.epcfailtimeout
            6257            11B237  USB.ehciEnumerateRootPort
            6263            11B243  USB.eebinit
            627F            11B25F  USB.eeb0
            62A2            11B282  USB.eeb1
            62E1            11B2C1  USB.eeb2
            6300            11B2E0  USB.ehciEnumCommonEp
            6318            11B2F8  USB.eeb3
            6337            11B317  USB.eeb4
            6341            11B321  USB.eeb5
            6360            11B340  USB.eeb6
            6382            11B362  USB.eeb7
            63A0            11B380  USB.eeb8
            63B8            11B398  USB.eeb9
            63BB            11B39B  USB.eeb10
            63D3            11B3B3  USB.eeb11
            63E7            11B3C7  USB.ehciedexit
            63F4            11B3D4  USB.ehciedbad
            63F4            11B3D4  USB.ehciedbadnoport
            63FF            11B3DF  USB.ehciedbadnotimeout
            6411            11B3F1  USB.ehcibadremtables
            641D            11B3FD  USB.ehciAddDeviceToTables
            644A            11B42A  USB.eadtt0
            6460            11B440  USB.eadtt1
            6485            11B465  USB.eadttmsd
            6494            11B474  USB.eadttmsd0
            64AA            11B48A  USB.eadttmsd1
            64BC            11B49C  USB.eadttmsd11
            64DD            11B4BD  USB.eadttmsd2
            6514            11B4F4  USB.eadttmsd21
            652F            11B50F  USB.eadttmsd3
            6549            11B529  USB.eadtthub
            6559            11B539  USB.eadtthub0
            656B            11B54B  USB.eadtthub1
            6588            11B568  USB.eadttpass
            658C            11B56C  USB.eadttexit
            6593            11B573  USB.eadttbad
            659A            11B57A  USB.ehciRemoveDevFromTables
            65A9            11B589  USB.erdft0
            65B6            11B596  USB.erdft1
            65CC            11B5AC  USB.erdft11
            660E            11B5EE  USB.erdft2
            6628            11B608  USB.erdftexit
            662C            11B60C  USB.erdftbad
            662F            11B60F  USB.ehciGiveValidAddress
            6635            11B615  USB.egva0
            6647            11B627  USB.egva1
            6652            11B632  USB.egvaexit
            6655            11B635  USB.ehciFindValidInterface
            6670            11B650  USB.ecvi0
            669E            11B67E  USB.ecviif
            66A5            11B685  USB.ecviexit
            66AA            11B68A  USB.ecvifail
            66B1            11B691  USB.ecvibadif
            66C0            11B6A0  USB.ecvibadif1
            66CD            11B6AD  USB.ehciCheckHubIf
            66E7            11B6C7  USB.ecdhexit
            66E9            11B6C9  USB.ecdhfail
            66EC            11B6CC  USB.ehciCheckMsdIf
            6701            11B6E1  USB.ecdmprot
            6707            11B6E7  USB.ecdmprotUAF
            6707            11B6E7  USB.ecdmpass
            6708            11B6E8  USB.ecdmexit
            670C            11B6EC  USB.ecdmfail
            670F            11B6EF  USB.ehciGetDevicePtr
            6721            11B701  USB.egdp0
            6734            11B714  USB.egdp1
            6765            11B745  USB.egdp2
            6774            11B754  USB.egdp3
            6775            11B755  USB.egdpexit
            6779            11B759  USB.egdpfail
            677F            11B75F  USB.ehciProbeQhead
            6783            11B763  USB.ehciStandardErrorHandler
            67E5            11B7C5  USB.esehexit
            67EE            11B7CE  USB.ehciClearEpStallHalt
            6805            11B7E5  USB.ehciWriteQHead
            682A            11B80A  USB.ehciWriteQHeadTD
            68A6            11B886  USB.ehciDevSetupHub
            68AD            11B88D  USB.edshub
            68C0            11B8A0  USB.edshub1
            68CA            11B8AA  USB.edshub11
            68E4            11B8C4  USB.edshub13
            68EA            11B8CA  USB.edshub2
            68F0            11B8D0  USB.ehciDeviceSetupMsd
            68F7            11B8D7  USB.edsmsd
            6901            11B8E1  USB.edsm1
            692C            11B90C  USB.edsms2
            692F            11B90F  USB.edsms3
            694F            11B92F  USB.edsms4
            695C            11B93C  USB.edsms5
            6983            11B963  USB.edsms6
            698D            11B96D  USB.edsexit
            6992            11B972  USB.edsfail
            699A            11B97A  USB.ehciEnumerateHubPort
            69AD            11B98D  USB.eehdeinit
            69B9            11B999  USB.eehde0
            69D8            11B9B8  USB.eehde1
            69E5            11B9C5  USB.eehde2
            6A03            11B9E3  USB.eehde3
            6A06            11B9E6  USB.eehde31
            6A24            11BA04  USB.eehde4
            6A37            11BA17  USB.eehde41
            6A52            11BA32  USB.eehde5
            6A70            11BA50  USB.eehde6
            6AB4            11BA94  USB.eehde7
            6AD2            11BAB2  USB.eehde10
            6AED            11BACD  USB.eehde101
            6AFA            11BADA  USB.eehde11
            6B24            11BB04  USB.eehde12
            6B2D            11BB0D  USB.eehde13
            6B68            11BB48  USB.eehdebad
            6B68            11BB48  USB.eehdebadnoport
            6B6D            11BB4D  USB.eehdebadnotimeout
            6B72            11BB52  USB.eehdebadremtables
            6B77            11BB57  USB.eehdecritical
            6B7C            11BB5C  USB.eehdereset
            6BA0            11BB80  USB.eehder1
            6BD2            11BBB2  USB.eehder2
            6BEA            11BBCA  USB.eehcritexit
            6BEB            11BBCB  USB.ehciHubClassDescriptor
            6C2B            11BC0B  USB.ehcdexit
            6C2F            11BC0F  USB.ehcdfail
            6C35            11BC15  USB.ehciMsdInitialise
            6C57            11BC37  USB.emi0
            6C89            11BC69  USB.ehciMsdInitExit
            6C8B            11BC6B  USB.ehciMsdInitFail
            6C9F            11BC7F  USB.ehciMsdInitialisePfail
            6CA8            11BC88  USB.emipf0
            6CC3            11BCA3  USB.ehciMsdDeviceReset
            6CED            11BCCD  USB.ehciMsdGetMaxLun
            6D17            11BCF7  USB.ehciMsdBOTResetRecovery
            6D45            11BD25  USB.embrrexit
            6D49            11BD29  USB.ehciMsdBOTCheckValidCSW
            6D96            11BD76  USB.ehciMsdBOTCheckMeaningfulCSW
            6DC6            11BDA6  USB.embcmcResidueCheck
            6DF4            11BDD4  USB.embcmcExit
            6DF7            11BDD7  USB.ehciMsdBOTCheckTransaction
            6E09            11BDE9  USB.embhiehcswmeaningful
            6E14            11BDF4  USB.embhiehexit
            6E15            11BDF5  USB.ehciMsdBOTOO64I
            6E15            11BDF5  USB.ehciMsdBOTOI64I
            6E1E            11BDFE  USB.ehciMsdBOTOOI
            6EEA            11BECA  USB.ehciMsdBOTOII
            6F93            11BF73  USB.emboiicommonep
            6FC9            11BFA9  USB.emboexit
            6FD6            11BFB6  USB.ehciMsdBOTOI
            7073            11C053  USB.emboiexit
            707E            11C05E  USB.ehciMsdWriteOutQHead
            70BD            11C09D  USB.ehciMsdWriteInQHead
            70FC            11C0DC  USB.ehciMsdBOTRequest
            713B            11C11B  USB.ehciMsdBOTInquiry
            7188            11C168  USB.ehciMsdBOTReadFormatCapacities
            71D9            11C1B9  USB.ehciMsdBOTReadCapacity10
            722A            11C20A  USB.ehciMsdBOTFormatUnit
            7265            11C245  USB.embfu0
            7287            11C267  USB.embfuexit
            7291            11C271  USB.embfuerror
            7294            11C274  USB.ehciMsdBOTVerify
            72D4            11C2B4  USB.embvexit
            72E0            11C2C0  USB.embvbad
            72E3            11C2C3  USB.ehciMsdBOTRequestSense
            7334            11C314  USB.ehciMsdBOTTestReady
            736B            11C34B  USB.ehciMsdBOTModeSense6
            73BC            11C39C  USB.ehciMsdBOTOutSector512
            73FC            11C3DC  USB.embosexit
            7404            11C3E4  USB.emboseerror
            7407            11C3E7  USB.ehciMsdBOTInSector512
            743F            11C41F  USB.ehciMsdBOTSector512
            7490            11C470  USB.msdWriteCBW
            74C1            11C4A1  USB.scsiInquiry
            74DC            11C4BC  USB.scsiWrite10
            74E0            11C4C0  USB.scsiRead10
            74E2            11C4C2  USB.scsirw
            7503            11C4E3  USB.scsiRequestSense
            7516            11C4F6  USB.scsiTestUnitReady
            7520            11C500  USB.scsiReadFormatCapacities
            7530            11C510  USB.scsiReadCap10
            753A            11C51A  USB.scsiFormatUnit
            754F            11C52F  USB.scsiVerify
            7570            11C550  USB.scsiModeSense6
            7580            11C560  USB.ehciGetOpBase
            7599            11C579  USB.egob1
            759B            11C57B  i0
            75A3            11C583  i1
            75B2            11C592  i2
            75C1            11C5A1  i3
            75D0            11C5B0  i4
            75DF            11C5BF  i5
            75EE            11C5CE  i6
            75FD            11C5DD  i7
            760C            11C5EC  i8
            761B            11C5FB  i9
            762A            11C60A  i10
            7639            11C619  i11
            7648            11C628  i12
            7657            11C637  i13
            7663            11C643  i14
            766F            11C64F  i15
            767B            11C65B  i16
            7687            11C667  i17
            7693            11C673  i18
            769F            11C67F  i19
            76AB            11C68B  i20
            76B7            11C697  i21
            76C1            11C6A1  cpu_4args
            76CD            11C6AD  cpu_3args
            76D9            11C6B9  cpu_2args
            76E3            11C6C3  cpu_exception
            7771            11C751  cpu_exception.cpurollprint
            7777            11C757  cpu_exception.cpurollprint1
            7788            11C768  cpu_exception.cpuexendloop
            77A0            11C780  cpu_exception.cpu_exception_appret
            77AB            11C78B  cpu_exception.cpuextendederror
            77B2            11C792  cpu_exception.pr1
            77ED            11C7CD  cpu_exception.pr2
            7823            11C803  cpu_exception.char
            7833            11C813  cpu_exception.printbyte
            7850            11C830  cpu_exception.fatalt0
            7858            11C838  cpu_exception.fatal1
            7999            11C979  cpu_exception.fatal2
            799D            11C97D  cpu_exception.ascii
            79AD            11C98D  dummy_interrupt
            79AD            11C98D  dummy_interrupt.pic2
            79B4            11C994  dummy_interrupt.pic1
            79B5            11C995  dummy_interrupt.p1
            79BA            11C99A  dummy_return_64
            79BC            11C99C  signature
            79C8            11C9A8  signature2
            79EA            11C9CA  codeResidentEndPtr

---- Section BIOSTables -------------------------------------------------------

Real              Virtual           Name
          110000            110000  BIOSIDTable
          111000            111000  BIOSPageTbl
          117000            117000  BIOSGDTable

---- Section data -------------------------------------------------------------

Real              Virtual           Name
          117020            117020  IDTlength
          117022            117022  IDTpointer
          117022            117022  IDTpointer.Limit
          117024            117024  IDTpointer.Base
          11702C            11702C  GDTlength
          11702E            11702E  GDTpointer
          11702E            11702E  GDTpointer.Limit
          117030            117030  GDTpointer.Base
          117038            117038  pageTablePtr
          117040            117040  spurint1
          117041            117041  spurint2
          117042            117042  kb_buffer
          117062            117062  kb_buf_head
          11706A            11706A  kb_buf_tail
          117072            117072  kb_buf_start
          11707A            11707A  kb_buf_end
          117082            117082  kb_flags
          117083            117083  kb_flags_1
          117084            117084  kb_flags_2
          117085            117085  break_flag
          117086            117086  numCOM
          117087            117087  com_addresses
          11708F            11708F  comX_buffer
          11708F            11708F  com1_buffer
          11709F            11709F  com2_buffer
          1170AF            1170AF  com3_buffer
          1170BF            1170BF  com4_buffer
          1170CF            1170CF  comX_buf_head
          1170CF            1170CF  com1_buf_head
          1170D7            1170D7  com2_buf_head
          1170DF            1170DF  com3_buf_head
          1170E7            1170E7  com4_buf_head
          1170EF            1170EF  comX_buf_tail
          1170EF            1170EF  com1_buf_tail
          1170F7            1170F7  com2_buf_tail
          1170FF            1170FF  com3_buf_tail
          117107            117107  com4_buf_tail
          11710F            11710F  comX_buf_start
          11710F            11710F  com1_buf_start
          117117            117117  com2_buf_start
          11711F            11711F  com3_buf_start
          117127            117127  com4_buf_start
          11712F            11712F  comX_buf_end
          11712F            11712F  com1_buf_end
          117137            117137  com2_buf_end
          11713F            11713F  com3_buf_end
          117147            117147  com4_buf_end
          11714F            11714F  prt_addresses
          117155            117155  pit_divisor
          117157            117157  pit_ticks
          11715B            11715B  rtc_ticks
          117163            117163  scr_curs_pos
          117173            117173  scr_cols
          117174            117174  scr_rows
          117175            117175  scr_curs_shape
          117177            117177  scr_char_attr
          117178            117178  scr_mode
          117179            117179  scr_active_page
          11717A            11717A  scr_crtc_base
          11717C            11717C  scr_page_addr
          117180            117180  scr_mode_params
          117188            117188  scr_vga_ptrs
          1171C8            1171C8  i33Devices
          1171C9            1171C9  msdStatus
          1171CA            1171CA  fdiskNum
          1171CB            1171CB  ata0CmdByte
          1171CC            1171CC  ata0Status
          1171CD            1171CD  ata1CmdByte
          1171CE            1171CE  ata1Status
          1171CF            1171CF  diskDptPtr
          1171D7            1171D7  fdiskDptPtr
          1171DF            1171DF  nextFilePtr
          1171E7            1171E7  numSectors
          1171E9            1171E9  MachineWord
          1171EB            1171EB  convRAM
          1171ED            1171ED  userBase
          1171F5            1171F5  bigmapSize
          1171F6            1171F6  srData
          1171FE            1171FE  srData1
          117200            117200  sysMem
          117208            117208  scpSize
          11720C            11720C  mcpUserBase
          117214            117214  mcpUserRip
          11721C            11721C  mcpUserkeybf
          117224            117224  mcpUserRaxStore
          11722C            11722C  mcpStackPtr
          117234            117234  eControllers
          117235            117235  eControllerList
          117255            117255  usbDevices
          117256            117256  eHCErrorHandler
          11725E            11725E  eCurrAsyncHead
          117266            117266  eNewBus
          117267            117267  eActiveCtrlr
          117268            117268  eActiveInt
          117269            117269  eAsyncMutex
          11726A            11726A  cbwTag
          11726B            11726B  numMSD
          11726C            11726C  usbDevTbl
          11728A            11728A  usbDevTblEnd
          11728A            11728A  hubDevTbl
          1172DA            1172DA  hubDevTblEnd
          1172DA            1172DA  msdDevTbl
          11737A            11737A  msdDevTblEnd
          11737A            11737A  ideNumberOfControllers
          11737B            11737B  ideControllerTable
          11739B            11739B  fdiskTable
          1173F3            1173F3  diskDevices

---- Section MCPseg -----------------------------------------------------------

Real              Virtual           Name
          11D1CA            11D1CA  MCPsegEnd

---- Section xdata ------------------------------------------------------------

Real              Virtual           Name
          11D200            11D200  ehciAschedule
          11D200            11D200  ehciQHead0
          11D280            11D280  ehciQHead1
          11D300            11D300  ehciTDSpace
          11D580            11D580  ehciDataOut
          11D5C0            11D5C0  sectorbuffer
          11D5C0            11D5C0  ehciDataIn
          11D7C0            11D7C0  msdCSW
          11D7E0            11D7E0  prdt
          11D7F0            11D7F0  bigmapptr

---- Section SysInitParams ----------------------------------------------------

Real              Virtual           Name
             600               600  SysInitTable
             600               600  SysInitTable.numSecW
             602               602  SysInitTable.FileLBA
             60A               60A  loMachineWord

---- Section lowStack ---------------------------------------------------------

Real              Virtual           Name
             800               800  lowStackPtr

