
- NASM Map file ---------------------------------------------------------------

Source file:  scpbios.asm
Output file:  ./Binaries/scpbios.bin

-- Program origin -------------------------------------------------------------

00000800

-- Sections (summary) ---------------------------------------------------------

Vstart            Start             Stop              Length    Class     Name
             800               800               800  00000000  progbits  .text
             800               800              2450  00001C50  progbits  codeInit
          117487              2450              75ED  0000519D  progbits  codeResident
          110000            110000            117020  00007020  nobits    BIOSTables
          117020            117020            117487  00000467  nobits    data
          11C624            11C624            11CE24  00000800  nobits    MCPseg
          11CE40            11CE40            11D430  000005F0  nobits    xdata
             600               600               60C  0000000C  nobits    SysInitParams
             700               700               800  00000100  nobits    lowStack

-- Sections (detailed) --------------------------------------------------------

---- Section .text ------------------------------------------------------------

class:     progbits
length:                   0
start:                  800
align:     not defined
follows:   not defined
vstart:                 800
valign:    not defined
vfollows:  not defined

---- Section codeInit ---------------------------------------------------------

class:     progbits
length:                1C50
start:                  800
align:                    4
follows:   not defined
vstart:                 800
valign:    not defined
vfollows:  not defined

---- Section codeResident -----------------------------------------------------

class:     progbits
length:                519D
start:                 2450
align:                    1
follows:   codeInit
vstart:              117487
valign:                   1
vfollows:  data

---- Section BIOSTables -------------------------------------------------------

class:     nobits
length:                7020
start:               110000
align:                    1
follows:   not defined
vstart:              110000
valign:                   1
vfollows:  not defined

---- Section data -------------------------------------------------------------

class:     nobits
length:                 467
start:               117020
align:                    1
follows:   not defined
vstart:              117020
valign:                   1
vfollows:  BIOSTables

---- Section MCPseg -----------------------------------------------------------

class:     nobits
length:                 800
start:               11C624
align:                    1
follows:   not defined
vstart:              11C624
valign:                   1
vfollows:  codeResident

---- Section xdata ------------------------------------------------------------

class:     nobits
length:                 5F0
start:               11CE40
align:                   40
follows:   not defined
vstart:              11CE40
valign:                  40
vfollows:  MCPseg

---- Section SysInitParams ----------------------------------------------------

class:     nobits
length:                   C
start:                  600
align:     not defined
follows:   not defined
vstart:                 600
valign:    not defined
vfollows:  not defined

---- Section lowStack ---------------------------------------------------------

class:     nobits
length:                 100
start:                  700
align:     not defined
follows:   not defined
vstart:                 700
valign:    not defined
vfollows:  not defined

-- Symbols --------------------------------------------------------------------

---- No Section ---------------------------------------------------------------

Value     Name
00000003  permissionflags
00000008  codedescriptor
00110000  BIOSStartAddr
00000800  BIOSInitAddr
00001000  e820Seg
00000000  e820SizeOff
00000002  e820BaseOff
00010000  e820SizeAddr
00000020  pic1command
000000A0  pic2command
00000021  pic1data
000000A1  pic2data
00000064  ps2command
00000064  ps2status
00000060  ps2data
000003F8  com1_base
000002F8  com2_base
000003E8  com3_base
000002E8  com4_base
00000040  PITbase
00000040  PIT0
00000041  PIT1
00000042  PIT2
00000043  PITcommand
00000070  cmos_base
00000071  cmos_data
00000001  kb_flag_rshift
00000002  kb_flag_lshift
00000004  kb_flag_ctrl
00000008  kb_flag_alt
00000010  kb_flag_scrlset
00000020  kb_flag_numset
00000040  kb_flag_capsset
00000080  kb_flag_insset
00000001  kb_flag2_e1
00000002  kb_flag2_e0
000003D4  vga_index
000003D5  vga_data
000003B4  vga_aindex
000003B5  vga_adata
000A0000  vga_bpage0
000B0000  vga_bpage1
000B8000  vga_bpage2
00000CF8  pci_index
00000CFC  pci_data
0000000C  usb_class
00000003  usb_subclass
00000000  uhci_interface
00000010  uhcimask
00000010  ohci_interface
00000020  ohcimask
00000020  ehci_interface
00000040  ehcimask
00000030  xhci_interface
00000080  xhcimask
0000E000  lousbtablesize
0000E002  lousbtablebase
000000C8  debounceperiod
00000000  ehcicaplength
00000002  ehciversion
00000004  ehcistrucparams
00000008  ehcihccparams
0000000C  ehciportroute
00000000  ehcicmd
00000004  ehcists
00000008  ehciintr
0000000C  ehcifrindex
00000010  ehcictrlseg
00000014  ehciperiodbase
00000018  ehciasyncaddr
00000040  ehciconfigflag
00000044  ehciportsc
000000FF  setupReset
000000FE  setupGetMaxLUN
43425355  CBWSig
53425355  CSWSig
00000000  CBWFlagOut
00000080  CBWFlagIn
00000000  bCSWPassed
00000001  bCSWFailed
00000002  bCSWPhase
00000010  msdDevTblEntrySize
00000008  hubDevTblEntrySize
00000003  usbDevTblEntrySize
0000000A  usbMaxDevices
00000060  ehciSizeOfQH
00000040  ehciSizeOfTD
000001F0  ata0_base
000003F6  ata0_ctrl
00000170  ata1_base
00000376  ata1_ctrl
00000001  msd_class
00000001  ide_subclass
00000006  sata_subclass
00000010  ideTableEntrySize
000003F0  fdd_base
00000000  fdiskEntry
00000000  fdiskEntry.signature
00000001  fdiskEntry.wHeads
00000003  fdiskEntry.wCylinder
00000005  fdiskEntry.wSecTrc
00000007  fdiskEntry.lbaMax
0000000B  fdiskEntry.lbaMax48
00000013  fdiskEntry_size
00000001  fdePresent
00000002  fdeLBA28
00000004  fdeLBA48
0000006C  idCurrCyl
0000006E  idCurrHed
00000070  idCurrSecTk
00000078  idLBASectrs
000000C8  idLBA48Sec
00000010  int33TblEntrySize
00000061  port61h
00000020  EOI
00000080  waitp
000000E9  bochsout
000000CC  BREAKPOINT
00000800  sizeOfMCPAlloc
0000000A  usbDevTblE
0000000A  hubDevTblE
0000000A  msdDevTblE
0000000A  diskDevicesE
00000000  GDT.Null
00000008  GDT.Code
00000010  GDT.Data
00000031  failmsglen
00000200  IDT_TABLE_Length
00001C50  seg0len
000000A0  scr_io_table_length
00000013  MCP_int.asciil
00000013  MCP_int.lstl
0000519D  residentLength


---- Section codeInit ---------------------------------------------------------

Real              Virtual           Name
             800               800  realInit
             835               835  realInit.a20Proc
             839               839  realInit.a20FastEnable
             84A               84A  realInit.no92
             84F               84F  realInit.a20KeybEnable
             885               885  realInit.a20wait
             88C               88C  realInit.a20wait2
             893               893  realInit.a20Check
             8AF               8AF  realInit.a20Pass
             8B9               8B9  realInit.a20Fail
             8CA               8CA  realInit.a20Exit
             8E8               8E8  realInit.extCheck
             8F8               8F8  realInit.noa20
             8FA               8FA  realInit.noCPUID
             900               900  realInit.fail
             919               919  realInit.write
             927               927  realInit.return
             928               928  realInit.msg
             934               934  tellBIOS
             943               943  rmE820Map
             985               985  rmE820Map.map0
             9A4               9A4  rmE820Map.map1
             9B2               9B2  rmE820Map.map2
             9C3               9C3  rmE820Map.map3
             9CA               9CA  rmE820Map.mapfail
             9CA               9CA  rmE820Map.mapexit
             9E4               9E4  rmE820Map.mem2write
             9F0               9F0  rmE820Map.badmem2
             9FB               9FB  rmE820Map.mem3test
             A12               A12  rmE820Map.finalmemtest
             A19               A19  rmGetFontPointers
             A1B               A1B  rmGetFontPointers.gfp1
             A44               A44  rmSetTables
             A61               A61  rmUtables
             A75               A75  rmPDTentries
             ABF               ABF  GDT
             ADA               ADA  GDT.Pointer
             ADC               ADC  GDT.Base
             AE4               AE4  longmode_ep
             D06               D06  Relocate
             D41               D41  Relocate.move820_0
             D55               D55  Relocate.mv0
             D96               D96  Relocate.readSystemSize
             DB5               DB5  Relocate.rss1
             DBF               DBF  Relocate.rss2
             DD2               DD2  Relocate.addEntry
             DE2               DE2  Relocate.ae0
             E27               E27  Relocate.ae1
             E37               E37  Relocate.ae2
             EC6               EC6  Relocate.altRAM
             F30               F30  Ptablefinal
             F5F               F5F  Ptablefinal.utables
             FA7               FA7  idtFillDummy
             FC7               FC7  idtLoop
            1046              1046  PICremap
            1088              1088  pci_scan
            1095              1095  pci_scan.u1
            10E8              10E8  pci_scan.u11
            10FB              10FB  pci_scan.sataPCIEnum
            1115              1115  pci_scan.spemsg
            1132              1132  pci_scan.idePCIEnum
            1180              1180  pci_scan.ipeWriteTable
            11AD              11AD  pci_scan.ipemsg
            11D0              11D0  pci_scan.ipemsg2
            11FF              11FF  pci_scan.uhci_found
            1221              1221  pci_scan.uhci_succ
            1241              1241  pci_scan.ohci_found
            124B              124B  pci_scan.ehci_found
            126A              126A  pci_scan.ehci_succ
            128A              128A  pci_scan.xhci_succ
            12AA              12AA  pci_scan.xhci_found
            12C7              12C7  pci_scan.controlController
            1336              1336  pci_scan.cc0
            137A              137A  pci_scan.cc1
            13D6              13D6  pci_scan.controlUHCI
            141E              141E  pci_scan.cu0
            1423              1423  pci_scan.cu1
            1445              1445  pci_scan.controlxHCI
            1454              1454  pci_scan.suohoc0
            1464              1464  pci_scan.suohoc1
            147E              147E  pci_scan.suohoc2
            1490              1490  pci_scan.suohoc21
            1491              1491  pci_scan.suohoc3
            149F              149F  pci_scan.controlEHCI
            14BA              14BA  pci_scan.ce0
            14D5              14D5  pci_scan.ehcieecpsetup
            14FD              14FD  pci_scan.ees1
            151A              151A  pci_scan.ees2
            154B              154B  pci_scan.weirdEHCI1
            1578              1578  pci_scan.failmsg
            15A9              15A9  pciExit
            15A9              15A9  PITreset
            15BB              15BB  rtc_init
            1620              1620  checkCOM
            1649              1649  COMinitproceed
            1652              1652  serialinit
            169D              169D  COMinitexit
            16A3              16A3  keybsetup
            16CF              16CF  keybsetup.kbscdetermine
            16DF              16DF  keybsetup.pt1
            16F5              16F5  keybsetup.step1
            170D              170D  keyb0
            17AC              17AC  keyb1
            17BC              17BC  keyb1.k1
            17CE              17CE  keyb20
            17D8              17D8  keyb2
            17E0              17E0  keyb2.k0
            17FD              17FD  keyb2.k1
            180D              180D  keyb30
            1817              1817  keyb3
            1827              1827  keyb3.k1
            1837              1837  keyb40
            183F              183F  keyb4
            184F              184F  keyb4.k1
            1863              1863  keyb5
            186C              186C  keyb5.k1
            188B              188B  keyb5.noecho
            189E              189E  keyb5.k2
            18A6              18A6  keyb6
            18B7              18B7  keyb6.k1
            18D1              18D1  scancode_faff
            18DC              18DC  scancode_faff.p1
            1900              1900  scancode_faff.writeback
            1913              1913  scancode_faff.get_next_byte
            191A              191A  keybflushe
            191E              191E  keybflush
            1922              1922  keybflush.kbf1
            192B              192B  keybinitend
            193F              193F  keybinitend.kbe0
            1972              1972  ps2talk
            1983              1983  ps2talk.p0
            1986              1986  ps2talk.p1
            1993              1993  ps2talk.p2
            199B              199B  ps2talk.p3
            19A3              19A3  ps2error
            19B5              19B5  ps2error.loop
            19B9              19B9  ps2error.ps2errormsg
            19D6              19D6  ps2stage
            19E0              19E0  ps2stage.startMsg
            1A0F              1A0F  ps2stage.okMsg
            1A12              1A12  endPS2Init
            1A12              1A12  debuggerInit
            1A34              1A34  IDE
            1A34              1A34  IDE.ideInitialisation
            1A63              1A63  IDE.ii0
            1A77              1A77  IDE.ii1
            1A82              1A82  IDE.ii2
            1AA0              1AA0  IDE.ii3
            1AB4              1AB4  IDE.ii4
            1ABF              1ABF  IDE.ii5
            1AEE              1AEE  IDE.identifyDrive
            1B4E              1B4E  IDE.id0
            1B62              1B62  IDE.id1
            1B87              1B87  IDE.id2
            1BC8              1BC8  IDE.id3
            1BE1              1BE1  IDE.idDeviceOK
            1BEB              1BEB  IDE.idExit
            1BEE              1BEE  IDE.addControllerTable
            1C16              1C16  IDE.act0
            1C1F              1C1F  IDE.actexit
            1C21              1C21  IDE.actfail
            1C24              1C24  IDE.ideInitEnd
            1C24              1C24  hciParse
            1C3F              1C3F  hciParse.hcip1
            1C5F              1C5F  hciParse.hcip2
            1C81              1C81  hciParse.pr0
            1CB3              1CB3  hciParse.pr1
            1CBF              1CBF  hciParse.pr11
            1CD9              1CD9  hciParse.pr2
            1CF6              1CF6  hciParse.echiInitMsg
            1D1F              1D1F  hciParse.noEHCI
            1D24              1D24  hciParse.exit
            1D24              1D24  remDevInit
            1D37              1D37  remDevInit.hubs_init
            1D41              1D41  remDevInit.redi1
            1D5D              1D5D  remDevInit.hubnextentry
            1D6D              1D6D  remDevInit.hub_rescan
            1D77              1D77  remDevInit.msds_init
            1DA7              1DA7  remDevInit.msd1
            1DBB              1DBB  remDevInit.msdNextEntry
            1DCB              1DCB  remDevInit.rediexit
            1DE0              1DE0  remDevInit.rmhmsg
            1DFC              1DFC  remDevInit.ok
            1E00              1E00  remDevInit.msdmsg
            1E1E              1E1E  remDevInit.exit
            1E1E              1E1E  int33hinit
            1E32              1E32  int33hinit.i33i1
            1E5D              1E5D  int33hinit.i33proceed
            1E72              1E72  int33hinit.i33ibad
            1E83              1E83  int33hinit.i33iend
            1E9F              1E9F  end
            1F21              1F21  endNoDevFound
            1F8A              1F8A  startboot
            1FA0              1FA0  endboot
            2010              2010  endboot2
            2030              2030  dbgmsg
            2046              2046  dbgmsg2
            205A              205A  dbgmsg3
            2068              2068  dbgmsg4
            207E              207E  memprint
            20DD              20DD  memprint.sense1
            2104              2104  memprint.pt2
            2117              2117  memprint.sense2
            2142              2142  memprint.pt3
            2191              2191  memprint.printdecimalword
            21A6              21A6  memprint.pdw0
            21BC              21BC  memprint.pdw1
            21C3              21C3  memprint.pdw2
            21D7              21D7  memprint.convmemmsg
            21F4              21F4  memprint.extmemmsg
            2212              2212  memprint.extmemmsg2
            2231              2231  memprint.totalmem
            224E              224E  memprint.kb
            2250              2250  IDT_TABLE
            2250              2250  CPU_IDT
            2350              2350  HW_IDT
            23D0              23D0  SW_IDT

---- Section codeResident -----------------------------------------------------

Real              Virtual           Name
            2450            117487  e820print
            2468            11749F  e820print.e0
            249C            1174D3  e820print.printqword
            24AC            1174E3  e820print.pq1
            24B9            1174F0  e820print.printpipe
            24CC            117503  e820print.pipestr
            24D0            117507  e820print.printcrlf
            24E3            11751A  e820print.crlfstr
            24E6            11751D  beep
            2506            11753D  ps2wait
            2507            11753E  ps2wait.wnok
            2515            11754C  ps2wait.wok
            251B            117552  idtWriteEntry
            2547            11757E  cls
            255F            117596  timer_IRQ0
            2594            1175CB  timer_IRQ0.tret
            259F            1175D6  kb_IRQ1
            25A7            1175DE  kb_IRQ1.k0
            2600            117637  kb_IRQ1.kb_store_in_buffer
            2625            11765C  kb_IRQ1.kb1_exit
            262E            117665  kb_IRQ1.kb1_exit_e0
            2638            11766F  kb_IRQ1.special_keys
            264B            117682  kb_IRQ1.pause
            265E            117695  kb_IRQ1.insert_released
            2662            117699  kb_IRQ1.alt_shift_released
            2666            11769D  kb_IRQ1.ctrl_shift_released
            266A            1176A1  kb_IRQ1.lshift_released
            266E            1176A5  kb_IRQ1.rshift_released
            2670            1176A7  kb_IRQ1.shift_release_common
            2679            1176B0  kb_IRQ1.kb_buf_full_beep
            2696            1176CD  kb_IRQ1.basickey
            26A2            1176D9  kb_IRQ1.kbbk1
            2702            117739  kb_IRQ1.keylookup
            2732            117769  kb_IRQ1.keyget
            2743            11777A  kb_IRQ1.addshiftvalue
            2754            11778B  kb_IRQ1.addctrlvalue
            275D            117794  kb_IRQ1.addaltvalue
            2766            11779D  kb_IRQ1.addnumvalue
            276F            1177A6  kb_IRQ1.addcapsvalue
            2778            1177AF  kb_IRQ1.addshiftcaps
            2781            1177B8  kb_IRQ1.addshiftnum
            278A            1177C1  kb_IRQ1.alt_shift_pressed
            278E            1177C5  kb_IRQ1.ctrl_shift_pressed
            2792            1177C9  kb_IRQ1.lshift_pressed
            2796            1177CD  kb_IRQ1.rshift_pressed
            2798            1177CF  kb_IRQ1.shift_pressed_common
            27A4            1177DB  kb_IRQ1.ins_toggle
            27A8            1177DF  kb_IRQ1.caps_lock
            27AC            1177E3  kb_IRQ1.num_lock
            27B0            1177E7  kb_IRQ1.scroll_lock
            27B2            1177E9  kb_IRQ1.lock_common
            27C3            1177FA  kb_IRQ1.e0special
            27D2            117809  kb_IRQ1.ctrl_break
            280A            117841  kb_IRQ1.ctrl_alt_del
            2823            11785A  kb_IRQ1.ctrl_alt_del_killPC
            282D            117864  kb_IRQ1.ctrl_alt_del_no_reset
            2833            11786A  kb_IRQ1.set_kb_lights
            2852            117889  kb_IRQ1.kb_error
            286E            1178A5  kb_IRQ1.kber1
            2872            1178A9  kb_IRQ1.kb_error_msg
            288F            1178C6  kb_IRQ1.kb_sc_ascii_lookup
            2E1F            117E56  ser_IRQ3
            2E31            117E68  ser_IRQ4
            2E41            117E78  ser_common
            2E46            117E7D  ser_common.si0
            2E65            117E9C  ser_common.si1
            2E72            117EA9  ser_common.si41
            2E82            117EB9  ser_common.si2
            2E98            117ECF  ser_common.si3
            2EB8            117EEF  ser_common.si4
            2ED1            117F08  ser_common.si5
            2EED            117F24  ser_common.siexit
            2EFA            117F31  fdd_IRQ6
            2F02            117F39  rtc_IRQ8
            2F14            117F4B  rtc_IRQ8.periodic
            2F1C            117F53  rtc_IRQ8.noPeriodic
            2F20            117F57  rtc_IRQ8.alarm
            2F22            117F59  rtc_IRQ8.exit
            2F35            117F6C  hdd_IRQ14
            2F45            117F7C  ehci_IRQ
            2F4C            117F83  ehci_IRQ.pic1
            2F51            117F88  ehci_IRQ.intr
            2F63            117F9A  ehci_IRQ.nonIRQmain
            2F92            117FC9  ehci_IRQ.usbignoreirq
            2F9A            117FD1  ehci_IRQ.exit
            2F9D            117FD4  ehci_IRQ.spur
            2F9F            117FD6  ehci_IRQ.s1
            2FB9            117FF0  ehci_IRQ.transactionError
            2FC3            117FFA  ehci_IRQ.nonIRQep
            2FC7            117FFE  default_IRQ7
            2FDF            118016  default_IRQ7.exit
            2FE3            11801A  default_IRQ7.e2
            2FE6            11801D  default_IRQ15
            2FF9            118030  default_IRQ15.spurcheck
            3012            118049  default_IRQ15.exit
            3014            11804B  default_IRQ15.e2
            3019            118050  scr_io_table
            30B9            1180F0  scr_io
            30DB            118112  scr_io.exitf
            30E3            11811A  scr_io.exit
            30E6            11811D  scr_io.change_mode
            30F5            11812C  scr_io.set_curs_shape
            3108            11813F  scr_io.set_curs_pos
            3128            11815F  scr_io.scpexit
            312C            118163  scr_io.get_curs_pos
            314C            118183  scr_io.write_register
            3173            1181AA  scr_io.wrchar
            3185            1181BC  scr_io.wrascii
            3195            1181CC  scr_io.select_page
            31A8            1181DF  scr_io.spbad
            31B7            1181EE  scr_io.sp1
            31BB            1181F2  scr_io.spmain
            3203            11823A  scr_io.spm1
            320A            118241  scr_io.spm2
            3236            11826D  scr_io.sp_vga
            323B            118272  scr_io.scroll_up
            3249            118280  scr_io.su0
            3252            118289  scr_io.su1
            3284            1182BB  scr_io.su2
            32C7            1182FE  scr_io.suexit
            32CF            118306  scr_io.sblank
            32E5            11831C  scr_io.sbl0
            32F9            118330  scr_io.scroll_down
            3307            11833E  scr_io.sd0
            3311            118348  scr_io.sd1
            3340            118377  scr_io.sd2
            3383            1183BA  scr_io.sdexit
            338B            1183C2  scr_io.read_att_char
            3399            1183D0  scr_io.rac1
            33BD            1183F4  scr_io.write_att_char
            33CB            118402  scr_io.wac1
            33FD            118434  scr_io.write_char
            340B            118442  scr_io.wc1
            3435            11846C  scr_io.wc2
            343E            118475  scr_io.wc3
            3445            11847C  scr_io.gset_col_palette
            3454            11848B  scr_io.gwritedot
            3463            11849A  scr_io.greaddot
            3472            1184A9  scr_io.write_tty
            349B            1184D2  scr_io.wttywrite
            34A9            1184E0  scr_io.wttycursorupdate
            34B4            1184EB  scr_io.wttycursorupdatego
            34B8            1184EF  scr_io.wttyexit
            34C1            1184F8  scr_io.wttycu0
            34CE            118505  scr_io.wttyscrollupone
            34F2            118529  scr_io.wttybspace
            3503            11853A  scr_io.wttybs1
            350A            118541  scr_io.wttylf
            3520            118557  scr_io.wttycr
            3527            11855E  scr_io.wttybell
            3540            118577  scr_io.get_mode
            355A            118591  scr_io.wsbad
            3569            1185A0  scr_io.write_string
            3577            1185AE  scr_io.ws
            3593            1185CA  scr_io.ws0
            35B9            1185F0  scr_io.ws1
            35E1            118618  scr_io.ws2
            35E5            11861C  scr_io.ws3
            35ED            118624  scr_io.wsexitupdate
            35FA            118631  scr_io.wsexit
            3604            11863B  scr_io.wsctrlchar
            361B            118652  scr_io.wszero
            361D            118654  scr_io.wsz1
            362D            118664  scr_io.wsz2
            3634            11866B  scr_io.gread
            3643            11867A  scr_io.gwrite
            3652            118689  scr_io.gscrollup
            3661            118698  scr_io.gscrolldown
            3670            1186A7  scr_io.write_crtc_word
            368F            1186C6  scr_io.get_page_base
            36B9            1186F0  scr_io.gpb0
            36C1            1186F8  scr_io.gpb1
            36C4            1186FB  scr_io.page_cursor_offset
            36D4            11870B  scr_io.offset_from_ax
            36F0            118727  scr_io.text_scroll_c1
            370B            118742  scr_io.cursor_proc
            372A            118761  scr_io.cp1
            3735            11876C  scr_io.cpwrite
            3743            11877A  machineWord_io
            377A            1187B1  convRAM_io
            379D            1187D4  disk_io
            383E            118875  disk_io.baddev
            3847            11887E  disk_io.bad
            384E            118885  disk_io.noDevInDrive
            385C            118893  disk_io.reset
            386D            1188A4  disk_io.rrexit
            387F            1188B6  disk_io.rrbad
            388F            1188C6  disk_io.statusreport
            38A1            1188D8  disk_io.srmain
            38F7            11892E  disk_io.srexit
            38FE            118935  disk_io.srexitbad2
            3902            118939  disk_io.srexitbad1
            3904            11893B  disk_io.srexitbad
            390E            118945  disk_io.readsectors
            392F            118966  disk_io.rsbad
            3936            11896D  disk_io.writesectors
            3957            11898E  disk_io.verify
            3978            1189AF  disk_io.format
            39B0            1189E7  disk_io.formatcommon
            39C8            1189FF  disk_io.f0
            39DA            118A11  disk_io.formatexit
            39F4            118A2B  disk_io.fbadBB
            39FC            118A33  disk_io.fbad
            39FF            118A36  disk_io.lbaread
            3A24            118A5B  disk_io.lbawrite
            3A49            118A80  disk_io.lbaverify
            3A6E            118AA5  disk_io.lbaformat
            3A9C            118AD3  disk_io.lbaCommon
            3AB2            118AE9  disk_io.formatLowLevel
            3AD4            118B0B  disk_io.lbareadparams
            3AFC            118B33  disk_io.sectorsEHCI
            3B0E            118B45  disk_io.seCommon
            3B1F            118B56  disk_io.se1
            3B36            118B6D  disk_io.se2
            3B3D            118B74  disk_io.sebadBB
            3B45            118B7C  disk_io.sebad
            3B48            118B7F  disk_io.i33ehciGetDevicePtr
            3B74            118BAB  disk_io.i33egdpbad
            3B76            118BAD  disk_io.convertCHSLBA
            3B97            118BCE  disk_io.deviceChanged
            3C1E            118C55  disk_io.dcNoError
            3C35            118C6C  disk_io.dcError
            3C42            118C79  disk_io.dcRetPop
            3C51            118C88  disk_io.dcRoot
            3C6D            118CA4  disk_io.busScan
            3CF9            118D30  disk_io.bsret
            3CFE            118D35  disk_io.bsexit
            3D06            118D3D  disk_io.bsErrorExit
            3D16            118D4D  disk_io.bsrExit06h
            3D23            118D5A  disk_io.bsClearPortChangeStatus
            3D5A            118D91  disk_io.bsRtNoDev
            3D65            118D9C  disk_io.bsRoot
            3DA8            118DDF  disk_io.bsCommonEP
            3DD3            118E0A  disk_io.bsr0
            3DE8            118E1F  disk_io.bsr1
            3E1B            118E52  disk_io.bsrFail
            3E2B            118E62  disk_io.deviceInit
            3E4F            118E86  disk_io.deviceInitReadCaps
            3E80            118EB7  disk_io.deviceInitWriteTableEntry
            3EA9            118EE0  disk_io.deviceInitExit
            3EAB            118EE2  disk_io.i33removeFromTable
            3EBF            118EF6  diskdpt
            3EBF            118EF6  diskdpt.fsb
            3EC0            118EF7  diskdpt.ssb
            3EC1            118EF8  diskdpt.tto
            3EC2            118EF9  diskdpt.bps
            3EC3            118EFA  diskdpt.spt
            3EC4            118EFB  diskdpt.gpl
            3EC5            118EFC  diskdpt.dtl
            3EC6            118EFD  diskdpt.glf
            3EC7            118EFE  diskdpt.fbf
            3EC8            118EFF  diskdpt.hst
            3EC9            118F00  diskdpt.mst
            3ECA            118F01  fdiskdpt
            3ECA            118F01  fdiskdpt.cyl
            3ECC            118F03  fdiskdpt.nhd
            3ECD            118F04  fdiskdpt.rwc
            3ECF            118F06  fdiskdpt.wpc
            3ED1            118F08  fdiskdpt.ecc
            3ED2            118F09  fdiskdpt.ctl
            3ED3            118F0A  fdiskdpt.sto
            3ED4            118F0B  fdiskdpt.fto
            3ED5            118F0C  fdiskdpt.tcd
            3ED6            118F0D  fdiskdpt.clz
            3ED8            118F0F  fdiskdpt.spt
            3ED9            118F10  fdiskdpt.res
            3EDA            118F11  fdisk_io
            3F14            118F4B  fdisk_io.bad
            3F1B            118F52  fdisk_io.fdiskReset
            3F2B            118F62  fdisk_io.fdiskStatus
            3F40            118F77  fdisk_io.fdiskReadCHS
            3F40            118F77  fdisk_io.fdiskWriteCHS
            3F40            118F77  fdisk_io.fdiskVerifyCHS
            3F40            118F77  fdisk_io.fdiskFormat
            3F40            118F77  fdisk_io.fdiskReadLBA
            3F40            118F77  fdisk_io.fdiskWriteLBA
            3F40            118F77  fdisk_io.fdiskVerifyLBA
            3F40            118F77  fdisk_io.fdiskFormatSector
            3F42            118F79  serial_baud_table
            3F5A            118F91  serial_abt
            3F62            118F99  serial_io
            3FAD            118FE4  serial_io.badin
            3FB3            118FEA  serial_io.sioexit
            3FC4            118FFB  serial_io.sbadexit1
            3FC8            118FFF  serial_io.sbadexit2
            3FCA            119001  serial_io.sbadcommon
            3FD2            119009  serial_io.userinit
            3FEF            119026  serial_io.ui1
            4003            11903A  serial_io.ui2
            400E            119045  serial_io.ui3
            4013            11904A  serial_io.transmit
            401E            119055  serial_io.t1
            4033            11906A  serial_io.t2
            4048            11907F  serial_io.recieve
            407D            1190B4  serial_io.r0
            408A            1190C1  serial_io.r1
            4091            1190C8  serial_io.rexit
            40A3            1190DA  serial_io.gsret
            40AE            1190E5  serial_io.getscratch
            40C7            1190FE  serial_io.extinit
            40C7            1190FE  serial_io.extstatus
            40C7            1190FE  serial_io.custombaud
            40D0            119107  misc_io
            4104            11913B  misc_io.badFunction
            4106            11913D  misc_io.badout
            410D            119144  misc_io.delay
            4151            119188  misc_io.loopdelay
            418E            1191C5  misc_io.return
            4190            1191C7  misc_io.memory16MB
            419A            1191D1  misc_io.miscDispatcher
            41AF            1191E6  misc_io.mdConnectDebugger
            420A            119241  misc_io.mdDisconnectDebugger
            4263            11929A  misc_io.mdDebugExit
            4269            1192A0  misc_io.mdBeeper
            4270            1192A7  misc_io.advSysMemDispatcher
            4285            1192BC  misc_io.retUserBase
            428F            1192C6  misc_io.memory64MB
            42B1            1192E8  misc_io.memoryBIOSseg
            42D1            119308  misc_io.fullMemoryMap
            42EE            119325  misc_io.sysDataTableDispatcher
            434F            119386  misc_io.sdtDT
            437E            1193B5  misc_io.sdtGet
            438D            1193C4  misc_io.sdtRegisterPage
            4397            1193CE  misc_io.sdtGetPagePtr
            43A1            1193D8  misc_io.sdtDataptr
            43AD            1193E4  misc_io.sdtReadIDTEntry
            43DE            119415  misc_io.sdtWriteIDTEntry
            43F6            11942D  misc_io.sdtNewDDP
            4400            119437  misc_io.sdtNewfDDP
            440A            119441  misc_io.sdtReadDDP
            4414            11944B  misc_io.sdtReadfDDP
            441E            119455  misc_io.sdtNewSysInit
            4430            119467  misc_io.sdtReadSysInit
            4442            119479  misc_io.ehciFunctionDispatcher
            4457            11948E  misc_io.ehciDispGetCritPtr
            4461            119498  misc_io.ehciDispSetCritPtr
            446B            1194A2  misc_io.ehciDispResetCtrlr
            446B            1194A2  misc_io.echiDispReEnumDevices
            4472            1194A9  kb_io
            4489            1194C0  kb_io.k0
            44B2            1194E9  kb_io.k1
            44D0            119507  kb_io.k2
            44D7            11950E  kb_io.kexit
            44DB            119512  kb_io.kb_ptr_adv
            44F3            11952A  kb_io.kbpa1
            44F4            11952B  printer_io
            44FD            119534  MCPjmptbl
            4595            1195CC  MCP_int
            45AE            1195E5  MCP_int.z11
            45C9            119600  MCP_int.z2
            45F5            11962C  MCP_int.prog_sel
            4601            119638  MCP_int.memoryMap
            4617            11964E  MCP_int.singleStepsEP
            464C            119683  MCP_int.debugEpHardware
            466C            1196A3  MCP_int.debugEp
            4686            1196BD  MCP_int.dep1
            46A1            1196D8  MCP_int.bad_command
            46BE            1196F5  MCP_int.bc1
            46C9            119700  MCP_int.connect
            46E6            11971D  MCP_int.connectString
            46FB            119732  MCP_int.disconnect
            4718            11974F  MCP_int.disconnectString
            4730            119767  MCP_int.version
            474C            119783  MCP_int.v1
            4757            11978E  MCP_int.v2
            4758            11978F  MCP_int.vstring
            4775            1197AC  MCP_int.debugRegs
            47CF            119806  MCP_int.xr11
            47EA            119821  MCP_int.xr1
            4829            119860  MCP_int.xr2
            4832            119869  MCP_int.xr3
            483B            119872  MCP_int.xr4
            4844            11987B  MCP_int.xr5
            4848            11987F  MCP_int.dumpDebugRegs
            4878            1198AF  MCP_int.ddr1
            4884            1198BB  MCP_int.ddr11
            48A3            1198DA  MCP_int.ddr2
            48A7            1198DE  MCP_int.ddr21
            48D4            11990B  MCP_int.dregcrlf
            48FA            119931  MCP_int.dregtbl
            4912            119949  MCP_int.xchangeReg
            4981            1199B8  MCP_int.xcr1
            49D5            119A0C  MCP_int.xcnoexit
            49D6            119A0D  MCP_int.xcipchange
            49DF            119A16  MCP_int.xcflags
            49EC            119A23  MCP_int.xcf1
            4A2A            119A61  MCP_int.inport
            4A7D            119AB4  MCP_int.outport
            4AE6            119B1D  MCP_int.hexCalc
            4B99            119BD0  MCP_int.hcprintquad
            4BA6            119BDD  MCP_int.hcpq1
            4BB6            119BED  MCP_int.dumpReg
            4BE0            119C17  MCP_int.dreg1
            4BF0            119C27  MCP_int.dreg11
            4C05            119C3C  MCP_int.dreg2
            4C1B            119C52  MCP_int.dreg21
            4C47            119C7E  MCP_int.drip0
            4C4A            119C81  MCP_int.drip1
            4C74            119CAB  MCP_int.drip2
            4CBF            119CF6  MCP_int.ssep0
            4D38            119D6F  MCP_int.drflagwrite
            4D3B            119D72  MCP_int.drflg1
            4D63            119D9A  MCP_int.drflg2
            4D72            119DA9  MCP_int.dregexit
            4D73            119DAA  MCP_int.dsegregwrite
            4D79            119DB0  MCP_int.dsegreg1
            4DAB            119DE2  MCP_int.regcrlf
            4DD1            119E08  MCP_int.regtbl
            4E27            119E5E  MCP_int.rflgs
            4E2E            119E65  MCP_int.ipstrg
            4E37            119E6E  MCP_int.dumpMemory
            4E83            119EBA  MCP_int.dmmain00
            4EE3            119F1A  MCP_int.dmmain01
            4EF3            119F2A  MCP_int.dmmain0
            4EF8            119F2F  MCP_int.dmmain1
            4F18            119F4F  MCP_int.dmmain2
            4F1D            119F54  MCP_int.dmmain21
            4F3F            119F76  MCP_int.dmmain3
            4F89            119FC0  MCP_int.dmbadexit
            4F9A            119FD1  MCP_int.dmexit
            4FA6            119FDD  MCP_int.dmnoargs
            4FB0            119FE7  MCP_int.dmnoargs1
            4FB4            119FEB  MCP_int.dmnoargscommon
            4FC3            119FFA  MCP_int.dmalign
            4FDC            11A013  MCP_int.dmal1
            4FE8            11A01F  MCP_int.dmhyphen1
            5000            11A037  MCP_int.dmcsaddrprint
            5018            11A04F  MCP_int.dmrollprint
            5027            11A05E  MCP_int.dmdot
            5029            11A060  MCP_int.dmbadargs
            5038            11A06F  MCP_int.editMemory
            50A8            11A0DF  MCP_int.jumpProc
            50F4            11A12B  MCP_int.singleStep
            5103            11A13A  MCP_int.proceedDefault
            5116            11A14D  MCP_int.storageRead
            511E            11A155  MCP_int.storageWrite
            5124            11A15B  MCP_int.storageCommon
            515A            11A191  MCP_int.sc0
            5190            11A1C7  MCP_int.storageExit
            519C            11A1D3  MCP_int.storageError
            51A8            11A1DF  MCP_int.restartMcp
            51AA            11A1E1  MCP_int.clearscreen
            51B6            11A1ED  MCP_int.storeMainRegisters
            5201            11A238  MCP_int.loadMainRegisters
            5258            11A28F  MCP_int.arg
            5269            11A2A0  MCP_int.a01
            526C            11A2A3  MCP_int.a1
            527F            11A2B6  MCP_int.a2
            5284            11A2BB  MCP_int.aexit
            5290            11A2C7  MCP_int.error
            52A7            11A2DE  MCP_int.emsg
            52B8            11A2EF  MCP_int.keyb
            52EB            11A322  MCP_int.k1
            5338            11A36F  MCP_int.kend
            5342            11A379  MCP_int.kb1
            5343            11A37A  MCP_int.kb2
            5359            11A390  MCP_int.print
            535E            11A395  MCP_int.ascii
            5371            11A3A8  MCP_int.lst
            5384            11A3BB  MCP_int.prompt
            5388            11A3BF  MCP_int.prompt2
            538A            11A3C1  MCP_int.crlf
            538D            11A3C4  bootstrapInt
            53A8            11A3DF  bootstrapInt.e0
            53D7            11A40E  bootstrapInt.e1
            53FE            11A435  bootstrapInt.efail
            540A            11A441  timerInt
            544E            11A485  timerInt.bad
            5455            11A48C  timerInt.exit
            5457            11A48E  timerInt.gett
            5476            11A4AD  timerInt.sett
            548A            11A4C1  timerInt.tiext
            5495            11A4CC  timerInt.getpitdiv
            549F            11A4D6  timerInt.setpitdiv
            54B8            11A4EF  timerInt.readRTCtime
            54BC            11A4F3  timerInt.rrt0
            54FC            11A533  timerInt.rrtbad
            5502            11A539  timerInt.setRTCtime
            5506            11A53D  timerInt.srt0
            5564            11A59B  timerInt.readRTCdate
            5568            11A59F  timerInt.rrd0
            5598            11A5CF  timerInt.setRTCdate
            559C            11A5D3  timerInt.srd0
            55F9            11A630  timerInt.setRTCalarm
            563C            11A673  timerInt.srabad
            5644            11A67B  timerInt.resetRTCalarm
            5661            11A698  timerInt.readRTC
            566A            11A6A1  timerInt.writeRTC
            5675            11A6AC  ctrlbreak_io
            5677            11A6AE  scr_params_io
            5683            11A6BA  disk_params_io
            5695            11A6CC  cga_ret_io
            56AD            11A6E4  ATA
            56AD            11A6E4  ATA.identifyDevice
            56CE            11A705  ATA.l2
            56E4            11A71B  ATA.l3
            56F5            11A72C  ATA.exitfail
            56F6            11A72D  ATA.exit
            56F9            11A730  ATA.selectDrive
            5725            11A75C  ATA.sd0
            575D            11A794  ATA.skipSelection
            5760            11A797  ATA.driveNotSelected
            5763            11A79A  ATA.driveSelectWait
            576F            11A7A6  ATA.dsw0
            5781            11A7B8  ATA.wait400ns
            5787            11A7BE  ATA.wns
            578C            11A7C3  ATA.getChannelBase
            57AE            11A7E5  ATA.resetChannel
            57EC            11A823  ATA.rcExit
            57EE            11A825  ATA.rcBad
            57F1            11A828  ATA.readCHS
            57F7            11A82E  ATA.writeCHS
            57FD            11A834  ATA.verifyCHS
            5803            11A83A  ATA.setupCHS
            5804            11A83B  ATA.readLBA
            580A            11A841  ATA.writeLBA
            5810            11A847  ATA.verifyLBA
            5816            11A84D  ATA.setupLBA
            5817            11A84E  ATA.readLBA48
            581D            11A854  ATA.writeLBA48
            5823            11A85A  ATA.verifyLBA48
            5829            11A860  ATA.setupLBA48
            582A            11A861  USB
            582A            11A861  USB.ehciCriticalErrorWrapper
            5831            11A868  USB.ehciCriticalErrorHandler
            5858            11A88F  USB.ecehmsg
            5865            11A89C  USB.setupEHCIcontroller
            5884            11A8BB  USB.secexit
            5888            11A8BF  USB.ehciResetControllerPort
            58CD            11A904  USB.erclp0
            58E1            11A918  USB.erclp1
            5911            11A948  USB.erclp2
            5945            11A97C  USB.erclp3
            5971            11A9A8  USB.ercpexit
            5976            11A9AD  USB.ercperr
            597C            11A9B3  USB.ehciResetCtrlr
            5995            11A9CC  USB.erc0
            59B4            11A9EB  USB.erc1
            59D2            11AA09  USB.ercexit
            59DD            11AA14  USB.erc2
            59E0            11AA17  USB.ehciRunCtrlr
            59FA            11AA31  USB.esc0
            5A0C            11AA43  USB.esc1
            5A0F            11AA46  USB.esc2
            5A12            11AA49  USB.ehciStopCtrlr
            5A2B            11AA62  USB.estc0
            5A3B            11AA72  USB.estcexit
            5A3E            11AA75  USB.estc1
            5A41            11AA78  USB.ehciAdjustAsyncSchedCtrlr
            5A5B            11AA92  USB.eacStart
            5A6A            11AAA1  USB.eacOkExit
            5A6C            11AAA3  USB.eacBad
            5A6E            11AAA5  USB.ehciInitCtrlrRegs
            5ABE            11AAF5  USB.ehciCtrlrGetNumberOfPorts
            5AD2            11AB09  USB.ehciGetNewQHeadAddr
            5AF3            11AB2A  USB.egnqaexit
            5AF4            11AB2B  USB.ehciToggleTransactingQHead
            5B0F            11AB46  USB.ettqh0
            5B1C            11AB53  USB.ehciDelinkOldQHead
            5B3C            11AB73  USB.ehciLinkNewQHead
            5B58            11AB8F  USB.elnqhexit
            5B5D            11AB94  USB.elnqadjusted
            5B93            11ABCA  USB.elnqhbad
            5B98            11ABCF  USB.ehciSetNoData
            5C37            11AC6E  USB.ehciGetRequest
            5CF4            11AD2B  USB.egddproceed
            5CF9            11AD30  USB.egddexit
            5D05            11AD3C  USB.ehciStartAsyncSchedule
            5D1C            11AD53  USB.esas0
            5D2B            11AD62  USB.esasok
            5D2E            11AD65  USB.esasfail
            5D31            11AD68  USB.ehciStopAsyncSchedule
            5D49            11AD80  USB.espc0
            5D5C            11AD93  USB.espcfail
            5D60            11AD97  USB.ehciProcessCommand
            5D89            11ADC0  USB.epc1
            5DA9            11ADE0  USB.epc2
            5DD9            11AE10  USB.epc3
            5DF5            11AE2C  USB.epc4
            5E10            11AE47  USB.epcexit
            5E15            11AE4C  USB.epcStall
            5E20            11AE57  USB.epcfail
            5E2A            11AE61  USB.epcfailedstart
            5E2A            11AE61  USB.epcfaildelinked
            5E32            11AE69  USB.epcHostError
            5E3D            11AE74  USB.epcfailtimeout
            5E5A            11AE91  USB.ehciEnumerateRootPort
            5E66            11AE9D  USB.eebinit
            5E82            11AEB9  USB.eeb0
            5EA5            11AEDC  USB.eeb1
            5EE4            11AF1B  USB.eeb2
            5F03            11AF3A  USB.ehciEnumCommonEp
            5F1B            11AF52  USB.eeb3
            5F3A            11AF71  USB.eeb4
            5F44            11AF7B  USB.eeb5
            5F63            11AF9A  USB.eeb6
            5F85            11AFBC  USB.eeb7
            5FA3            11AFDA  USB.eeb8
            5FBB            11AFF2  USB.eeb9
            5FBE            11AFF5  USB.eeb10
            5FD6            11B00D  USB.eeb11
            5FEA            11B021  USB.ehciedexit
            5FF7            11B02E  USB.ehciedbad
            5FF7            11B02E  USB.ehciedbadnoport
            6002            11B039  USB.ehciedbadnotimeout
            6014            11B04B  USB.ehcibadremtables
            6020            11B057  USB.ehciAddDeviceToTables
            604D            11B084  USB.eadtt0
            6063            11B09A  USB.eadtt1
            6088            11B0BF  USB.eadttmsd
            6097            11B0CE  USB.eadttmsd0
            60AD            11B0E4  USB.eadttmsd1
            60BF            11B0F6  USB.eadttmsd11
            60E0            11B117  USB.eadttmsd2
            6117            11B14E  USB.eadttmsd21
            6132            11B169  USB.eadttmsd3
            614C            11B183  USB.eadtthub
            615C            11B193  USB.eadtthub0
            616E            11B1A5  USB.eadtthub1
            618B            11B1C2  USB.eadttpass
            618F            11B1C6  USB.eadttexit
            6196            11B1CD  USB.eadttbad
            619D            11B1D4  USB.ehciRemoveDevFromTables
            61AC            11B1E3  USB.erdft0
            61B9            11B1F0  USB.erdft1
            61CF            11B206  USB.erdft11
            6211            11B248  USB.erdft2
            622B            11B262  USB.erdftexit
            622F            11B266  USB.erdftbad
            6232            11B269  USB.ehciGiveValidAddress
            6238            11B26F  USB.egva0
            624A            11B281  USB.egva1
            6255            11B28C  USB.egvaexit
            6258            11B28F  USB.ehciFindValidInterface
            6273            11B2AA  USB.ecvi0
            62A1            11B2D8  USB.ecviif
            62A8            11B2DF  USB.ecviexit
            62AD            11B2E4  USB.ecvifail
            62B4            11B2EB  USB.ecvibadif
            62C3            11B2FA  USB.ecvibadif1
            62D0            11B307  USB.ehciCheckHubIf
            62EA            11B321  USB.ecdhexit
            62EC            11B323  USB.ecdhfail
            62EF            11B326  USB.ehciCheckMsdIf
            6304            11B33B  USB.ecdmprot
            630A            11B341  USB.ecdmprotUAF
            630A            11B341  USB.ecdmpass
            630B            11B342  USB.ecdmexit
            630F            11B346  USB.ecdmfail
            6312            11B349  USB.ehciGetDevicePtr
            6324            11B35B  USB.egdp0
            6337            11B36E  USB.egdp1
            6368            11B39F  USB.egdp2
            6377            11B3AE  USB.egdp3
            6378            11B3AF  USB.egdpexit
            637C            11B3B3  USB.egdpfail
            6382            11B3B9  USB.ehciProbeQhead
            6386            11B3BD  USB.ehciStandardErrorHandler
            63E8            11B41F  USB.esehexit
            63F1            11B428  USB.ehciClearEpStallHalt
            6408            11B43F  USB.ehciWriteQHead
            642D            11B464  USB.ehciWriteQHeadTD
            64A9            11B4E0  USB.ehciDevSetupHub
            64B0            11B4E7  USB.edshub
            64C3            11B4FA  USB.edshub1
            64CD            11B504  USB.edshub11
            64E7            11B51E  USB.edshub13
            64ED            11B524  USB.edshub2
            64F3            11B52A  USB.ehciDeviceSetupMsd
            64FA            11B531  USB.edsmsd
            6504            11B53B  USB.edsm1
            652F            11B566  USB.edsms2
            6532            11B569  USB.edsms3
            6552            11B589  USB.edsms4
            655F            11B596  USB.edsms5
            6586            11B5BD  USB.edsms6
            6590            11B5C7  USB.edsexit
            6595            11B5CC  USB.edsfail
            659D            11B5D4  USB.ehciEnumerateHubPort
            65B0            11B5E7  USB.eehdeinit
            65BC            11B5F3  USB.eehde0
            65DB            11B612  USB.eehde1
            65E8            11B61F  USB.eehde2
            6606            11B63D  USB.eehde3
            6609            11B640  USB.eehde31
            6627            11B65E  USB.eehde4
            663A            11B671  USB.eehde41
            6655            11B68C  USB.eehde5
            6673            11B6AA  USB.eehde6
            66B7            11B6EE  USB.eehde7
            66D5            11B70C  USB.eehde10
            66F0            11B727  USB.eehde101
            66FD            11B734  USB.eehde11
            6727            11B75E  USB.eehde12
            6730            11B767  USB.eehde13
            676B            11B7A2  USB.eehdebad
            676B            11B7A2  USB.eehdebadnoport
            6770            11B7A7  USB.eehdebadnotimeout
            6775            11B7AC  USB.eehdebadremtables
            677A            11B7B1  USB.eehdecritical
            677F            11B7B6  USB.eehdereset
            67A3            11B7DA  USB.eehder1
            67D5            11B80C  USB.eehder2
            67ED            11B824  USB.eehcritexit
            67EE            11B825  USB.ehciHubClassDescriptor
            682E            11B865  USB.ehcdexit
            6832            11B869  USB.ehcdfail
            6838            11B86F  USB.ehciMsdInitialise
            685A            11B891  USB.emi0
            688C            11B8C3  USB.ehciMsdInitExit
            688E            11B8C5  USB.ehciMsdInitFail
            68A2            11B8D9  USB.ehciMsdInitialisePfail
            68AB            11B8E2  USB.emipf0
            68C6            11B8FD  USB.ehciMsdDeviceReset
            68F0            11B927  USB.ehciMsdGetMaxLun
            691A            11B951  USB.ehciMsdBOTResetRecovery
            6948            11B97F  USB.embrrexit
            694C            11B983  USB.ehciMsdBOTCheckValidCSW
            6999            11B9D0  USB.ehciMsdBOTCheckMeaningfulCSW
            69C9            11BA00  USB.embcmcResidueCheck
            69F7            11BA2E  USB.embcmcExit
            69FA            11BA31  USB.ehciMsdBOTCheckTransaction
            6A0C            11BA43  USB.embhiehcswmeaningful
            6A17            11BA4E  USB.embhiehexit
            6A18            11BA4F  USB.ehciMsdBOTOO64I
            6A18            11BA4F  USB.ehciMsdBOTOI64I
            6A21            11BA58  USB.ehciMsdBOTOOI
            6AED            11BB24  USB.ehciMsdBOTOII
            6B96            11BBCD  USB.emboiicommonep
            6BCC            11BC03  USB.emboexit
            6BD9            11BC10  USB.ehciMsdBOTOI
            6C76            11BCAD  USB.emboiexit
            6C81            11BCB8  USB.ehciMsdWriteOutQHead
            6CC0            11BCF7  USB.ehciMsdWriteInQHead
            6CFF            11BD36  USB.ehciMsdBOTRequest
            6D3E            11BD75  USB.ehciMsdBOTInquiry
            6D8B            11BDC2  USB.ehciMsdBOTReadFormatCapacities
            6DDC            11BE13  USB.ehciMsdBOTReadCapacity10
            6E2D            11BE64  USB.ehciMsdBOTFormatUnit
            6E68            11BE9F  USB.embfu0
            6E8A            11BEC1  USB.embfuexit
            6E94            11BECB  USB.embfuerror
            6E97            11BECE  USB.ehciMsdBOTVerify
            6ED7            11BF0E  USB.embvexit
            6EE3            11BF1A  USB.embvbad
            6EE6            11BF1D  USB.ehciMsdBOTRequestSense
            6F37            11BF6E  USB.ehciMsdBOTTestReady
            6F6E            11BFA5  USB.ehciMsdBOTModeSense6
            6FBF            11BFF6  USB.ehciMsdBOTOutSector512
            6FFF            11C036  USB.embosexit
            7007            11C03E  USB.emboseerror
            700A            11C041  USB.ehciMsdBOTInSector512
            7042            11C079  USB.ehciMsdBOTSector512
            7093            11C0CA  USB.msdWriteCBW
            70C4            11C0FB  USB.scsiInquiry
            70DF            11C116  USB.scsiWrite10
            70E3            11C11A  USB.scsiRead10
            70E5            11C11C  USB.scsirw
            7106            11C13D  USB.scsiRequestSense
            7119            11C150  USB.scsiTestUnitReady
            7123            11C15A  USB.scsiReadFormatCapacities
            7133            11C16A  USB.scsiReadCap10
            713D            11C174  USB.scsiFormatUnit
            7152            11C189  USB.scsiVerify
            7173            11C1AA  USB.scsiModeSense6
            7183            11C1BA  USB.ehciGetOpBase
            719C            11C1D3  USB.egob1
            719E            11C1D5  i0
            71A6            11C1DD  i1
            71B5            11C1EC  i2
            71C4            11C1FB  i3
            71D3            11C20A  i4
            71E2            11C219  i5
            71F1            11C228  i6
            7200            11C237  i7
            720F            11C246  i8
            721E            11C255  i9
            722D            11C264  i10
            723C            11C273  i11
            724B            11C282  i12
            725A            11C291  i13
            7266            11C29D  i14
            7272            11C2A9  i15
            727E            11C2B5  i16
            728A            11C2C1  i17
            7296            11C2CD  i18
            72A2            11C2D9  i19
            72AE            11C2E5  i20
            72BA            11C2F1  i21
            72C4            11C2FB  cpu_4args
            72D0            11C307  cpu_3args
            72DC            11C313  cpu_2args
            72E6            11C31D  cpu_exception
            7374            11C3AB  cpu_exception.cpurollprint
            737A            11C3B1  cpu_exception.cpurollprint1
            738B            11C3C2  cpu_exception.cpuexendloop
            73A3            11C3DA  cpu_exception.cpu_exception_appret
            73AE            11C3E5  cpu_exception.cpuextendederror
            73B5            11C3EC  cpu_exception.pr1
            73F0            11C427  cpu_exception.pr2
            7426            11C45D  cpu_exception.char
            7436            11C46D  cpu_exception.printbyte
            7453            11C48A  cpu_exception.fatalt0
            745B            11C492  cpu_exception.fatal1
            759C            11C5D3  cpu_exception.fatal2
            75A0            11C5D7  cpu_exception.ascii
            75B0            11C5E7  dummy_interrupt
            75B0            11C5E7  dummy_interrupt.pic2
            75B7            11C5EE  dummy_interrupt.pic1
            75B8            11C5EF  dummy_interrupt.p1
            75BD            11C5F4  dummy_return_64
            75BF            11C5F6  signature
            75CB            11C602  signature2
            75ED            11C624  codeResidentEndPtr

---- Section BIOSTables -------------------------------------------------------

Real              Virtual           Name
          110000            110000  BIOSIDTable
          111000            111000  BIOSPageTbl
          117000            117000  BIOSGDTable

---- Section data -------------------------------------------------------------

Real              Virtual           Name
          117020            117020  IDTlength
          117022            117022  IDTpointer
          117022            117022  IDTpointer.Limit
          117024            117024  IDTpointer.Base
          11702C            11702C  GDTlength
          11702E            11702E  GDTpointer
          11702E            11702E  GDTpointer.Limit
          117030            117030  GDTpointer.Base
          117038            117038  pageTablePtr
          117040            117040  spurint1
          117041            117041  spurint2
          117042            117042  kb_buffer
          117062            117062  kb_buf_head
          11706A            11706A  kb_buf_tail
          117072            117072  kb_buf_start
          11707A            11707A  kb_buf_end
          117082            117082  kb_flags
          117083            117083  kb_flags_1
          117084            117084  kb_flags_2
          117085            117085  break_flag
          117086            117086  numCOM
          117087            117087  com_addresses
          11708F            11708F  comX_buffer
          11708F            11708F  com1_buffer
          11709F            11709F  com2_buffer
          1170AF            1170AF  com3_buffer
          1170BF            1170BF  com4_buffer
          1170CF            1170CF  comX_buf_head
          1170CF            1170CF  com1_buf_head
          1170D7            1170D7  com2_buf_head
          1170DF            1170DF  com3_buf_head
          1170E7            1170E7  com4_buf_head
          1170EF            1170EF  comX_buf_tail
          1170EF            1170EF  com1_buf_tail
          1170F7            1170F7  com2_buf_tail
          1170FF            1170FF  com3_buf_tail
          117107            117107  com4_buf_tail
          11710F            11710F  comX_buf_start
          11710F            11710F  com1_buf_start
          117117            117117  com2_buf_start
          11711F            11711F  com3_buf_start
          117127            117127  com4_buf_start
          11712F            11712F  comX_buf_end
          11712F            11712F  com1_buf_end
          117137            117137  com2_buf_end
          11713F            11713F  com3_buf_end
          117147            117147  com4_buf_end
          11714F            11714F  prt_addresses
          117155            117155  pit_divisor
          117157            117157  pit_ticks
          11715B            11715B  rtc_ticks
          117163            117163  scr_curs_pos
          117173            117173  scr_cols
          117174            117174  scr_rows
          117175            117175  scr_curs_shape
          117177            117177  scr_char_attr
          117178            117178  scr_mode
          117179            117179  scr_active_page
          11717A            11717A  scr_crtc_base
          11717C            11717C  scr_page_addr
          117180            117180  scr_mode_params
          117188            117188  scr_vga_ptrs
          1171C8            1171C8  i33Devices
          1171C9            1171C9  msdStatus
          1171CA            1171CA  fdiskNum
          1171CB            1171CB  ata0CmdByte
          1171CC            1171CC  ata0Status
          1171CD            1171CD  ata1CmdByte
          1171CE            1171CE  ata1Status
          1171CF            1171CF  diskDptPtr
          1171D7            1171D7  fdiskDptPtr
          1171DF            1171DF  nextFilePtr
          1171E7            1171E7  numSectors
          1171E9            1171E9  MachineWord
          1171EB            1171EB  convRAM
          1171ED            1171ED  userBase
          1171F5            1171F5  bigmapSize
          1171F6            1171F6  srData
          1171FE            1171FE  srData1
          117200            117200  sysMem
          117208            117208  scpSize
          11720C            11720C  mcpUserBase
          117214            117214  mcpUserRip
          11721C            11721C  mcpUserkeybf
          117224            117224  mcpUserRaxStore
          11722C            11722C  mcpStackPtr
          117234            117234  eControllers
          117235            117235  eControllerList
          117255            117255  usbDevices
          117256            117256  eHCErrorHandler
          11725E            11725E  eCurrAsyncHead
          117266            117266  eNewBus
          117267            117267  eActiveCtrlr
          117268            117268  eActiveInt
          117269            117269  eAsyncMutex
          11726A            11726A  cbwTag
          11726B            11726B  numMSD
          11726C            11726C  usbDevTbl
          11728A            11728A  usbDevTblEnd
          11728A            11728A  hubDevTbl
          1172DA            1172DA  hubDevTblEnd
          1172DA            1172DA  msdDevTbl
          11737A            11737A  msdDevTblEnd
          11737A            11737A  ideNumberOfControllers
          11737B            11737B  ideControllerTable
          11739B            11739B  fdiskTable
          1173E7            1173E7  diskDevices

---- Section MCPseg -----------------------------------------------------------

Real              Virtual           Name
          11CE24            11CE24  MCPsegEnd

---- Section xdata ------------------------------------------------------------

Real              Virtual           Name
          11CE40            11CE40  ehciAschedule
          11CE40            11CE40  ehciQHead0
          11CEC0            11CEC0  ehciQHead1
          11CF40            11CF40  ehciTDSpace
          11D1C0            11D1C0  ehciDataOut
          11D200            11D200  sectorbuffer
          11D200            11D200  ehciDataIn
          11D400            11D400  msdCSW
          11D420            11D420  prdt
          11D430            11D430  bigmapptr

---- Section SysInitParams ----------------------------------------------------

Real              Virtual           Name
             600               600  SysInitTable
             600               600  SysInitTable.numSecW
             602               602  SysInitTable.FileLBA
             60A               60A  loMachineWord

---- Section lowStack ---------------------------------------------------------

Real              Virtual           Name
             800               800  lowStackPtr

