
- NASM Map file ---------------------------------------------------------------

Source file:  scpbios.asm
Output file:  ./Binaries/scpbios.bin

-- Program origin -------------------------------------------------------------

00000800

-- Sections (summary) ---------------------------------------------------------

Vstart            Start             Stop              Length    Class     Name
             800               800               800  00000000  progbits  .text
             800               800              2452  00001C52  progbits  codeInit
          117493              2452              7B74  00005722  progbits  codeResident
          110000            110000            117020  00007020  nobits    BIOSTables
          117020            117020            117493  00000473  nobits    data
          11CBB5            11CBB5            11D3B5  00000800  nobits    MCPseg
          11D3C0            11D3C0            11D9B0  000005F0  nobits    xdata
             600               600               60C  0000000C  nobits    SysInitParams
             700               700               800  00000100  nobits    lowStack

-- Sections (detailed) --------------------------------------------------------

---- Section .text ------------------------------------------------------------

class:     progbits
length:                   0
start:                  800
align:     not defined
follows:   not defined
vstart:                 800
valign:    not defined
vfollows:  not defined

---- Section codeInit ---------------------------------------------------------

class:     progbits
length:                1C52
start:                  800
align:                    4
follows:   not defined
vstart:                 800
valign:    not defined
vfollows:  not defined

---- Section codeResident -----------------------------------------------------

class:     progbits
length:                5722
start:                 2452
align:                    1
follows:   codeInit
vstart:              117493
valign:                   1
vfollows:  data

---- Section BIOSTables -------------------------------------------------------

class:     nobits
length:                7020
start:               110000
align:                    1
follows:   not defined
vstart:              110000
valign:                   1
vfollows:  not defined

---- Section data -------------------------------------------------------------

class:     nobits
length:                 473
start:               117020
align:                    1
follows:   not defined
vstart:              117020
valign:                   1
vfollows:  BIOSTables

---- Section MCPseg -----------------------------------------------------------

class:     nobits
length:                 800
start:               11CBB5
align:                    1
follows:   not defined
vstart:              11CBB5
valign:                   1
vfollows:  codeResident

---- Section xdata ------------------------------------------------------------

class:     nobits
length:                 5F0
start:               11D3C0
align:                   40
follows:   not defined
vstart:              11D3C0
valign:                  40
vfollows:  MCPseg

---- Section SysInitParams ----------------------------------------------------

class:     nobits
length:                   C
start:                  600
align:     not defined
follows:   not defined
vstart:                 600
valign:    not defined
vfollows:  not defined

---- Section lowStack ---------------------------------------------------------

class:     nobits
length:                 100
start:                  700
align:     not defined
follows:   not defined
vstart:                 700
valign:    not defined
vfollows:  not defined

-- Symbols --------------------------------------------------------------------

---- No Section ---------------------------------------------------------------

Value     Name
00000003  permissionflags
00000008  codedescriptor
00110000  BIOSStartAddr
00000800  BIOSInitAddr
00001000  e820Seg
00000000  e820SizeOff
00000002  e820BaseOff
00010000  e820SizeAddr
00000020  pic1command
000000A0  pic2command
00000021  pic1data
000000A1  pic2data
00000064  ps2command
00000064  ps2status
00000060  ps2data
000003F8  com1_base
000002F8  com2_base
000003E8  com3_base
000002E8  com4_base
00000040  PITbase
00000040  PIT0
00000041  PIT1
00000042  PIT2
00000043  PITcommand
00000070  cmos_base
00000071  cmos_data
00000001  kb_flag_rshift
00000002  kb_flag_lshift
00000004  kb_flag_ctrl
00000008  kb_flag_alt
00000010  kb_flag_scrlset
00000020  kb_flag_numset
00000040  kb_flag_capsset
00000080  kb_flag_insset
00000001  kb_flag2_e1
00000002  kb_flag2_e0
000003D4  vga_index
000003D5  vga_data
000003B4  vga_aindex
000003B5  vga_adata
000A0000  vga_bpage0
000B0000  vga_bpage1
000B8000  vga_bpage2
00000CF8  pci_index
00000CFC  pci_data
0000000C  usb_class
00000003  usb_subclass
00000000  uhci_interface
00000010  uhcimask
00000010  ohci_interface
00000020  ohcimask
00000020  ehci_interface
00000040  ehcimask
00000030  xhci_interface
00000080  xhcimask
0000E000  lousbtablesize
0000E002  lousbtablebase
000000C8  debounceperiod
00000000  ehcicaplength
00000002  ehciversion
00000004  ehcistrucparams
00000008  ehcihccparams
0000000C  ehciportroute
00000000  ehcicmd
00000004  ehcists
00000008  ehciintr
0000000C  ehcifrindex
00000010  ehcictrlseg
00000014  ehciperiodbase
00000018  ehciasyncaddr
00000040  ehciconfigflag
00000044  ehciportsc
000000FF  setupReset
000000FE  setupGetMaxLUN
43425355  CBWSig
53425355  CSWSig
00000000  CBWFlagOut
00000080  CBWFlagIn
00000000  bCSWPassed
00000001  bCSWFailed
00000002  bCSWPhase
00000010  msdDevTblEntrySize
00000008  hubDevTblEntrySize
00000003  usbDevTblEntrySize
0000000A  usbMaxDevices
00000060  ehciSizeOfQH
00000040  ehciSizeOfTD
000001F0  ata0_base
000003F6  ata0_ctrl
00000170  ata1_base
00000376  ata1_ctrl
00000001  msd_class
00000001  ide_subclass
00000006  sata_subclass
00000010  ideTableEntrySize
000003F0  fdd_base
00000000  fdiskEntry
00000000  fdiskEntry.signature
00000001  fdiskEntry.wHeads
00000003  fdiskEntry.wCylinder
00000005  fdiskEntry.wSecTrc
00000007  fdiskEntry.lbaMax
0000000B  fdiskEntry.lbaMax48
00000013  fdiskEntry.ioBase
00000015  fdiskEntry.msBit
00000016  fdiskEntry_size
00000001  fdePresent
00000002  fdeLBA28
00000004  fdeLBA48
0000006C  idCurrCyl
0000006E  idCurrHed
00000070  idCurrSecTk
00000078  idLBASectrs
000000C8  idLBA48Sec
00000010  int33TblEntrySize
00000061  port61h
00000020  EOI
00000080  waitp
000000E9  bochsout
000000CC  BREAKPOINT
00000800  sizeOfMCPAlloc
0000000A  usbDevTblE
0000000A  hubDevTblE
0000000A  msdDevTblE
0000000A  diskDevicesE
00000000  GDT.Null
00000008  GDT.Code
00000010  GDT.Data
00000031  failmsglen
00000200  IDT_TABLE_Length
00001C52  seg0len
000000A0  scr_io_table_length
00000013  MCP_int.asciil
00000013  MCP_int.lstl
00005722  residentLength


---- Section codeInit ---------------------------------------------------------

Real              Virtual           Name
             800               800  realInit
             835               835  realInit.a20Proc
             839               839  realInit.a20FastEnable
             84A               84A  realInit.no92
             84F               84F  realInit.a20KeybEnable
             885               885  realInit.a20wait
             88C               88C  realInit.a20wait2
             893               893  realInit.a20Check
             8AF               8AF  realInit.a20Pass
             8B9               8B9  realInit.a20Fail
             8CA               8CA  realInit.a20Exit
             8E8               8E8  realInit.extCheck
             8F8               8F8  realInit.noa20
             8FA               8FA  realInit.noCPUID
             900               900  realInit.fail
             919               919  realInit.write
             927               927  realInit.return
             928               928  realInit.msg
             934               934  tellBIOS
             943               943  rmE820Map
             985               985  rmE820Map.map0
             9A4               9A4  rmE820Map.map1
             9B2               9B2  rmE820Map.map2
             9C3               9C3  rmE820Map.map3
             9CA               9CA  rmE820Map.mapfail
             9CA               9CA  rmE820Map.mapexit
             9E4               9E4  rmE820Map.mem2write
             9F0               9F0  rmE820Map.badmem2
             9FB               9FB  rmE820Map.mem3test
             A12               A12  rmE820Map.finalmemtest
             A19               A19  rmGetFontPointers
             A1B               A1B  rmGetFontPointers.gfp1
             A44               A44  rmSetTables
             A61               A61  rmUtables
             A75               A75  rmPDTentries
             ABF               ABF  GDT
             ADA               ADA  GDT.Pointer
             ADC               ADC  GDT.Base
             AE4               AE4  longmode_ep
             D06               D06  Relocate
             D41               D41  Relocate.move820_0
             D55               D55  Relocate.mv0
             D96               D96  Relocate.readSystemSize
             DB5               DB5  Relocate.rss1
             DBF               DBF  Relocate.rss2
             DD2               DD2  Relocate.addEntry
             DE2               DE2  Relocate.ae0
             E27               E27  Relocate.ae1
             E37               E37  Relocate.ae2
             EC6               EC6  Relocate.altRAM
             F30               F30  Ptablefinal
             F5F               F5F  Ptablefinal.utables
             FA7               FA7  idtFillDummy
             FC7               FC7  idtLoop
            1046              1046  PICremap
            1088              1088  pci_scan
            1095              1095  pci_scan.u1
            10E8              10E8  pci_scan.u11
            10FB              10FB  pci_scan.sataPCIEnum
            1115              1115  pci_scan.spemsg
            1132              1132  pci_scan.idePCIEnum
            1180              1180  pci_scan.ipeWriteTable
            11AD              11AD  pci_scan.ipemsg
            11D0              11D0  pci_scan.ipemsg2
            11FF              11FF  pci_scan.uhci_found
            1221              1221  pci_scan.uhci_succ
            1241              1241  pci_scan.ohci_found
            124B              124B  pci_scan.ehci_found
            126A              126A  pci_scan.ehci_succ
            128A              128A  pci_scan.xhci_succ
            12AA              12AA  pci_scan.xhci_found
            12C7              12C7  pci_scan.controlController
            1336              1336  pci_scan.cc0
            137A              137A  pci_scan.cc1
            13D6              13D6  pci_scan.controlUHCI
            141E              141E  pci_scan.cu0
            1423              1423  pci_scan.cu1
            1445              1445  pci_scan.controlxHCI
            1454              1454  pci_scan.suohoc0
            1464              1464  pci_scan.suohoc1
            147E              147E  pci_scan.suohoc2
            1490              1490  pci_scan.suohoc21
            1491              1491  pci_scan.suohoc3
            149F              149F  pci_scan.controlEHCI
            14BA              14BA  pci_scan.ce0
            14D5              14D5  pci_scan.ehcieecpsetup
            14FD              14FD  pci_scan.ees1
            151A              151A  pci_scan.ees2
            154B              154B  pci_scan.weirdEHCI1
            1578              1578  pci_scan.failmsg
            15A9              15A9  pciExit
            15A9              15A9  PITreset
            15BB              15BB  rtc_init
            1620              1620  checkCOM
            1649              1649  COMinitproceed
            1652              1652  serialinit
            169D              169D  COMinitexit
            16A3              16A3  keybsetup
            16CF              16CF  keybsetup.kbscdetermine
            16DF              16DF  keybsetup.pt1
            16F5              16F5  keybsetup.step1
            170D              170D  keyb0
            17AC              17AC  keyb1
            17BC              17BC  keyb1.k1
            17CE              17CE  keyb20
            17D8              17D8  keyb2
            17E0              17E0  keyb2.k0
            17FD              17FD  keyb2.k1
            180D              180D  keyb30
            1817              1817  keyb3
            1827              1827  keyb3.k1
            1837              1837  keyb40
            183F              183F  keyb4
            184F              184F  keyb4.k1
            1863              1863  keyb5
            186C              186C  keyb5.k1
            188B              188B  keyb5.noecho
            189E              189E  keyb5.k2
            18A6              18A6  keyb6
            18B7              18B7  keyb6.k1
            18D1              18D1  scancode_faff
            18DC              18DC  scancode_faff.p1
            1900              1900  scancode_faff.writeback
            1913              1913  scancode_faff.get_next_byte
            191A              191A  keybflushe
            191E              191E  keybflush
            1922              1922  keybflush.kbf1
            192B              192B  keybinitend
            193F              193F  keybinitend.kbe0
            1972              1972  ps2talk
            1983              1983  ps2talk.p0
            1986              1986  ps2talk.p1
            1993              1993  ps2talk.p2
            199B              199B  ps2talk.p3
            19A3              19A3  ps2error
            19B5              19B5  ps2error.loop
            19B9              19B9  ps2error.ps2errormsg
            19D6              19D6  ps2stage
            19E0              19E0  ps2stage.startMsg
            1A0F              1A0F  ps2stage.okMsg
            1A12              1A12  endPS2Init
            1A12              1A12  debuggerInit
            1A34              1A34  IDE
            1A34              1A34  IDE.ideInitialisation
            1A63              1A63  IDE.ii0
            1A77              1A77  IDE.ii1
            1A82              1A82  IDE.ii2
            1AA0              1AA0  IDE.ii3
            1AB4              1AB4  IDE.ii4
            1ABF              1ABF  IDE.ii5
            1ADC              1ADC  IDE.identifyDrive
            1B43              1B43  IDE.id0
            1B57              1B57  IDE.id1
            1B7C              1B7C  IDE.id2
            1BBD              1BBD  IDE.id3
            1BDD              1BDD  IDE.idDeviceOK
            1BE7              1BE7  IDE.idExit
            1BEA              1BEA  IDE.addControllerTable
            1C12              1C12  IDE.act0
            1C1B              1C1B  IDE.actexit
            1C1D              1C1D  IDE.actfail
            1C20              1C20  IDE.ideInitEnd
            1C20              1C20  hciParse
            1C3B              1C3B  hciParse.hcip1
            1C5B              1C5B  hciParse.hcip2
            1C7D              1C7D  hciParse.pr0
            1CAF              1CAF  hciParse.pr1
            1CBB              1CBB  hciParse.pr11
            1CD5              1CD5  hciParse.pr2
            1CF2              1CF2  hciParse.echiInitMsg
            1D1B              1D1B  hciParse.noEHCI
            1D20              1D20  hciParse.exit
            1D20              1D20  remDevInit
            1D33              1D33  remDevInit.hubs_init
            1D3D              1D3D  remDevInit.redi1
            1D59              1D59  remDevInit.hubnextentry
            1D69              1D69  remDevInit.hub_rescan
            1D73              1D73  remDevInit.msds_init
            1DA3              1DA3  remDevInit.msd1
            1DB7              1DB7  remDevInit.msdNextEntry
            1DC7              1DC7  remDevInit.rediexit
            1DDC              1DDC  remDevInit.rmhmsg
            1DF8              1DF8  remDevInit.ok
            1DFC              1DFC  remDevInit.msdmsg
            1E1A              1E1A  remDevInit.exit
            1E1A              1E1A  int33hinit
            1E2E              1E2E  int33hinit.i33i1
            1E59              1E59  int33hinit.i33proceed
            1E6E              1E6E  int33hinit.i33ibad
            1E7F              1E7F  int33hinit.i33iend
            1E9B              1E9B  end
            1F23              1F23  endNoDevFound
            1F8C              1F8C  startboot
            1FA2              1FA2  endboot
            2012              2012  endboot2
            2032              2032  dbgmsg
            2048              2048  dbgmsg2
            205C              205C  dbgmsg3
            206A              206A  dbgmsg4
            2080              2080  memprint
            20DF              20DF  memprint.sense1
            2106              2106  memprint.pt2
            2119              2119  memprint.sense2
            2144              2144  memprint.pt3
            2193              2193  memprint.printdecimalword
            21A8              21A8  memprint.pdw0
            21BE              21BE  memprint.pdw1
            21C5              21C5  memprint.pdw2
            21D9              21D9  memprint.convmemmsg
            21F6              21F6  memprint.extmemmsg
            2214              2214  memprint.extmemmsg2
            2233              2233  memprint.totalmem
            2250              2250  memprint.kb
            2252              2252  IDT_TABLE
            2252              2252  CPU_IDT
            2352              2352  HW_IDT
            23D2              23D2  SW_IDT

---- Section codeResident -----------------------------------------------------

Real              Virtual           Name
            2452            117493  e820print
            246A            1174AB  e820print.e0
            249E            1174DF  e820print.printqword
            24AE            1174EF  e820print.pq1
            24BB            1174FC  e820print.printpipe
            24CE            11750F  e820print.pipestr
            24D2            117513  e820print.printcrlf
            24E5            117526  e820print.crlfstr
            24E8            117529  beep
            2508            117549  ps2wait
            2509            11754A  ps2wait.wnok
            2517            117558  ps2wait.wok
            251D            11755E  idtWriteEntry
            2549            11758A  cls
            2561            1175A2  timer_IRQ0
            2596            1175D7  timer_IRQ0.tret
            25A1            1175E2  kb_IRQ1
            25A9            1175EA  kb_IRQ1.k0
            2602            117643  kb_IRQ1.kb_store_in_buffer
            2627            117668  kb_IRQ1.kb1_exit
            2630            117671  kb_IRQ1.kb1_exit_e0
            263A            11767B  kb_IRQ1.special_keys
            264D            11768E  kb_IRQ1.pause
            2660            1176A1  kb_IRQ1.insert_released
            2664            1176A5  kb_IRQ1.alt_shift_released
            2668            1176A9  kb_IRQ1.ctrl_shift_released
            266C            1176AD  kb_IRQ1.lshift_released
            2670            1176B1  kb_IRQ1.rshift_released
            2672            1176B3  kb_IRQ1.shift_release_common
            267B            1176BC  kb_IRQ1.kb_buf_full_beep
            2698            1176D9  kb_IRQ1.basickey
            26A4            1176E5  kb_IRQ1.kbbk1
            2704            117745  kb_IRQ1.keylookup
            2734            117775  kb_IRQ1.keyget
            2745            117786  kb_IRQ1.addshiftvalue
            2756            117797  kb_IRQ1.addctrlvalue
            275F            1177A0  kb_IRQ1.addaltvalue
            2768            1177A9  kb_IRQ1.addnumvalue
            2771            1177B2  kb_IRQ1.addcapsvalue
            277A            1177BB  kb_IRQ1.addshiftcaps
            2783            1177C4  kb_IRQ1.addshiftnum
            278C            1177CD  kb_IRQ1.alt_shift_pressed
            2790            1177D1  kb_IRQ1.ctrl_shift_pressed
            2794            1177D5  kb_IRQ1.lshift_pressed
            2798            1177D9  kb_IRQ1.rshift_pressed
            279A            1177DB  kb_IRQ1.shift_pressed_common
            27A6            1177E7  kb_IRQ1.ins_toggle
            27AA            1177EB  kb_IRQ1.caps_lock
            27AE            1177EF  kb_IRQ1.num_lock
            27B2            1177F3  kb_IRQ1.scroll_lock
            27B4            1177F5  kb_IRQ1.lock_common
            27C5            117806  kb_IRQ1.e0special
            27D4            117815  kb_IRQ1.ctrl_break
            280C            11784D  kb_IRQ1.ctrl_alt_del
            2825            117866  kb_IRQ1.ctrl_alt_del_killPC
            282F            117870  kb_IRQ1.ctrl_alt_del_no_reset
            2835            117876  kb_IRQ1.set_kb_lights
            2854            117895  kb_IRQ1.kb_error
            2870            1178B1  kb_IRQ1.kber1
            2874            1178B5  kb_IRQ1.kb_error_msg
            2891            1178D2  kb_IRQ1.kb_sc_ascii_lookup
            2E21            117E62  ser_IRQ3
            2E33            117E74  ser_IRQ4
            2E43            117E84  ser_common
            2E48            117E89  ser_common.si0
            2E67            117EA8  ser_common.si1
            2E74            117EB5  ser_common.si41
            2E84            117EC5  ser_common.si2
            2E9A            117EDB  ser_common.si3
            2EBA            117EFB  ser_common.si4
            2ED3            117F14  ser_common.si5
            2EEF            117F30  ser_common.siexit
            2EFC            117F3D  fdd_IRQ6
            2F04            117F45  rtc_IRQ8
            2F16            117F57  rtc_IRQ8.periodic
            2F1E            117F5F  rtc_IRQ8.noPeriodic
            2F22            117F63  rtc_IRQ8.alarm
            2F24            117F65  rtc_IRQ8.exit
            2F37            117F78  hdd_IRQ14
            2F4E            117F8F  ehci_IRQ
            2F55            117F96  ehci_IRQ.pic1
            2F5A            117F9B  ehci_IRQ.intr
            2F6C            117FAD  ehci_IRQ.nonIRQmain
            2F9B            117FDC  ehci_IRQ.usbignoreirq
            2FA3            117FE4  ehci_IRQ.exit
            2FA6            117FE7  ehci_IRQ.spur
            2FA8            117FE9  ehci_IRQ.s1
            2FC2            118003  ehci_IRQ.transactionError
            2FCC            11800D  ehci_IRQ.nonIRQep
            2FD0            118011  default_IRQ7
            2FE8            118029  default_IRQ7.exit
            2FEC            11802D  default_IRQ7.e2
            2FEF            118030  default_IRQ15
            3009            11804A  default_IRQ15.spurcheck
            3022            118063  default_IRQ15.exit
            3024            118065  default_IRQ15.e2
            3029            11806A  scr_io_table
            30C9            11810A  scr_io
            30EB            11812C  scr_io.exitf
            30F3            118134  scr_io.exit
            30F6            118137  scr_io.change_mode
            3105            118146  scr_io.set_curs_shape
            3118            118159  scr_io.set_curs_pos
            3138            118179  scr_io.scpexit
            313C            11817D  scr_io.get_curs_pos
            315C            11819D  scr_io.write_register
            3183            1181C4  scr_io.wrchar
            3195            1181D6  scr_io.wrascii
            31A5            1181E6  scr_io.select_page
            31B8            1181F9  scr_io.spbad
            31C7            118208  scr_io.sp1
            31CB            11820C  scr_io.spmain
            3213            118254  scr_io.spm1
            321A            11825B  scr_io.spm2
            3246            118287  scr_io.sp_vga
            324B            11828C  scr_io.scroll_up
            3259            11829A  scr_io.su0
            3262            1182A3  scr_io.su1
            3294            1182D5  scr_io.su2
            32D7            118318  scr_io.suexit
            32DF            118320  scr_io.sblank
            32F5            118336  scr_io.sbl0
            3309            11834A  scr_io.scroll_down
            3317            118358  scr_io.sd0
            3321            118362  scr_io.sd1
            3350            118391  scr_io.sd2
            3393            1183D4  scr_io.sdexit
            339B            1183DC  scr_io.read_att_char
            33A9            1183EA  scr_io.rac1
            33CD            11840E  scr_io.write_att_char
            33DB            11841C  scr_io.wac1
            340D            11844E  scr_io.write_char
            341B            11845C  scr_io.wc1
            3445            118486  scr_io.wc2
            344E            11848F  scr_io.wc3
            3455            118496  scr_io.gset_col_palette
            3464            1184A5  scr_io.gwritedot
            3473            1184B4  scr_io.greaddot
            3482            1184C3  scr_io.write_tty
            34AB            1184EC  scr_io.wttywrite
            34B9            1184FA  scr_io.wttycursorupdate
            34C4            118505  scr_io.wttycursorupdatego
            34C8            118509  scr_io.wttyexit
            34D1            118512  scr_io.wttycu0
            34DE            11851F  scr_io.wttyscrollupone
            3502            118543  scr_io.wttybspace
            3513            118554  scr_io.wttybs1
            351A            11855B  scr_io.wttylf
            3530            118571  scr_io.wttycr
            3537            118578  scr_io.wttybell
            3550            118591  scr_io.get_mode
            356A            1185AB  scr_io.wsbad
            3579            1185BA  scr_io.write_string
            3587            1185C8  scr_io.ws
            35A3            1185E4  scr_io.ws0
            35C9            11860A  scr_io.ws1
            35F1            118632  scr_io.ws2
            35F5            118636  scr_io.ws3
            35FD            11863E  scr_io.wsexitupdate
            360A            11864B  scr_io.wsexit
            3614            118655  scr_io.wsctrlchar
            362B            11866C  scr_io.wszero
            362D            11866E  scr_io.wsz1
            363D            11867E  scr_io.wsz2
            3644            118685  scr_io.gread
            3653            118694  scr_io.gwrite
            3662            1186A3  scr_io.gscrollup
            3671            1186B2  scr_io.gscrolldown
            3680            1186C1  scr_io.write_crtc_word
            369F            1186E0  scr_io.get_page_base
            36C9            11870A  scr_io.gpb0
            36D1            118712  scr_io.gpb1
            36D4            118715  scr_io.page_cursor_offset
            36E4            118725  scr_io.offset_from_ax
            3700            118741  scr_io.text_scroll_c1
            371B            11875C  scr_io.cursor_proc
            373A            11877B  scr_io.cp1
            3745            118786  scr_io.cpwrite
            3753            118794  machineWord_io
            378A            1187CB  convRAM_io
            37AD            1187EE  disk_io
            384E            11888F  disk_io.baddev
            3857            118898  disk_io.bad
            385E            11889F  disk_io.noDevInDrive
            386C            1188AD  disk_io.reset
            387D            1188BE  disk_io.rrexit
            388F            1188D0  disk_io.rrbad
            389F            1188E0  disk_io.statusreport
            38B1            1188F2  disk_io.srmain
            3907            118948  disk_io.srexit
            390E            11894F  disk_io.srexitbad2
            3912            118953  disk_io.srexitbad1
            3914            118955  disk_io.srexitbad
            391E            11895F  disk_io.readsectors
            393F            118980  disk_io.rsbad
            3946            118987  disk_io.writesectors
            3967            1189A8  disk_io.verify
            3988            1189C9  disk_io.format
            39C0            118A01  disk_io.formatcommon
            39D8            118A19  disk_io.f0
            39EA            118A2B  disk_io.formatexit
            3A04            118A45  disk_io.fbadBB
            3A0C            118A4D  disk_io.fbad
            3A0F            118A50  disk_io.lbaread
            3A34            118A75  disk_io.lbawrite
            3A59            118A9A  disk_io.lbaverify
            3A7E            118ABF  disk_io.lbaformat
            3AAC            118AED  disk_io.lbaCommon
            3AC2            118B03  disk_io.formatLowLevel
            3AE4            118B25  disk_io.lbareadparams
            3B0C            118B4D  disk_io.sectorsEHCI
            3B1E            118B5F  disk_io.seCommon
            3B2F            118B70  disk_io.se1
            3B46            118B87  disk_io.se2
            3B4D            118B8E  disk_io.sebadBB
            3B55            118B96  disk_io.sebad
            3B58            118B99  disk_io.i33ehciGetDevicePtr
            3B84            118BC5  disk_io.i33egdpbad
            3B86            118BC7  disk_io.convertCHSLBA
            3BA7            118BE8  disk_io.deviceChanged
            3C2E            118C6F  disk_io.dcNoError
            3C45            118C86  disk_io.dcError
            3C52            118C93  disk_io.dcRetPop
            3C61            118CA2  disk_io.dcRoot
            3C7D            118CBE  disk_io.busScan
            3D09            118D4A  disk_io.bsret
            3D0E            118D4F  disk_io.bsexit
            3D16            118D57  disk_io.bsErrorExit
            3D26            118D67  disk_io.bsrExit06h
            3D33            118D74  disk_io.bsClearPortChangeStatus
            3D6A            118DAB  disk_io.bsRtNoDev
            3D75            118DB6  disk_io.bsRoot
            3DB8            118DF9  disk_io.bsCommonEP
            3DE3            118E24  disk_io.bsr0
            3DF8            118E39  disk_io.bsr1
            3E2B            118E6C  disk_io.bsrFail
            3E3B            118E7C  disk_io.deviceInit
            3E5F            118EA0  disk_io.deviceInitReadCaps
            3E90            118ED1  disk_io.deviceInitWriteTableEntry
            3EB9            118EFA  disk_io.deviceInitExit
            3EBB            118EFC  disk_io.i33removeFromTable
            3ECF            118F10  diskdpt
            3ECF            118F10  diskdpt.fsb
            3ED0            118F11  diskdpt.ssb
            3ED1            118F12  diskdpt.tto
            3ED2            118F13  diskdpt.bps
            3ED3            118F14  diskdpt.spt
            3ED4            118F15  diskdpt.gpl
            3ED5            118F16  diskdpt.dtl
            3ED6            118F17  diskdpt.glf
            3ED7            118F18  diskdpt.fbf
            3ED8            118F19  diskdpt.hst
            3ED9            118F1A  diskdpt.mst
            3EDA            118F1B  fdiskdpt
            3EDA            118F1B  fdiskdpt.cyl
            3EDC            118F1D  fdiskdpt.nhd
            3EDD            118F1E  fdiskdpt.rwc
            3EDF            118F20  fdiskdpt.wpc
            3EE1            118F22  fdiskdpt.ecc
            3EE2            118F23  fdiskdpt.ctl
            3EE3            118F24  fdiskdpt.sto
            3EE4            118F25  fdiskdpt.fto
            3EE5            118F26  fdiskdpt.tcd
            3EE6            118F27  fdiskdpt.clz
            3EE8            118F29  fdiskdpt.spt
            3EE9            118F2A  fdiskdpt.res
            3EEA            118F2B  fdisk_io
            3F53            118F94  fdisk_io.badFunctionRequest
            3F5C            118F9D  fdisk_io.badExit
            3F6F            118FB0  fdisk_io.okExit
            3F82            118FC3  fdisk_io.fdiskReset
            3F9F            118FE0  fdisk_io.fdiskStatus
            3FB4            118FF5  fdisk_io.fdiskReadCHS
            3FC6            119007  fdisk_io.fdiskWriteCHS
            3FD8            119019  fdisk_io.fdiskVerifyCHS
            3FE8            119029  fdisk_io.fdiskFormat
            3FF8            119039  fdisk_io.fdiskReadLBA
            401D            11905E  fdisk_io.fdiskWriteLBA
            4042            119083  fdisk_io.fdiskVerifyLBA
            4067            1190A8  fdisk_io.fdiskFormatSector
            408C            1190CD  fdisk_io.fdiskError
            40C8            119109  fdisk_io.fdiskErrorUnknown
            40D5            119116  fdisk_io.fdiskBadAddress
            40E2            119123  fdisk_io.fdiskCRCError
            40EF            119130  fdisk_io.fdiskNoErrorData
            40FC            11913D  fdisk_io.fdiskErrorNoBit
            410B            11914C  fdisk_io.fdiskErrorDriveFault
            4118            119159  fdisk_io.fdiskCtrlrFailed
            4125            119166  serial_baud_table
            413D            11917E  serial_abt
            4145            119186  serial_io
            4190            1191D1  serial_io.badin
            4196            1191D7  serial_io.sioexit
            41A7            1191E8  serial_io.sbadexit1
            41AB            1191EC  serial_io.sbadexit2
            41AD            1191EE  serial_io.sbadcommon
            41B5            1191F6  serial_io.userinit
            41D2            119213  serial_io.ui1
            41E6            119227  serial_io.ui2
            41F1            119232  serial_io.ui3
            41F6            119237  serial_io.transmit
            4201            119242  serial_io.t1
            4216            119257  serial_io.t2
            422B            11926C  serial_io.recieve
            4260            1192A1  serial_io.r0
            426D            1192AE  serial_io.r1
            4274            1192B5  serial_io.rexit
            4286            1192C7  serial_io.gsret
            4291            1192D2  serial_io.getscratch
            42AA            1192EB  serial_io.extinit
            42AA            1192EB  serial_io.extstatus
            42AA            1192EB  serial_io.custombaud
            42B3            1192F4  misc_io
            42E7            119328  misc_io.badFunction
            42E9            11932A  misc_io.badout
            42F0            119331  misc_io.delay
            4334            119375  misc_io.loopdelay
            4371            1193B2  misc_io.return
            4373            1193B4  misc_io.memory16MB
            437D            1193BE  misc_io.miscDispatcher
            4392            1193D3  misc_io.mdConnectDebugger
            43ED            11942E  misc_io.mdDisconnectDebugger
            4446            119487  misc_io.mdDebugExit
            444C            11948D  misc_io.mdBeeper
            4453            119494  misc_io.advSysMemDispatcher
            4468            1194A9  misc_io.retUserBase
            4472            1194B3  misc_io.memory64MB
            4494            1194D5  misc_io.memoryBIOSseg
            44B4            1194F5  misc_io.fullMemoryMap
            44D1            119512  misc_io.sysDataTableDispatcher
            4532            119573  misc_io.sdtDT
            4561            1195A2  misc_io.sdtGet
            4570            1195B1  misc_io.sdtRegisterPage
            457A            1195BB  misc_io.sdtGetPagePtr
            4584            1195C5  misc_io.sdtDataptr
            4590            1195D1  misc_io.sdtReadIDTEntry
            45C1            119602  misc_io.sdtWriteIDTEntry
            45D9            11961A  misc_io.sdtNewDDP
            45E3            119624  misc_io.sdtNewfDDP
            45ED            11962E  misc_io.sdtReadDDP
            45F7            119638  misc_io.sdtReadfDDP
            4601            119642  misc_io.sdtNewSysInit
            4613            119654  misc_io.sdtReadSysInit
            4625            119666  misc_io.ehciFunctionDispatcher
            463A            11967B  misc_io.ehciDispGetCritPtr
            4644            119685  misc_io.ehciDispSetCritPtr
            464E            11968F  misc_io.ehciDispResetCtrlr
            464E            11968F  misc_io.echiDispReEnumDevices
            4655            119696  kb_io
            466C            1196AD  kb_io.k0
            4695            1196D6  kb_io.k1
            46B3            1196F4  kb_io.k2
            46BA            1196FB  kb_io.kexit
            46BE            1196FF  kb_io.kb_ptr_adv
            46D6            119717  kb_io.kbpa1
            46D7            119718  printer_io
            46E0            119721  MCPjmptbl
            4778            1197B9  MCP_int
            4791            1197D2  MCP_int.z11
            47AC            1197ED  MCP_int.z2
            47D8            119819  MCP_int.prog_sel
            47E4            119825  MCP_int.memoryMap
            47FA            11983B  MCP_int.singleStepsEP
            482F            119870  MCP_int.debugEpHardware
            484F            119890  MCP_int.debugEp
            4869            1198AA  MCP_int.dep1
            4884            1198C5  MCP_int.bad_command
            48A1            1198E2  MCP_int.bc1
            48AC            1198ED  MCP_int.connect
            48C9            11990A  MCP_int.connectString
            48DE            11991F  MCP_int.disconnect
            48FB            11993C  MCP_int.disconnectString
            4913            119954  MCP_int.version
            492F            119970  MCP_int.v1
            493A            11997B  MCP_int.v2
            493B            11997C  MCP_int.vstring
            4958            119999  MCP_int.debugRegs
            49B2            1199F3  MCP_int.xr11
            49CD            119A0E  MCP_int.xr1
            4A0C            119A4D  MCP_int.xr2
            4A15            119A56  MCP_int.xr3
            4A1E            119A5F  MCP_int.xr4
            4A27            119A68  MCP_int.xr5
            4A2B            119A6C  MCP_int.dumpDebugRegs
            4A5B            119A9C  MCP_int.ddr1
            4A67            119AA8  MCP_int.ddr11
            4A86            119AC7  MCP_int.ddr2
            4A8A            119ACB  MCP_int.ddr21
            4AB7            119AF8  MCP_int.dregcrlf
            4ADD            119B1E  MCP_int.dregtbl
            4AF5            119B36  MCP_int.xchangeReg
            4B64            119BA5  MCP_int.xcr1
            4BB8            119BF9  MCP_int.xcnoexit
            4BB9            119BFA  MCP_int.xcipchange
            4BC2            119C03  MCP_int.xcflags
            4BCF            119C10  MCP_int.xcf1
            4C0D            119C4E  MCP_int.inport
            4C60            119CA1  MCP_int.outport
            4CC9            119D0A  MCP_int.hexCalc
            4D7C            119DBD  MCP_int.hcprintquad
            4D89            119DCA  MCP_int.hcpq1
            4D99            119DDA  MCP_int.dumpReg
            4DC3            119E04  MCP_int.dreg1
            4DD3            119E14  MCP_int.dreg11
            4DE8            119E29  MCP_int.dreg2
            4DFE            119E3F  MCP_int.dreg21
            4E2A            119E6B  MCP_int.drip0
            4E2D            119E6E  MCP_int.drip1
            4E57            119E98  MCP_int.drip2
            4EA2            119EE3  MCP_int.ssep0
            4F1B            119F5C  MCP_int.drflagwrite
            4F1E            119F5F  MCP_int.drflg1
            4F46            119F87  MCP_int.drflg2
            4F55            119F96  MCP_int.dregexit
            4F56            119F97  MCP_int.dsegregwrite
            4F5C            119F9D  MCP_int.dsegreg1
            4F8E            119FCF  MCP_int.regcrlf
            4FB4            119FF5  MCP_int.regtbl
            500A            11A04B  MCP_int.rflgs
            5011            11A052  MCP_int.ipstrg
            501A            11A05B  MCP_int.dumpMemory
            5066            11A0A7  MCP_int.dmmain00
            50C6            11A107  MCP_int.dmmain01
            50D6            11A117  MCP_int.dmmain0
            50DB            11A11C  MCP_int.dmmain1
            50FB            11A13C  MCP_int.dmmain2
            5100            11A141  MCP_int.dmmain21
            5122            11A163  MCP_int.dmmain3
            516C            11A1AD  MCP_int.dmbadexit
            517D            11A1BE  MCP_int.dmexit
            5189            11A1CA  MCP_int.dmnoargs
            5193            11A1D4  MCP_int.dmnoargs1
            5197            11A1D8  MCP_int.dmnoargscommon
            51A6            11A1E7  MCP_int.dmalign
            51BF            11A200  MCP_int.dmal1
            51CB            11A20C  MCP_int.dmhyphen1
            51E3            11A224  MCP_int.dmcsaddrprint
            51FB            11A23C  MCP_int.dmrollprint
            520A            11A24B  MCP_int.dmdot
            520C            11A24D  MCP_int.dmbadargs
            521B            11A25C  MCP_int.editMemory
            528B            11A2CC  MCP_int.jumpProc
            52D7            11A318  MCP_int.singleStep
            52E6            11A327  MCP_int.proceedDefault
            52F9            11A33A  MCP_int.storageRead
            5301            11A342  MCP_int.storageWrite
            5307            11A348  MCP_int.storageCommon
            533D            11A37E  MCP_int.sc0
            5373            11A3B4  MCP_int.storageExit
            537F            11A3C0  MCP_int.storageError
            538B            11A3CC  MCP_int.restartMcp
            538D            11A3CE  MCP_int.clearscreen
            5399            11A3DA  MCP_int.storeMainRegisters
            53E4            11A425  MCP_int.loadMainRegisters
            543B            11A47C  MCP_int.arg
            544C            11A48D  MCP_int.a01
            544F            11A490  MCP_int.a1
            5462            11A4A3  MCP_int.a2
            5467            11A4A8  MCP_int.aexit
            5473            11A4B4  MCP_int.error
            548A            11A4CB  MCP_int.emsg
            549B            11A4DC  MCP_int.keyb
            54CE            11A50F  MCP_int.k1
            551B            11A55C  MCP_int.kend
            5525            11A566  MCP_int.kb1
            5526            11A567  MCP_int.kb2
            553C            11A57D  MCP_int.print
            5541            11A582  MCP_int.ascii
            5554            11A595  MCP_int.lst
            5567            11A5A8  MCP_int.prompt
            556B            11A5AC  MCP_int.prompt2
            556D            11A5AE  MCP_int.crlf
            5570            11A5B1  bootstrapInt
            5598            11A5D9  bootstrapInt.e0
            55C2            11A603  bootstrapInt.e1
            55CE            11A60F  bootstrapInt.e2
            55DC            11A61D  bootstrapInt.e3
            55E6            11A627  bootstrapInt.leaveBIOS
            55FD            11A63E  bootstrapInt.efail
            5609            11A64A  timerInt
            564D            11A68E  timerInt.bad
            5654            11A695  timerInt.exit
            5656            11A697  timerInt.gett
            5675            11A6B6  timerInt.sett
            5689            11A6CA  timerInt.tiext
            5694            11A6D5  timerInt.getpitdiv
            569E            11A6DF  timerInt.setpitdiv
            56B7            11A6F8  timerInt.readRTCtime
            56BB            11A6FC  timerInt.rrt0
            56FB            11A73C  timerInt.rrtbad
            5701            11A742  timerInt.setRTCtime
            5705            11A746  timerInt.srt0
            5763            11A7A4  timerInt.readRTCdate
            5767            11A7A8  timerInt.rrd0
            5797            11A7D8  timerInt.setRTCdate
            579B            11A7DC  timerInt.srd0
            57F8            11A839  timerInt.setRTCalarm
            583B            11A87C  timerInt.srabad
            5843            11A884  timerInt.resetRTCalarm
            5860            11A8A1  timerInt.readRTC
            5869            11A8AA  timerInt.writeRTC
            5874            11A8B5  ctrlbreak_io
            5876            11A8B7  scr_params_io
            5882            11A8C3  disk_params_io
            5894            11A8D5  cga_ret_io
            58AC            11A8ED  ATA
            58AC            11A8ED  ATA.identifyDevice
            58CD            11A90E  ATA.l2
            58E3            11A924  ATA.l3
            58F4            11A935  ATA.exitfail
            58F5            11A936  ATA.exit
            58F8            11A939  ATA.selectDriveFromTable
            5909            11A94A  ATA.selectDrive
            5935            11A976  ATA.sd0
            596D            11A9AE  ATA.skipSelection
            5970            11A9B1  ATA.driveNotSelected
            5973            11A9B4  ATA.driveSelectWait
            597F            11A9C0  ATA.dsw0
            5991            11A9D2  ATA.wait400ns
            5997            11A9D8  ATA.wns
            599C            11A9DD  ATA.getTablePointer
            59AD            11A9EE  ATA.gtpSearch
            59BC            11A9FD  ATA.gtpVerifyOk
            59C5            11AA06  ATA.gtpBad
            59C8            11AA09  ATA.resetChannel
            5A16            11AA57  ATA.rcBad
            5A18            11AA59  ATA.read
            5A20            11AA61  ATA.rWait
            5A2E            11AA6F  ATA.rWaitLoop
            5A59            11AA9A  ATA.readExitloop
            5A6A            11AAAB  ATA.rExit
            5A6C            11AAAD  ATA.rTimeout
            5A74            11AAB5  ATA.errorExit
            5A76            11AAB7  ATA.write
            5A7E            11AABF  ATA.writeWait
            5A8C            11AACD  ATA.writeWaitLoop
            5AA3            11AAE4  ATA.w1
            5AAD            11AAEE  ATA.formatEP
            5AB8            11AAF9  ATA.wBSYcheck
            5AD1            11AB12  ATA.wFlushCheck
            5AED            11AB2E  ATA.verify
            5AFC            11AB3D  ATA.vLoop
            5B18            11AB59  ATA.format
            5B2B            11AB6C  ATA.formatWait
            5B48            11AB89  ATA.f0
            5B4D            11AB8E  ATA.f1
            5B5C            11AB9D  ATA.readCHS
            5B7A            11ABBB  ATA.writeCHS
            5B98            11ABD9  ATA.verifyCHS
            5BB4            11ABF5  ATA.formatCHS
            5BDC            11AC1D  ATA.setupCHS
            5C12            11AC53  ATA.sCHSFailed
            5C1B            11AC5C  ATA.readLBA
            5C39            11AC7A  ATA.writeLBA
            5C57            11AC98  ATA.verifyLBA
            5C75            11ACB6  ATA.formatLBA
            5C93            11ACD4  ATA.setupLBA
            5CCD            11AD0E  ATA.sLBAFailed
            5CD6            11AD17  ATA.readLBA48
            5CF4            11AD35  ATA.writeLBA48
            5D12            11AD53  ATA.verifyLBA48
            5D30            11AD71  ATA.formatLBA48
            5D4E            11AD8F  ATA.setupLBA48
            5DB1            11ADF2  USB
            5DB1            11ADF2  USB.ehciCriticalErrorWrapper
            5DB8            11ADF9  USB.ehciCriticalErrorHandler
            5DDF            11AE20  USB.ecehmsg
            5DEC            11AE2D  USB.setupEHCIcontroller
            5E0B            11AE4C  USB.secexit
            5E0F            11AE50  USB.ehciResetControllerPort
            5E54            11AE95  USB.erclp0
            5E68            11AEA9  USB.erclp1
            5E98            11AED9  USB.erclp2
            5ECC            11AF0D  USB.erclp3
            5EF8            11AF39  USB.ercpexit
            5EFD            11AF3E  USB.ercperr
            5F03            11AF44  USB.ehciResetCtrlr
            5F1C            11AF5D  USB.erc0
            5F3B            11AF7C  USB.erc1
            5F59            11AF9A  USB.ercexit
            5F64            11AFA5  USB.erc2
            5F67            11AFA8  USB.ehciRunCtrlr
            5F81            11AFC2  USB.esc0
            5F93            11AFD4  USB.esc1
            5F96            11AFD7  USB.esc2
            5F99            11AFDA  USB.ehciStopCtrlr
            5FB2            11AFF3  USB.estc0
            5FC2            11B003  USB.estcexit
            5FC5            11B006  USB.estc1
            5FC8            11B009  USB.ehciAdjustAsyncSchedCtrlr
            5FE2            11B023  USB.eacStart
            5FF1            11B032  USB.eacOkExit
            5FF3            11B034  USB.eacBad
            5FF5            11B036  USB.ehciInitCtrlrRegs
            6045            11B086  USB.ehciCtrlrGetNumberOfPorts
            6059            11B09A  USB.ehciGetNewQHeadAddr
            607A            11B0BB  USB.egnqaexit
            607B            11B0BC  USB.ehciToggleTransactingQHead
            6096            11B0D7  USB.ettqh0
            60A3            11B0E4  USB.ehciDelinkOldQHead
            60C3            11B104  USB.ehciLinkNewQHead
            60DF            11B120  USB.elnqhexit
            60E4            11B125  USB.elnqadjusted
            611A            11B15B  USB.elnqhbad
            611F            11B160  USB.ehciSetNoData
            61BE            11B1FF  USB.ehciGetRequest
            627B            11B2BC  USB.egddproceed
            6280            11B2C1  USB.egddexit
            628C            11B2CD  USB.ehciStartAsyncSchedule
            62A3            11B2E4  USB.esas0
            62B2            11B2F3  USB.esasok
            62B5            11B2F6  USB.esasfail
            62B8            11B2F9  USB.ehciStopAsyncSchedule
            62D0            11B311  USB.espc0
            62E3            11B324  USB.espcfail
            62E7            11B328  USB.ehciProcessCommand
            6310            11B351  USB.epc1
            6330            11B371  USB.epc2
            6360            11B3A1  USB.epc3
            637C            11B3BD  USB.epc4
            6397            11B3D8  USB.epcexit
            639C            11B3DD  USB.epcStall
            63A7            11B3E8  USB.epcfail
            63B1            11B3F2  USB.epcfailedstart
            63B1            11B3F2  USB.epcfaildelinked
            63B9            11B3FA  USB.epcHostError
            63C4            11B405  USB.epcfailtimeout
            63E1            11B422  USB.ehciEnumerateRootPort
            63ED            11B42E  USB.eebinit
            6409            11B44A  USB.eeb0
            642C            11B46D  USB.eeb1
            646B            11B4AC  USB.eeb2
            648A            11B4CB  USB.ehciEnumCommonEp
            64A2            11B4E3  USB.eeb3
            64C1            11B502  USB.eeb4
            64CB            11B50C  USB.eeb5
            64EA            11B52B  USB.eeb6
            650C            11B54D  USB.eeb7
            652A            11B56B  USB.eeb8
            6542            11B583  USB.eeb9
            6545            11B586  USB.eeb10
            655D            11B59E  USB.eeb11
            6571            11B5B2  USB.ehciedexit
            657E            11B5BF  USB.ehciedbad
            657E            11B5BF  USB.ehciedbadnoport
            6589            11B5CA  USB.ehciedbadnotimeout
            659B            11B5DC  USB.ehcibadremtables
            65A7            11B5E8  USB.ehciAddDeviceToTables
            65D4            11B615  USB.eadtt0
            65EA            11B62B  USB.eadtt1
            660F            11B650  USB.eadttmsd
            661E            11B65F  USB.eadttmsd0
            6634            11B675  USB.eadttmsd1
            6646            11B687  USB.eadttmsd11
            6667            11B6A8  USB.eadttmsd2
            669E            11B6DF  USB.eadttmsd21
            66B9            11B6FA  USB.eadttmsd3
            66D3            11B714  USB.eadtthub
            66E3            11B724  USB.eadtthub0
            66F5            11B736  USB.eadtthub1
            6712            11B753  USB.eadttpass
            6716            11B757  USB.eadttexit
            671D            11B75E  USB.eadttbad
            6724            11B765  USB.ehciRemoveDevFromTables
            6733            11B774  USB.erdft0
            6740            11B781  USB.erdft1
            6756            11B797  USB.erdft11
            6798            11B7D9  USB.erdft2
            67B2            11B7F3  USB.erdftexit
            67B6            11B7F7  USB.erdftbad
            67B9            11B7FA  USB.ehciGiveValidAddress
            67BF            11B800  USB.egva0
            67D1            11B812  USB.egva1
            67DC            11B81D  USB.egvaexit
            67DF            11B820  USB.ehciFindValidInterface
            67FA            11B83B  USB.ecvi0
            6828            11B869  USB.ecviif
            682F            11B870  USB.ecviexit
            6834            11B875  USB.ecvifail
            683B            11B87C  USB.ecvibadif
            684A            11B88B  USB.ecvibadif1
            6857            11B898  USB.ehciCheckHubIf
            6871            11B8B2  USB.ecdhexit
            6873            11B8B4  USB.ecdhfail
            6876            11B8B7  USB.ehciCheckMsdIf
            688B            11B8CC  USB.ecdmprot
            6891            11B8D2  USB.ecdmprotUAF
            6891            11B8D2  USB.ecdmpass
            6892            11B8D3  USB.ecdmexit
            6896            11B8D7  USB.ecdmfail
            6899            11B8DA  USB.ehciGetDevicePtr
            68AB            11B8EC  USB.egdp0
            68BE            11B8FF  USB.egdp1
            68EF            11B930  USB.egdp2
            68FE            11B93F  USB.egdp3
            68FF            11B940  USB.egdpexit
            6903            11B944  USB.egdpfail
            6909            11B94A  USB.ehciProbeQhead
            690D            11B94E  USB.ehciStandardErrorHandler
            696F            11B9B0  USB.esehexit
            6978            11B9B9  USB.ehciClearEpStallHalt
            698F            11B9D0  USB.ehciWriteQHead
            69B4            11B9F5  USB.ehciWriteQHeadTD
            6A30            11BA71  USB.ehciDevSetupHub
            6A37            11BA78  USB.edshub
            6A4A            11BA8B  USB.edshub1
            6A54            11BA95  USB.edshub11
            6A6E            11BAAF  USB.edshub13
            6A74            11BAB5  USB.edshub2
            6A7A            11BABB  USB.ehciDeviceSetupMsd
            6A81            11BAC2  USB.edsmsd
            6A8B            11BACC  USB.edsm1
            6AB6            11BAF7  USB.edsms2
            6AB9            11BAFA  USB.edsms3
            6AD9            11BB1A  USB.edsms4
            6AE6            11BB27  USB.edsms5
            6B0D            11BB4E  USB.edsms6
            6B17            11BB58  USB.edsexit
            6B1C            11BB5D  USB.edsfail
            6B24            11BB65  USB.ehciEnumerateHubPort
            6B37            11BB78  USB.eehdeinit
            6B43            11BB84  USB.eehde0
            6B62            11BBA3  USB.eehde1
            6B6F            11BBB0  USB.eehde2
            6B8D            11BBCE  USB.eehde3
            6B90            11BBD1  USB.eehde31
            6BAE            11BBEF  USB.eehde4
            6BC1            11BC02  USB.eehde41
            6BDC            11BC1D  USB.eehde5
            6BFA            11BC3B  USB.eehde6
            6C3E            11BC7F  USB.eehde7
            6C5C            11BC9D  USB.eehde10
            6C77            11BCB8  USB.eehde101
            6C84            11BCC5  USB.eehde11
            6CAE            11BCEF  USB.eehde12
            6CB7            11BCF8  USB.eehde13
            6CF2            11BD33  USB.eehdebad
            6CF2            11BD33  USB.eehdebadnoport
            6CF7            11BD38  USB.eehdebadnotimeout
            6CFC            11BD3D  USB.eehdebadremtables
            6D01            11BD42  USB.eehdecritical
            6D06            11BD47  USB.eehdereset
            6D2A            11BD6B  USB.eehder1
            6D5C            11BD9D  USB.eehder2
            6D74            11BDB5  USB.eehcritexit
            6D75            11BDB6  USB.ehciHubClassDescriptor
            6DB5            11BDF6  USB.ehcdexit
            6DB9            11BDFA  USB.ehcdfail
            6DBF            11BE00  USB.ehciMsdInitialise
            6DE1            11BE22  USB.emi0
            6E13            11BE54  USB.ehciMsdInitExit
            6E15            11BE56  USB.ehciMsdInitFail
            6E29            11BE6A  USB.ehciMsdInitialisePfail
            6E32            11BE73  USB.emipf0
            6E4D            11BE8E  USB.ehciMsdDeviceReset
            6E77            11BEB8  USB.ehciMsdGetMaxLun
            6EA1            11BEE2  USB.ehciMsdBOTResetRecovery
            6ECF            11BF10  USB.embrrexit
            6ED3            11BF14  USB.ehciMsdBOTCheckValidCSW
            6F20            11BF61  USB.ehciMsdBOTCheckMeaningfulCSW
            6F50            11BF91  USB.embcmcResidueCheck
            6F7E            11BFBF  USB.embcmcExit
            6F81            11BFC2  USB.ehciMsdBOTCheckTransaction
            6F93            11BFD4  USB.embhiehcswmeaningful
            6F9E            11BFDF  USB.embhiehexit
            6F9F            11BFE0  USB.ehciMsdBOTOO64I
            6F9F            11BFE0  USB.ehciMsdBOTOI64I
            6FA8            11BFE9  USB.ehciMsdBOTOOI
            7074            11C0B5  USB.ehciMsdBOTOII
            711D            11C15E  USB.emboiicommonep
            7153            11C194  USB.emboexit
            7160            11C1A1  USB.ehciMsdBOTOI
            71FD            11C23E  USB.emboiexit
            7208            11C249  USB.ehciMsdWriteOutQHead
            7247            11C288  USB.ehciMsdWriteInQHead
            7286            11C2C7  USB.ehciMsdBOTRequest
            72C5            11C306  USB.ehciMsdBOTInquiry
            7312            11C353  USB.ehciMsdBOTReadFormatCapacities
            7363            11C3A4  USB.ehciMsdBOTReadCapacity10
            73B4            11C3F5  USB.ehciMsdBOTFormatUnit
            73EF            11C430  USB.embfu0
            7411            11C452  USB.embfuexit
            741B            11C45C  USB.embfuerror
            741E            11C45F  USB.ehciMsdBOTVerify
            745E            11C49F  USB.embvexit
            746A            11C4AB  USB.embvbad
            746D            11C4AE  USB.ehciMsdBOTRequestSense
            74BE            11C4FF  USB.ehciMsdBOTTestReady
            74F5            11C536  USB.ehciMsdBOTModeSense6
            7546            11C587  USB.ehciMsdBOTOutSector512
            7586            11C5C7  USB.embosexit
            758E            11C5CF  USB.emboseerror
            7591            11C5D2  USB.ehciMsdBOTInSector512
            75C9            11C60A  USB.ehciMsdBOTSector512
            761A            11C65B  USB.msdWriteCBW
            764B            11C68C  USB.scsiInquiry
            7666            11C6A7  USB.scsiWrite10
            766A            11C6AB  USB.scsiRead10
            766C            11C6AD  USB.scsirw
            768D            11C6CE  USB.scsiRequestSense
            76A0            11C6E1  USB.scsiTestUnitReady
            76AA            11C6EB  USB.scsiReadFormatCapacities
            76BA            11C6FB  USB.scsiReadCap10
            76C4            11C705  USB.scsiFormatUnit
            76D9            11C71A  USB.scsiVerify
            76FA            11C73B  USB.scsiModeSense6
            770A            11C74B  USB.ehciGetOpBase
            7723            11C764  USB.egob1
            7725            11C766  i0
            772D            11C76E  i1
            773C            11C77D  i2
            774B            11C78C  i3
            775A            11C79B  i4
            7769            11C7AA  i5
            7778            11C7B9  i6
            7787            11C7C8  i7
            7796            11C7D7  i8
            77A5            11C7E6  i9
            77B4            11C7F5  i10
            77C3            11C804  i11
            77D2            11C813  i12
            77E1            11C822  i13
            77ED            11C82E  i14
            77F9            11C83A  i15
            7805            11C846  i16
            7811            11C852  i17
            781D            11C85E  i18
            7829            11C86A  i19
            7835            11C876  i20
            7841            11C882  i21
            784B            11C88C  cpu_4args
            7857            11C898  cpu_3args
            7863            11C8A4  cpu_2args
            786D            11C8AE  cpu_exception
            78FB            11C93C  cpu_exception.cpurollprint
            7901            11C942  cpu_exception.cpurollprint1
            7912            11C953  cpu_exception.cpuexendloop
            792A            11C96B  cpu_exception.cpu_exception_appret
            7935            11C976  cpu_exception.cpuextendederror
            793C            11C97D  cpu_exception.pr1
            7977            11C9B8  cpu_exception.pr2
            79AD            11C9EE  cpu_exception.char
            79BD            11C9FE  cpu_exception.printbyte
            79DA            11CA1B  cpu_exception.fatalt0
            79E2            11CA23  cpu_exception.fatal1
            7B23            11CB64  cpu_exception.fatal2
            7B27            11CB68  cpu_exception.ascii
            7B37            11CB78  dummy_interrupt
            7B37            11CB78  dummy_interrupt.pic2
            7B3E            11CB7F  dummy_interrupt.pic1
            7B3F            11CB80  dummy_interrupt.p1
            7B44            11CB85  dummy_return_64
            7B46            11CB87  signature
            7B52            11CB93  signature2
            7B74            11CBB5  codeResidentEndPtr

---- Section BIOSTables -------------------------------------------------------

Real              Virtual           Name
          110000            110000  BIOSIDTable
          111000            111000  BIOSPageTbl
          117000            117000  BIOSGDTable

---- Section data -------------------------------------------------------------

Real              Virtual           Name
          117020            117020  IDTlength
          117022            117022  IDTpointer
          117022            117022  IDTpointer.Limit
          117024            117024  IDTpointer.Base
          11702C            11702C  GDTlength
          11702E            11702E  GDTpointer
          11702E            11702E  GDTpointer.Limit
          117030            117030  GDTpointer.Base
          117038            117038  pageTablePtr
          117040            117040  spurint1
          117041            117041  spurint2
          117042            117042  kb_buffer
          117062            117062  kb_buf_head
          11706A            11706A  kb_buf_tail
          117072            117072  kb_buf_start
          11707A            11707A  kb_buf_end
          117082            117082  kb_flags
          117083            117083  kb_flags_1
          117084            117084  kb_flags_2
          117085            117085  break_flag
          117086            117086  numCOM
          117087            117087  com_addresses
          11708F            11708F  comX_buffer
          11708F            11708F  com1_buffer
          11709F            11709F  com2_buffer
          1170AF            1170AF  com3_buffer
          1170BF            1170BF  com4_buffer
          1170CF            1170CF  comX_buf_head
          1170CF            1170CF  com1_buf_head
          1170D7            1170D7  com2_buf_head
          1170DF            1170DF  com3_buf_head
          1170E7            1170E7  com4_buf_head
          1170EF            1170EF  comX_buf_tail
          1170EF            1170EF  com1_buf_tail
          1170F7            1170F7  com2_buf_tail
          1170FF            1170FF  com3_buf_tail
          117107            117107  com4_buf_tail
          11710F            11710F  comX_buf_start
          11710F            11710F  com1_buf_start
          117117            117117  com2_buf_start
          11711F            11711F  com3_buf_start
          117127            117127  com4_buf_start
          11712F            11712F  comX_buf_end
          11712F            11712F  com1_buf_end
          117137            117137  com2_buf_end
          11713F            11713F  com3_buf_end
          117147            117147  com4_buf_end
          11714F            11714F  prt_addresses
          117155            117155  pit_divisor
          117157            117157  pit_ticks
          11715B            11715B  rtc_ticks
          117163            117163  scr_curs_pos
          117173            117173  scr_cols
          117174            117174  scr_rows
          117175            117175  scr_curs_shape
          117177            117177  scr_char_attr
          117178            117178  scr_mode
          117179            117179  scr_active_page
          11717A            11717A  scr_crtc_base
          11717C            11717C  scr_page_addr
          117180            117180  scr_mode_params
          117188            117188  scr_vga_ptrs
          1171C8            1171C8  i33Devices
          1171C9            1171C9  msdStatus
          1171CA            1171CA  fdiskNum
          1171CB            1171CB  ata0CmdByte
          1171CC            1171CC  ata0Status
          1171CD            1171CD  ata1CmdByte
          1171CE            1171CE  ata1Status
          1171CF            1171CF  diskDptPtr
          1171D7            1171D7  fdiskDptPtr
          1171DF            1171DF  nextFilePtr
          1171E7            1171E7  numSectors
          1171E9            1171E9  MachineWord
          1171EB            1171EB  convRAM
          1171ED            1171ED  userBase
          1171F5            1171F5  bigmapSize
          1171F6            1171F6  srData
          1171FE            1171FE  srData1
          117200            117200  sysMem
          117208            117208  scpSize
          11720C            11720C  mcpUserBase
          117214            117214  mcpUserRip
          11721C            11721C  mcpUserkeybf
          117224            117224  mcpUserRaxStore
          11722C            11722C  mcpStackPtr
          117234            117234  eControllers
          117235            117235  eControllerList
          117255            117255  usbDevices
          117256            117256  eHCErrorHandler
          11725E            11725E  eCurrAsyncHead
          117266            117266  eNewBus
          117267            117267  eActiveCtrlr
          117268            117268  eActiveInt
          117269            117269  eAsyncMutex
          11726A            11726A  cbwTag
          11726B            11726B  numMSD
          11726C            11726C  usbDevTbl
          11728A            11728A  usbDevTblEnd
          11728A            11728A  hubDevTbl
          1172DA            1172DA  hubDevTblEnd
          1172DA            1172DA  msdDevTbl
          11737A            11737A  msdDevTblEnd
          11737A            11737A  ideNumberOfControllers
          11737B            11737B  ideControllerTable
          11739B            11739B  fdiskTable
          1173F3            1173F3  diskDevices

---- Section MCPseg -----------------------------------------------------------

Real              Virtual           Name
          11D3B5            11D3B5  MCPsegEnd

---- Section xdata ------------------------------------------------------------

Real              Virtual           Name
          11D3C0            11D3C0  ehciAschedule
          11D3C0            11D3C0  ehciQHead0
          11D440            11D440  ehciQHead1
          11D4C0            11D4C0  ehciTDSpace
          11D740            11D740  ehciDataOut
          11D780            11D780  sectorbuffer
          11D780            11D780  ehciDataIn
          11D980            11D980  msdCSW
          11D9A0            11D9A0  prdt
          11D9B0            11D9B0  bigmapptr

---- Section SysInitParams ----------------------------------------------------

Real              Virtual           Name
             600               600  SysInitTable
             600               600  SysInitTable.numSecW
             602               602  SysInitTable.FileLBA
             60A               60A  loMachineWord

---- Section lowStack ---------------------------------------------------------

Real              Virtual           Name
             800               800  lowStackPtr

