
- NASM Map file ---------------------------------------------------------------

Source file:  ./Source/scpbios.asm
Output file:  ./Binaries/scpbios.bin

-- Program origin -------------------------------------------------------------

00000800

-- Sections (summary) ---------------------------------------------------------

Vstart            Start             Stop              Length    Class     Name
             800               800               800  00000000  progbits  .text
             800               800              22D1  00001AD1  progbits  codeInit
          117493              22D1              7A9F  000057CE  progbits  codeResident
          110000            110000            117020  00007020  nobits    BIOSTables
          117020            117020            117493  00000473  nobits    data
          11CC61            11CC61            11D461  00000800  nobits    MCPseg
          11D480            11D480            11DA70  000005F0  nobits    xdata
             600               600               60C  0000000C  nobits    SysInitParams
             700               700               800  00000100  nobits    lowStack

-- Sections (detailed) --------------------------------------------------------

---- Section .text ------------------------------------------------------------

class:     progbits
length:                   0
start:                  800
align:     not defined
follows:   not defined
vstart:                 800
valign:    not defined
vfollows:  not defined

---- Section codeInit ---------------------------------------------------------

class:     progbits
length:                1AD1
start:                  800
align:                    4
follows:   not defined
vstart:                 800
valign:    not defined
vfollows:  not defined

---- Section codeResident -----------------------------------------------------

class:     progbits
length:                57CE
start:                 22D1
align:                    1
follows:   codeInit
vstart:              117493
valign:                   1
vfollows:  data

---- Section BIOSTables -------------------------------------------------------

class:     nobits
length:                7020
start:               110000
align:                    1
follows:   not defined
vstart:              110000
valign:                   1
vfollows:  not defined

---- Section data -------------------------------------------------------------

class:     nobits
length:                 473
start:               117020
align:                    1
follows:   not defined
vstart:              117020
valign:                   1
vfollows:  BIOSTables

---- Section MCPseg -----------------------------------------------------------

class:     nobits
length:                 800
start:               11CC61
align:                    1
follows:   not defined
vstart:              11CC61
valign:                   1
vfollows:  codeResident

---- Section xdata ------------------------------------------------------------

class:     nobits
length:                 5F0
start:               11D480
align:                   40
follows:   not defined
vstart:              11D480
valign:                  40
vfollows:  MCPseg

---- Section SysInitParams ----------------------------------------------------

class:     nobits
length:                   C
start:                  600
align:     not defined
follows:   not defined
vstart:                 600
valign:    not defined
vfollows:  not defined

---- Section lowStack ---------------------------------------------------------

class:     nobits
length:                 100
start:                  700
align:     not defined
follows:   not defined
vstart:                 700
valign:    not defined
vfollows:  not defined

-- Symbols --------------------------------------------------------------------

---- No Section ---------------------------------------------------------------

Value     Name
00000003  permissionflags
00000008  codedescriptor
00110000  BIOSStartAddr
00000800  BIOSInitAddr
00001000  e820Seg
00000000  e820SizeOff
00000002  e820BaseOff
00010000  e820SizeAddr
00000020  pic1command
000000A0  pic2command
00000021  pic1data
000000A1  pic2data
00000064  ps2command
00000064  ps2status
00000060  ps2data
000003F8  com1_base
000002F8  com2_base
000003E8  com3_base
000002E8  com4_base
00000040  PITbase
00000040  PIT0
00000041  PIT1
00000042  PIT2
00000043  PITcommand
00000070  cmos_base
00000071  cmos_data
00000001  kb_flag_rshift
00000002  kb_flag_lshift
00000004  kb_flag_ctrl
00000008  kb_flag_alt
00000010  kb_flag_scrlset
00000020  kb_flag_numset
00000040  kb_flag_capsset
00000080  kb_flag_insset
00000001  kb_flag2_e1
00000002  kb_flag2_e0
000003D4  vga_index
000003D5  vga_data
000003B4  vga_aindex
000003B5  vga_adata
000A0000  vga_bpage0
000B0000  vga_bpage1
000B8000  vga_bpage2
00000CF8  pci_index
00000CFC  pci_data
0000000C  usb_class
00000003  usb_subclass
00000000  uhci_interface
00000010  uhcimask
00000010  ohci_interface
00000020  ohcimask
00000020  ehci_interface
00000040  ehcimask
00000030  xhci_interface
00000080  xhcimask
0000E000  lousbtablesize
0000E002  lousbtablebase
000000C8  debounceperiod
00000000  ehcicaplength
00000002  ehciversion
00000004  ehcistrucparams
00000008  ehcihccparams
0000000C  ehciportroute
00000000  ehcicmd
00000004  ehcists
00000008  ehciintr
0000000C  ehcifrindex
00000010  ehcictrlseg
00000014  ehciperiodbase
00000018  ehciasyncaddr
00000040  ehciconfigflag
00000044  ehciportsc
000000FF  setupReset
000000FE  setupGetMaxLUN
43425355  CBWSig
53425355  CSWSig
00000000  CBWFlagOut
00000080  CBWFlagIn
00000000  bCSWPassed
00000001  bCSWFailed
00000002  bCSWPhase
00000010  msdDevTblEntrySize
00000008  hubDevTblEntrySize
00000003  usbDevTblEntrySize
0000000A  usbMaxDevices
00000060  ehciSizeOfQH
00000040  ehciSizeOfTD
000001F0  ata0_base
000003F6  ata0_ctrl
00000170  ata1_base
00000376  ata1_ctrl
00000001  msd_class
00000001  ide_subclass
00000006  sata_subclass
00000010  ideTableEntrySize
000003F0  fdd_base
00000000  fdiskEntry
00000000  fdiskEntry.signature
00000001  fdiskEntry.wHeads
00000003  fdiskEntry.wCylinder
00000005  fdiskEntry.wSecTrc
00000007  fdiskEntry.lbaMax
0000000B  fdiskEntry.lbaMax48
00000013  fdiskEntry.ioBase
00000015  fdiskEntry.msBit
00000016  fdiskEntry_size
00000001  fdePresent
00000002  fdeLBA28
00000004  fdeLBA48
0000006C  idCurrCyl
0000006E  idCurrHed
00000070  idCurrSecTk
00000078  idLBASectrs
000000C8  idLBA48Sec
00000010  int33TblEntrySize
00000061  port61h
00000020  EOI
00000080  waitp
000000E9  bochsout
000000CC  BREAKPOINT
00000800  sizeOfMCPAlloc
0000000A  usbDevTblE
0000000A  hubDevTblE
0000000A  msdDevTblE
0000000A  diskDevicesE
00000000  GDT.Null
00000008  GDT.Code
00000010  GDT.Data
00000031  failmsglen
00000200  IDT_TABLE_Length
00001AD1  seg0len
000000A0  scr_io_table_length
00000013  MCP_int.asciil
00000013  MCP_int.lstl
000057CE  residentLength


---- Section codeInit ---------------------------------------------------------

Real              Virtual           Name
             800               800  realInit
             83A               83A  realInit.a20Proc
             83E               83E  realInit.a20FastEnable
             84F               84F  realInit.no92
             854               854  realInit.a20KeybEnable
             88A               88A  realInit.a20wait
             891               891  realInit.a20wait2
             898               898  realInit.a20Check
             8B4               8B4  realInit.a20Pass
             8BE               8BE  realInit.a20Fail
             8CF               8CF  realInit.a20Exit
             8ED               8ED  realInit.extCheck
             8FD               8FD  realInit.noa20
             8FF               8FF  realInit.noCPUID
             905               905  realInit.fail
             91E               91E  realInit.write
             92C               92C  realInit.return
             92D               92D  realInit.msg
             939               939  tellBIOS
             948               948  rmE820Map
             98A               98A  rmE820Map.map0
             9A9               9A9  rmE820Map.map1
             9B7               9B7  rmE820Map.map2
             9C8               9C8  rmE820Map.map3
             9CF               9CF  rmE820Map.mapfail
             9CF               9CF  rmE820Map.mapexit
             9E9               9E9  rmE820Map.mem2write
             9F5               9F5  rmE820Map.badmem2
             A00               A00  rmE820Map.mem3test
             A17               A17  rmE820Map.finalmemtest
             A1E               A1E  rmGetFontPointers
             A20               A20  rmGetFontPointers.gfp1
             A49               A49  rmSetTables
             A66               A66  rmUtables
             A7A               A7A  rmPDTentries
             AC4               AC4  GDT
             ADE               ADE  GDT.Pointer
             AE0               AE0  GDT.Base
             AE8               AE8  longmode_ep
             D0A               D0A  Relocate
             D45               D45  Relocate.move820_0
             D59               D59  Relocate.mv0
             D9A               D9A  Relocate.readSystemSize
             DB9               DB9  Relocate.rss1
             DC3               DC3  Relocate.rss2
             DD6               DD6  Relocate.addEntry
             DE6               DE6  Relocate.ae0
             E2B               E2B  Relocate.ae1
             E3B               E3B  Relocate.ae2
             ECA               ECA  Relocate.altRAM
             F34               F34  Ptablefinal
             F63               F63  Ptablefinal.utables
             FAB               FAB  idtFillDummy
             FCB               FCB  idtLoop
            104A              104A  PICremap
            108C              108C  pci_scan
            1099              1099  pci_scan.u1
            10EC              10EC  pci_scan.u11
            10FF              10FF  pci_scan.sataPCIEnum
            1119              1119  pci_scan.spemsg
            1136              1136  pci_scan.idePCIEnum
            1184              1184  pci_scan.ipeWriteTable
            11B1              11B1  pci_scan.ipemsg
            11D4              11D4  pci_scan.ipemsg2
            1203              1203  pci_scan.uhci_found
            1225              1225  pci_scan.uhci_succ
            1245              1245  pci_scan.ohci_found
            124F              124F  pci_scan.ehci_found
            126E              126E  pci_scan.ehci_succ
            128E              128E  pci_scan.xhci_succ
            12AE              12AE  pci_scan.xhci_found
            12CB              12CB  pci_scan.controlController
            133A              133A  pci_scan.cc0
            137E              137E  pci_scan.cc1
            13DA              13DA  pci_scan.controlUHCI
            1422              1422  pci_scan.cu0
            1427              1427  pci_scan.cu1
            1449              1449  pci_scan.controlxHCI
            1458              1458  pci_scan.suohoc0
            1468              1468  pci_scan.suohoc1
            1482              1482  pci_scan.suohoc2
            1494              1494  pci_scan.suohoc21
            1495              1495  pci_scan.suohoc3
            14A3              14A3  pci_scan.controlEHCI
            14BE              14BE  pci_scan.ce0
            14D9              14D9  pci_scan.ehcieecpsetup
            1501              1501  pci_scan.ees1
            151E              151E  pci_scan.ees2
            154F              154F  pci_scan.weirdEHCI1
            157C              157C  pci_scan.failmsg
            15AD              15AD  pciExit
            15AD              15AD  PITreset
            15BF              15BF  rtc_init
            1624              1624  checkCOM
            164D              164D  COMinitproceed
            1656              1656  serialinit
            16A1              16A1  COMinitexit
            16A7              16A7  keybsetup
            16CF              16CF  initFlush
            16D5              16D5  keyb0
            1733              1733  keyb1
            1742              1742  keyb1.k1
            1754              1754  keyb2
            1764              1764  keyb2.k1
            1770              1770  keyb3
            1779              1779  keyb3.k1
            1792              1792  keyb4
            17A2              17A2  keyb4.k1
            17B5              17B5  keyb5
            17CD              17CD  scancode_faff
            17D1              17D1  scancode_faff.k1
            17E7              17E7  scancode_faff.k2
            17FB              17FB  keybinitend
            181E              181E  keybinitend.cleanBuffer
            182D              182D  ps2talk
            182D              182D  ps2talk.rStat
            1830              1830  ps2talk.rDat
            183D              183D  ps2talk.wCmd
            1845              1845  ps2talk.wDat
            184D              184D  ps2error
            1858              1858  ps2Str
            1858              1858  ps2Str.noecho
            186A              186A  ps2Str.startMsg
            187E              187E  ps2Str.okMsg
            1883              1883  endPS2Init
            189B              189B  debuggerInit
            18BD              18BD  IDE
            18BD              18BD  IDE.ideInitialisation
            18EC              18EC  IDE.ii0
            1900              1900  IDE.ii1
            190B              190B  IDE.ii2
            1929              1929  IDE.ii3
            193D              193D  IDE.ii4
            1948              1948  IDE.ii5
            1965              1965  IDE.identifyDrive
            19CC              19CC  IDE.id0
            19E0              19E0  IDE.id1
            1A05              1A05  IDE.id2
            1A46              1A46  IDE.id3
            1A66              1A66  IDE.idDeviceOK
            1A70              1A70  IDE.idExit
            1A73              1A73  IDE.addControllerTable
            1A9B              1A9B  IDE.act0
            1AA4              1AA4  IDE.actexit
            1AA6              1AA6  IDE.actfail
            1AA9              1AA9  IDE.ideInitEnd
            1AA9              1AA9  hciParse
            1AC4              1AC4  hciParse.hcip1
            1AE4              1AE4  hciParse.hcip2
            1B06              1B06  hciParse.pr0
            1B38              1B38  hciParse.pr1
            1B44              1B44  hciParse.pr11
            1B5E              1B5E  hciParse.pr2
            1B7B              1B7B  hciParse.echiInitMsg
            1BA4              1BA4  hciParse.noEHCI
            1BA9              1BA9  hciParse.exit
            1BA9              1BA9  remDevInit
            1BBC              1BBC  remDevInit.hubs_init
            1BC6              1BC6  remDevInit.redi1
            1BE2              1BE2  remDevInit.hubnextentry
            1BF2              1BF2  remDevInit.hub_rescan
            1BFC              1BFC  remDevInit.msds_init
            1C2C              1C2C  remDevInit.msd1
            1C40              1C40  remDevInit.msdNextEntry
            1C50              1C50  remDevInit.rediexit
            1C65              1C65  remDevInit.rmhmsg
            1C81              1C81  remDevInit.ok
            1C85              1C85  remDevInit.msdmsg
            1CA3              1CA3  remDevInit.exit
            1CA3              1CA3  int33hinit
            1CB7              1CB7  int33hinit.i33i1
            1CE2              1CE2  int33hinit.i33proceed
            1CF7              1CF7  int33hinit.i33ibad
            1D08              1D08  int33hinit.i33iend
            1D24              1D24  end
            1DA2              1DA2  endNoDevFound
            1E0B              1E0B  startboot
            1E21              1E21  endboot
            1E91              1E91  endboot2
            1EB1              1EB1  dbgmsg
            1EC7              1EC7  dbgmsg2
            1EDB              1EDB  dbgmsg3
            1EE9              1EE9  dbgmsg4
            1EFF              1EFF  memprint
            1F5E              1F5E  memprint.sense1
            1F85              1F85  memprint.pt2
            1F98              1F98  memprint.sense2
            1FC3              1FC3  memprint.pt3
            2012              2012  memprint.printdecimalword
            2027              2027  memprint.pdw0
            203D              203D  memprint.pdw1
            2044              2044  memprint.pdw2
            2058              2058  memprint.convmemmsg
            2075              2075  memprint.extmemmsg
            2093              2093  memprint.extmemmsg2
            20B2              20B2  memprint.totalmem
            20CF              20CF  memprint.kb
            20D1              20D1  IDT_TABLE
            20D1              20D1  CPU_IDT
            21D1              21D1  HW_IDT
            2251              2251  SW_IDT

---- Section codeResident -----------------------------------------------------

Real              Virtual           Name
            22D1            117493  e820print
            22E9            1174AB  e820print.e0
            231D            1174DF  e820print.printqword
            232D            1174EF  e820print.pq1
            233A            1174FC  e820print.printpipe
            234D            11750F  e820print.pipestr
            2351            117513  e820print.printcrlf
            2364            117526  e820print.crlfstr
            2367            117529  beep
            2387            117549  ps2wait
            2388            11754A  ps2wait.wnok
            2396            117558  ps2wait.wok
            239C            11755E  idtWriteEntry
            23C8            11758A  cls
            23E0            1175A2  timer_IRQ0
            2415            1175D7  timer_IRQ0.tret
            2420            1175E2  kb_IRQ1
            2428            1175EA  kb_IRQ1.k0
            2481            117643  kb_IRQ1.kb_store_in_buffer
            24A6            117668  kb_IRQ1.kb1_exit
            24AF            117671  kb_IRQ1.kb1_exit_e0
            24B9            11767B  kb_IRQ1.special_keys
            24CC            11768E  kb_IRQ1.pause
            24DF            1176A1  kb_IRQ1.insert_released
            24E3            1176A5  kb_IRQ1.alt_shift_released
            24E7            1176A9  kb_IRQ1.ctrl_shift_released
            24EB            1176AD  kb_IRQ1.lshift_released
            24EF            1176B1  kb_IRQ1.rshift_released
            24F1            1176B3  kb_IRQ1.shift_release_common
            24FA            1176BC  kb_IRQ1.kb_buf_full_beep
            2517            1176D9  kb_IRQ1.basickey
            2523            1176E5  kb_IRQ1.kbbk1
            2583            117745  kb_IRQ1.keylookup
            25B3            117775  kb_IRQ1.keyget
            25C4            117786  kb_IRQ1.addshiftvalue
            25D5            117797  kb_IRQ1.addctrlvalue
            25DE            1177A0  kb_IRQ1.addaltvalue
            25E7            1177A9  kb_IRQ1.addnumvalue
            25F0            1177B2  kb_IRQ1.addcapsvalue
            25F9            1177BB  kb_IRQ1.addshiftcaps
            2602            1177C4  kb_IRQ1.addshiftnum
            260B            1177CD  kb_IRQ1.alt_shift_pressed
            260F            1177D1  kb_IRQ1.ctrl_shift_pressed
            2613            1177D5  kb_IRQ1.lshift_pressed
            2617            1177D9  kb_IRQ1.rshift_pressed
            2619            1177DB  kb_IRQ1.shift_pressed_common
            2625            1177E7  kb_IRQ1.ins_toggle
            2629            1177EB  kb_IRQ1.caps_lock
            262D            1177EF  kb_IRQ1.num_lock
            2631            1177F3  kb_IRQ1.scroll_lock
            2633            1177F5  kb_IRQ1.lock_common
            2644            117806  kb_IRQ1.e0special
            2653            117815  kb_IRQ1.ctrl_break
            268B            11784D  kb_IRQ1.ctrl_alt_del
            26A4            117866  kb_IRQ1.ctrl_alt_del_killPC
            26AE            117870  kb_IRQ1.ctrl_alt_del_no_reset
            26B4            117876  kb_IRQ1.set_kb_lights
            26D3            117895  kb_IRQ1.kb_error
            26EF            1178B1  kb_IRQ1.kber1
            26F3            1178B5  kb_IRQ1.kb_error_msg
            2710            1178D2  kb_IRQ1.kb_sc_ascii_lookup
            2CA0            117E62  ser_IRQ3
            2CB2            117E74  ser_IRQ4
            2CC2            117E84  ser_common
            2CC7            117E89  ser_common.si0
            2CE6            117EA8  ser_common.si1
            2CF3            117EB5  ser_common.si41
            2D03            117EC5  ser_common.si2
            2D19            117EDB  ser_common.si3
            2D39            117EFB  ser_common.si4
            2D52            117F14  ser_common.si5
            2D6E            117F30  ser_common.siexit
            2D7B            117F3D  fdd_IRQ6
            2D83            117F45  rtc_IRQ8
            2D95            117F57  rtc_IRQ8.periodic
            2D9D            117F5F  rtc_IRQ8.noPeriodic
            2DA1            117F63  rtc_IRQ8.alarm
            2DA3            117F65  rtc_IRQ8.exit
            2DB6            117F78  hdd_IRQ14
            2DCD            117F8F  ehci_IRQ
            2DD4            117F96  ehci_IRQ.pic1
            2DD9            117F9B  ehci_IRQ.intr
            2DEB            117FAD  ehci_IRQ.nonIRQmain
            2E1A            117FDC  ehci_IRQ.usbignoreirq
            2E22            117FE4  ehci_IRQ.exit
            2E25            117FE7  ehci_IRQ.spur
            2E27            117FE9  ehci_IRQ.s1
            2E41            118003  ehci_IRQ.transactionError
            2E4B            11800D  ehci_IRQ.nonIRQep
            2E4F            118011  default_IRQ7
            2E67            118029  default_IRQ7.exit
            2E6B            11802D  default_IRQ7.e2
            2E6E            118030  default_IRQ15
            2E88            11804A  default_IRQ15.spurcheck
            2EA1            118063  default_IRQ15.exit
            2EA3            118065  default_IRQ15.e2
            2EA8            11806A  scr_io_table
            2F48            11810A  scr_io
            2F6A            11812C  scr_io.exitf
            2F72            118134  scr_io.exit
            2F75            118137  scr_io.change_mode
            2F84            118146  scr_io.set_curs_shape
            2F97            118159  scr_io.set_curs_pos
            2FB7            118179  scr_io.scpexit
            2FBB            11817D  scr_io.get_curs_pos
            2FDB            11819D  scr_io.write_register
            3002            1181C4  scr_io.wrchar
            3014            1181D6  scr_io.wrascii
            3024            1181E6  scr_io.select_page
            3037            1181F9  scr_io.spbad
            3046            118208  scr_io.sp1
            304A            11820C  scr_io.spmain
            3092            118254  scr_io.spm1
            3099            11825B  scr_io.spm2
            30C5            118287  scr_io.sp_vga
            30CA            11828C  scr_io.scroll_up
            30D8            11829A  scr_io.su0
            30E1            1182A3  scr_io.su1
            3113            1182D5  scr_io.su2
            3156            118318  scr_io.suexit
            315E            118320  scr_io.sblank
            3174            118336  scr_io.sbl0
            3188            11834A  scr_io.scroll_down
            3196            118358  scr_io.sd0
            31A0            118362  scr_io.sd1
            31CF            118391  scr_io.sd2
            3212            1183D4  scr_io.sdexit
            321A            1183DC  scr_io.read_att_char
            3228            1183EA  scr_io.rac1
            324C            11840E  scr_io.write_att_char
            325A            11841C  scr_io.wac1
            328C            11844E  scr_io.write_char
            329A            11845C  scr_io.wc1
            32C4            118486  scr_io.wc2
            32CD            11848F  scr_io.wc3
            32D4            118496  scr_io.gset_col_palette
            32E3            1184A5  scr_io.gwritedot
            32F2            1184B4  scr_io.greaddot
            3301            1184C3  scr_io.write_tty
            332A            1184EC  scr_io.wttywrite
            3338            1184FA  scr_io.wttycursorupdate
            3343            118505  scr_io.wttycursorupdatego
            3347            118509  scr_io.wttyexit
            3350            118512  scr_io.wttycu0
            335D            11851F  scr_io.wttyscrollupone
            3381            118543  scr_io.wttybspace
            3392            118554  scr_io.wttybs1
            3399            11855B  scr_io.wttylf
            33AF            118571  scr_io.wttycr
            33B6            118578  scr_io.wttybell
            33CF            118591  scr_io.get_mode
            33E9            1185AB  scr_io.wsbad
            33F8            1185BA  scr_io.write_string
            3406            1185C8  scr_io.ws
            3422            1185E4  scr_io.ws0
            3448            11860A  scr_io.ws1
            3470            118632  scr_io.ws2
            3474            118636  scr_io.ws3
            347C            11863E  scr_io.wsexitupdate
            3489            11864B  scr_io.wsexit
            3493            118655  scr_io.wsctrlchar
            34AA            11866C  scr_io.wszero
            34AC            11866E  scr_io.wsz1
            34BC            11867E  scr_io.wsz2
            34C3            118685  scr_io.gread
            34D2            118694  scr_io.gwrite
            34E1            1186A3  scr_io.gscrollup
            34F0            1186B2  scr_io.gscrolldown
            34FF            1186C1  scr_io.write_crtc_word
            351E            1186E0  scr_io.get_page_base
            3548            11870A  scr_io.gpb0
            3550            118712  scr_io.gpb1
            3553            118715  scr_io.page_cursor_offset
            3563            118725  scr_io.offset_from_ax
            357F            118741  scr_io.text_scroll_c1
            359A            11875C  scr_io.cursor_proc
            35B9            11877B  scr_io.cp1
            35C4            118786  scr_io.cpwrite
            35D2            118794  machineWord_io
            3609            1187CB  convRAM_io
            362C            1187EE  disk_io
            36CD            11888F  disk_io.baddev
            36D6            118898  disk_io.bad
            36DD            11889F  disk_io.noDevInDrive
            36EB            1188AD  disk_io.reset
            36FC            1188BE  disk_io.rrexit
            370E            1188D0  disk_io.rrbad
            371E            1188E0  disk_io.statusreport
            3730            1188F2  disk_io.srmain
            3786            118948  disk_io.srexit
            378D            11894F  disk_io.srexitbad2
            3791            118953  disk_io.srexitbad1
            3793            118955  disk_io.srexitbad
            379D            11895F  disk_io.readsectors
            37BE            118980  disk_io.rsbad
            37C5            118987  disk_io.writesectors
            37E6            1189A8  disk_io.verify
            3807            1189C9  disk_io.format
            383F            118A01  disk_io.formatcommon
            3857            118A19  disk_io.f0
            3869            118A2B  disk_io.formatexit
            3883            118A45  disk_io.fbadBB
            388B            118A4D  disk_io.fbad
            388E            118A50  disk_io.lbaread
            38B3            118A75  disk_io.lbawrite
            38D8            118A9A  disk_io.lbaverify
            38FD            118ABF  disk_io.lbaformat
            392B            118AED  disk_io.lbaCommon
            3941            118B03  disk_io.formatLowLevel
            3963            118B25  disk_io.lbareadparams
            3998            118B5A  disk_io.sectorsEHCI
            39AA            118B6C  disk_io.seCommon
            39BB            118B7D  disk_io.se1
            39D2            118B94  disk_io.se2
            39D9            118B9B  disk_io.sebadBB
            39E1            118BA3  disk_io.sebad
            39E4            118BA6  disk_io.i33ehciGetDevicePtr
            3A10            118BD2  disk_io.i33egdpbad
            3A12            118BD4  disk_io.convertCHSLBA
            3A33            118BF5  disk_io.deviceChanged
            3ABA            118C7C  disk_io.dcNoError
            3ADA            118C9C  disk_io.dcError
            3AF0            118CB2  disk_io.dcRoot
            3B0C            118CCE  disk_io.busScan
            3B98            118D5A  disk_io.bsret
            3B9D            118D5F  disk_io.bsexit
            3BA5            118D67  disk_io.bsErrorExit
            3BB5            118D77  disk_io.bsrExit06h
            3BC2            118D84  disk_io.bsClearPortChangeStatus
            3BF9            118DBB  disk_io.bsRtNoDev
            3C04            118DC6  disk_io.bsRoot
            3C47            118E09  disk_io.bsCommonEP
            3C72            118E34  disk_io.bsr0
            3C87            118E49  disk_io.bsr1
            3CBA            118E7C  disk_io.bsrFail
            3CCA            118E8C  disk_io.deviceInit
            3CEE            118EB0  disk_io.deviceInitReadCaps
            3D1F            118EE1  disk_io.deviceInitWriteTableEntry
            3D48            118F0A  disk_io.deviceInitExit
            3D4A            118F0C  disk_io.i33removeFromTable
            3D5E            118F20  diskdpt
            3D5E            118F20  diskdpt.fsb
            3D5F            118F21  diskdpt.ssb
            3D60            118F22  diskdpt.tto
            3D61            118F23  diskdpt.bps
            3D62            118F24  diskdpt.spt
            3D63            118F25  diskdpt.gpl
            3D64            118F26  diskdpt.dtl
            3D65            118F27  diskdpt.glf
            3D66            118F28  diskdpt.fbf
            3D67            118F29  diskdpt.hst
            3D68            118F2A  diskdpt.mst
            3D69            118F2B  fdiskdpt
            3D69            118F2B  fdiskdpt.cyl
            3D6B            118F2D  fdiskdpt.nhd
            3D6C            118F2E  fdiskdpt.rwc
            3D6E            118F30  fdiskdpt.wpc
            3D70            118F32  fdiskdpt.ecc
            3D71            118F33  fdiskdpt.ctl
            3D72            118F34  fdiskdpt.sto
            3D73            118F35  fdiskdpt.fto
            3D74            118F36  fdiskdpt.tcd
            3D75            118F37  fdiskdpt.clz
            3D77            118F39  fdiskdpt.spt
            3D78            118F3A  fdiskdpt.res
            3D79            118F3B  fdisk_io
            3DFD            118FBF  fdisk_io.badFunctionRequest
            3E06            118FC8  fdisk_io.badExit
            3E19            118FDB  fdisk_io.okExit
            3E1C            118FDE  fdisk_io.paramExit
            3E2C            118FEE  fdisk_io.fdiskReset
            3E49            11900B  fdisk_io.fdiskStatus
            3E5E            119020  fdisk_io.fdiskReadCHS
            3E70            119032  fdisk_io.fdiskWriteCHS
            3E82            119044  fdisk_io.fdiskVerifyCHS
            3E92            119054  fdisk_io.fdiskFormat
            3EA2            119064  fdisk_io.fdiskParametersCHS
            3ED4            119096  fdisk_io.fdiskReadLBA
            3EFD            1190BF  fdisk_io.fdiskWriteLBA
            3F22            1190E4  fdisk_io.fdiskVerifyLBA
            3F47            119109  fdisk_io.fdiskFormatSector
            3F6C            11912E  fdisk_io.fdiskParametersLBA
            3F93            119155  fdisk_io.fdiskError
            3FCF            119191  fdisk_io.fdiskErrorUnknown
            3FDC            11919E  fdisk_io.fdiskBadAddress
            3FE9            1191AB  fdisk_io.fdiskCRCError
            3FF6            1191B8  fdisk_io.fdiskNoErrorData
            4003            1191C5  fdisk_io.fdiskErrorNoBit
            4012            1191D4  fdisk_io.fdiskErrorDriveFault
            401F            1191E1  fdisk_io.fdiskCtrlrFailed
            402C            1191EE  serial_baud_table
            4044            119206  serial_abt
            404C            11920E  serial_io
            4097            119259  serial_io.badin
            409D            11925F  serial_io.sioexit
            40AE            119270  serial_io.sbadexit1
            40B2            119274  serial_io.sbadexit2
            40B4            119276  serial_io.sbadcommon
            40BC            11927E  serial_io.userinit
            40D9            11929B  serial_io.ui1
            40ED            1192AF  serial_io.ui2
            40F8            1192BA  serial_io.ui3
            40FD            1192BF  serial_io.transmit
            4108            1192CA  serial_io.t1
            411D            1192DF  serial_io.t2
            4132            1192F4  serial_io.recieve
            4167            119329  serial_io.r0
            4174            119336  serial_io.r1
            417B            11933D  serial_io.rexit
            418D            11934F  serial_io.gsret
            4198            11935A  serial_io.getscratch
            41B1            119373  serial_io.extinit
            41B1            119373  serial_io.extstatus
            41B1            119373  serial_io.custombaud
            41BA            11937C  misc_io
            41EE            1193B0  misc_io.badFunction
            41F0            1193B2  misc_io.badout
            41F7            1193B9  misc_io.delay
            423B            1193FD  misc_io.loopdelay
            4278            11943A  misc_io.return
            427A            11943C  misc_io.memory16MB
            4284            119446  misc_io.miscDispatcher
            4299            11945B  misc_io.mdConnectDebugger
            42F4            1194B6  misc_io.mdDisconnectDebugger
            434D            11950F  misc_io.mdDebugExit
            4353            119515  misc_io.mdBeeper
            435A            11951C  misc_io.advSysMemDispatcher
            436F            119531  misc_io.retUserBase
            4379            11953B  misc_io.memory64MB
            439B            11955D  misc_io.memoryBIOSseg
            43BB            11957D  misc_io.fullMemoryMap
            43D8            11959A  misc_io.sysDataTableDispatcher
            4439            1195FB  misc_io.sdtDT
            4468            11962A  misc_io.sdtGet
            4477            119639  misc_io.sdtRegisterPage
            4481            119643  misc_io.sdtGetPagePtr
            448B            11964D  misc_io.sdtDataptr
            4497            119659  misc_io.sdtReadIDTEntry
            44C8            11968A  misc_io.sdtWriteIDTEntry
            44E0            1196A2  misc_io.sdtNewDDP
            44EA            1196AC  misc_io.sdtNewfDDP
            44F4            1196B6  misc_io.sdtReadDDP
            44FE            1196C0  misc_io.sdtReadfDDP
            4508            1196CA  misc_io.sdtNewSysInit
            451A            1196DC  misc_io.sdtReadSysInit
            452C            1196EE  misc_io.ehciFunctionDispatcher
            4541            119703  misc_io.ehciDispGetCritPtr
            454B            11970D  misc_io.ehciDispSetCritPtr
            4555            119717  misc_io.ehciDispResetCtrlr
            4555            119717  misc_io.echiDispReEnumDevices
            455C            11971E  kb_io
            4573            119735  kb_io.k0
            459C            11975E  kb_io.k1
            45BA            11977C  kb_io.k2
            45C1            119783  kb_io.kexit
            45C5            119787  kb_io.kb_ptr_adv
            45DD            11979F  kb_io.kbpa1
            45DE            1197A0  printer_io
            45E7            1197A9  MCPjmptbl
            467F            119841  MCP_int
            4698            11985A  MCP_int.z11
            46B3            119875  MCP_int.z2
            46DF            1198A1  MCP_int.prog_sel
            46EB            1198AD  MCP_int.memoryMap
            4701            1198C3  MCP_int.singleStepsEP
            4736            1198F8  MCP_int.debugEpHardware
            4756            119918  MCP_int.debugEp
            4770            119932  MCP_int.dep1
            478B            11994D  MCP_int.bad_command
            47A8            11996A  MCP_int.bc1
            47B3            119975  MCP_int.connect
            47D0            119992  MCP_int.connectString
            47E5            1199A7  MCP_int.disconnect
            4802            1199C4  MCP_int.disconnectString
            481A            1199DC  MCP_int.version
            4836            1199F8  MCP_int.v1
            4841            119A03  MCP_int.v2
            4842            119A04  MCP_int.vstring
            485F            119A21  MCP_int.debugRegs
            48B9            119A7B  MCP_int.xr11
            48D4            119A96  MCP_int.xr1
            4913            119AD5  MCP_int.xr2
            491C            119ADE  MCP_int.xr3
            4925            119AE7  MCP_int.xr4
            492E            119AF0  MCP_int.xr5
            4932            119AF4  MCP_int.dumpDebugRegs
            4962            119B24  MCP_int.ddr1
            496E            119B30  MCP_int.ddr11
            498D            119B4F  MCP_int.ddr2
            4991            119B53  MCP_int.ddr21
            49BE            119B80  MCP_int.dregcrlf
            49E4            119BA6  MCP_int.dregtbl
            49FC            119BBE  MCP_int.xchangeReg
            4A6B            119C2D  MCP_int.xcr1
            4ABF            119C81  MCP_int.xcnoexit
            4AC0            119C82  MCP_int.xcipchange
            4AC9            119C8B  MCP_int.xcflags
            4AD6            119C98  MCP_int.xcf1
            4B14            119CD6  MCP_int.inport
            4B67            119D29  MCP_int.outport
            4BD0            119D92  MCP_int.hexCalc
            4C83            119E45  MCP_int.hcprintquad
            4C90            119E52  MCP_int.hcpq1
            4CA0            119E62  MCP_int.dumpReg
            4CCA            119E8C  MCP_int.dreg1
            4CDA            119E9C  MCP_int.dreg11
            4CEF            119EB1  MCP_int.dreg2
            4D05            119EC7  MCP_int.dreg21
            4D31            119EF3  MCP_int.drip0
            4D34            119EF6  MCP_int.drip1
            4D5E            119F20  MCP_int.drip2
            4DA9            119F6B  MCP_int.ssep0
            4E22            119FE4  MCP_int.drflagwrite
            4E25            119FE7  MCP_int.drflg1
            4E4D            11A00F  MCP_int.drflg2
            4E5C            11A01E  MCP_int.dregexit
            4E5D            11A01F  MCP_int.dsegregwrite
            4E63            11A025  MCP_int.dsegreg1
            4E95            11A057  MCP_int.regcrlf
            4EBB            11A07D  MCP_int.regtbl
            4F11            11A0D3  MCP_int.rflgs
            4F18            11A0DA  MCP_int.ipstrg
            4F21            11A0E3  MCP_int.dumpMemory
            4F6D            11A12F  MCP_int.dmmain00
            4FCD            11A18F  MCP_int.dmmain01
            4FDD            11A19F  MCP_int.dmmain0
            4FE2            11A1A4  MCP_int.dmmain1
            5002            11A1C4  MCP_int.dmmain2
            5007            11A1C9  MCP_int.dmmain21
            5029            11A1EB  MCP_int.dmmain3
            5073            11A235  MCP_int.dmbadexit
            5084            11A246  MCP_int.dmexit
            5090            11A252  MCP_int.dmnoargs
            509A            11A25C  MCP_int.dmnoargs1
            509E            11A260  MCP_int.dmnoargscommon
            50AD            11A26F  MCP_int.dmalign
            50C6            11A288  MCP_int.dmal1
            50D2            11A294  MCP_int.dmhyphen1
            50EA            11A2AC  MCP_int.dmcsaddrprint
            5102            11A2C4  MCP_int.dmrollprint
            5111            11A2D3  MCP_int.dmdot
            5113            11A2D5  MCP_int.dmbadargs
            5122            11A2E4  MCP_int.editMemory
            5192            11A354  MCP_int.jumpProc
            51DE            11A3A0  MCP_int.singleStep
            51ED            11A3AF  MCP_int.proceedDefault
            5200            11A3C2  MCP_int.storageRead
            5208            11A3CA  MCP_int.storageWrite
            520E            11A3D0  MCP_int.storageCommon
            5244            11A406  MCP_int.sc0
            527A            11A43C  MCP_int.storageExit
            5286            11A448  MCP_int.storageError
            5292            11A454  MCP_int.restartMcp
            5294            11A456  MCP_int.clearscreen
            52A0            11A462  MCP_int.storeMainRegisters
            52EB            11A4AD  MCP_int.loadMainRegisters
            5351            11A513  MCP_int.arg
            5362            11A524  MCP_int.a01
            5365            11A527  MCP_int.a1
            5378            11A53A  MCP_int.a2
            537D            11A53F  MCP_int.aexit
            5389            11A54B  MCP_int.error
            53A0            11A562  MCP_int.emsg
            53B1            11A573  MCP_int.keyb
            53E4            11A5A6  MCP_int.k1
            5431            11A5F3  MCP_int.kend
            543B            11A5FD  MCP_int.kb1
            543C            11A5FE  MCP_int.kb2
            5452            11A614  MCP_int.print
            5457            11A619  MCP_int.ascii
            546A            11A62C  MCP_int.lst
            547D            11A63F  MCP_int.prompt
            5481            11A643  MCP_int.prompt2
            5483            11A645  MCP_int.crlf
            5486            11A648  bootstrapInt
            54AE            11A670  bootstrapInt.e0
            54D8            11A69A  bootstrapInt.e1
            54E4            11A6A6  bootstrapInt.e2
            54F2            11A6B4  bootstrapInt.e3
            54FC            11A6BE  bootstrapInt.leaveBIOS
            5513            11A6D5  bootstrapInt.efail
            551F            11A6E1  timerInt
            5563            11A725  timerInt.bad
            556A            11A72C  timerInt.exit
            556C            11A72E  timerInt.gett
            558B            11A74D  timerInt.sett
            559F            11A761  timerInt.tiext
            55AA            11A76C  timerInt.getpitdiv
            55B4            11A776  timerInt.setpitdiv
            55CD            11A78F  timerInt.readRTCtime
            55D1            11A793  timerInt.rrt0
            5611            11A7D3  timerInt.rrtbad
            5617            11A7D9  timerInt.setRTCtime
            561B            11A7DD  timerInt.srt0
            5679            11A83B  timerInt.readRTCdate
            567D            11A83F  timerInt.rrd0
            56AD            11A86F  timerInt.setRTCdate
            56B1            11A873  timerInt.srd0
            570E            11A8D0  timerInt.setRTCalarm
            5751            11A913  timerInt.srabad
            5759            11A91B  timerInt.resetRTCalarm
            5776            11A938  timerInt.readRTC
            577F            11A941  timerInt.writeRTC
            578A            11A94C  ctrlbreak_io
            578C            11A94E  scr_params_io
            5798            11A95A  disk_params_io
            57AA            11A96C  cga_ret_io
            57C2            11A984  ATA
            57C2            11A984  ATA.identifyDevice
            57E3            11A9A5  ATA.l2
            57F9            11A9BB  ATA.l3
            580A            11A9CC  ATA.exitfail
            580B            11A9CD  ATA.exit
            580E            11A9D0  ATA.selectDriveFromTable
            581F            11A9E1  ATA.selectDrive
            584B            11AA0D  ATA.sd0
            5883            11AA45  ATA.skipSelection
            5886            11AA48  ATA.driveNotSelected
            5889            11AA4B  ATA.driveSelectWait
            5895            11AA57  ATA.dsw0
            58A7            11AA69  ATA.wait400ns
            58AD            11AA6F  ATA.wns
            58B2            11AA74  ATA.getTablePointer
            58C3            11AA85  ATA.gtpSearch
            58D2            11AA94  ATA.gtpVerifyOk
            58DB            11AA9D  ATA.gtpBad
            58DE            11AAA0  ATA.resetChannel
            592C            11AAEE  ATA.rcBad
            592E            11AAF0  ATA.read
            5936            11AAF8  ATA.rWait
            5945            11AB07  ATA.rWaitLoop
            5961            11AB23  ATA.r0
            5976            11AB38  ATA.readExitloop
            5987            11AB49  ATA.rExit
            5989            11AB4B  ATA.rTimeout
            5991            11AB53  ATA.errorExit
            5993            11AB55  ATA.write
            599B            11AB5D  ATA.writeWait
            59AA            11AB6C  ATA.writeWaitLoop
            59C6            11AB88  ATA.w1
            59D0            11AB92  ATA.formatEP
            59DB            11AB9D  ATA.wBSYcheck
            59F4            11ABB6  ATA.wFlushCheck
            5A10            11ABD2  ATA.verify
            5A1F            11ABE1  ATA.vLoop
            5A3B            11ABFD  ATA.format
            5A40            11AC02  ATA.formatWait
            5A4F            11AC11  ATA.formatWaitLoop
            5A78            11AC3A  ATA.f1
            5A87            11AC49  ATA.readCHS
            5AA5            11AC67  ATA.writeCHS
            5AC3            11AC85  ATA.verifyCHS
            5ADF            11ACA1  ATA.formatCHS
            5B07            11ACC9  ATA.setupCHS
            5B3D            11ACFF  ATA.sCHSFailed
            5B46            11AD08  ATA.readLBA
            5B64            11AD26  ATA.writeLBA
            5B82            11AD44  ATA.verifyLBA
            5BA0            11AD62  ATA.formatLBA
            5BBE            11AD80  ATA.setupLBA
            5BF8            11ADBA  ATA.sLBAFailed
            5C01            11ADC3  ATA.readLBA48
            5C1F            11ADE1  ATA.writeLBA48
            5C3D            11ADFF  ATA.verifyLBA48
            5C5B            11AE1D  ATA.formatLBA48
            5C79            11AE3B  ATA.setupLBA48
            5CDC            11AE9E  USB
            5CDC            11AE9E  USB.ehciCriticalErrorWrapper
            5CE3            11AEA5  USB.ehciCriticalErrorHandler
            5D0A            11AECC  USB.ecehmsg
            5D17            11AED9  USB.setupEHCIcontroller
            5D36            11AEF8  USB.secexit
            5D3A            11AEFC  USB.ehciResetControllerPort
            5D7F            11AF41  USB.erclp0
            5D93            11AF55  USB.erclp1
            5DC3            11AF85  USB.erclp2
            5DF7            11AFB9  USB.erclp3
            5E23            11AFE5  USB.ercpexit
            5E28            11AFEA  USB.ercperr
            5E2E            11AFF0  USB.ehciResetCtrlr
            5E47            11B009  USB.erc0
            5E66            11B028  USB.erc1
            5E84            11B046  USB.ercexit
            5E8F            11B051  USB.erc2
            5E92            11B054  USB.ehciRunCtrlr
            5EAC            11B06E  USB.esc0
            5EBE            11B080  USB.esc1
            5EC1            11B083  USB.esc2
            5EC4            11B086  USB.ehciStopCtrlr
            5EDD            11B09F  USB.estc0
            5EED            11B0AF  USB.estcexit
            5EF0            11B0B2  USB.estc1
            5EF3            11B0B5  USB.ehciAdjustAsyncSchedCtrlr
            5F0D            11B0CF  USB.eacStart
            5F1C            11B0DE  USB.eacOkExit
            5F1E            11B0E0  USB.eacBad
            5F20            11B0E2  USB.ehciInitCtrlrRegs
            5F70            11B132  USB.ehciCtrlrGetNumberOfPorts
            5F84            11B146  USB.ehciGetNewQHeadAddr
            5FA5            11B167  USB.egnqaexit
            5FA6            11B168  USB.ehciToggleTransactingQHead
            5FC1            11B183  USB.ettqh0
            5FCE            11B190  USB.ehciDelinkOldQHead
            5FEE            11B1B0  USB.ehciLinkNewQHead
            600A            11B1CC  USB.elnqhexit
            600F            11B1D1  USB.elnqadjusted
            6045            11B207  USB.elnqhbad
            604A            11B20C  USB.ehciSetNoData
            60E9            11B2AB  USB.ehciGetRequest
            61A6            11B368  USB.egddproceed
            61AB            11B36D  USB.egddexit
            61B7            11B379  USB.ehciStartAsyncSchedule
            61CE            11B390  USB.esas0
            61DD            11B39F  USB.esasok
            61E0            11B3A2  USB.esasfail
            61E3            11B3A5  USB.ehciStopAsyncSchedule
            61FB            11B3BD  USB.espc0
            620E            11B3D0  USB.espcfail
            6212            11B3D4  USB.ehciProcessCommand
            623B            11B3FD  USB.epc1
            625B            11B41D  USB.epc2
            628B            11B44D  USB.epc3
            62A7            11B469  USB.epc4
            62C2            11B484  USB.epcexit
            62C7            11B489  USB.epcStall
            62D2            11B494  USB.epcfail
            62DC            11B49E  USB.epcfailedstart
            62DC            11B49E  USB.epcfaildelinked
            62E4            11B4A6  USB.epcHostError
            62EF            11B4B1  USB.epcfailtimeout
            630C            11B4CE  USB.ehciEnumerateRootPort
            6318            11B4DA  USB.eebinit
            6334            11B4F6  USB.eeb0
            6357            11B519  USB.eeb1
            6396            11B558  USB.eeb2
            63B5            11B577  USB.ehciEnumCommonEp
            63CD            11B58F  USB.eeb3
            63EC            11B5AE  USB.eeb4
            63F6            11B5B8  USB.eeb5
            6415            11B5D7  USB.eeb6
            6437            11B5F9  USB.eeb7
            6455            11B617  USB.eeb8
            646D            11B62F  USB.eeb9
            6470            11B632  USB.eeb10
            6488            11B64A  USB.eeb11
            649C            11B65E  USB.ehciedexit
            64A9            11B66B  USB.ehciedbad
            64A9            11B66B  USB.ehciedbadnoport
            64B4            11B676  USB.ehciedbadnotimeout
            64C6            11B688  USB.ehcibadremtables
            64D2            11B694  USB.ehciAddDeviceToTables
            64FF            11B6C1  USB.eadtt0
            6515            11B6D7  USB.eadtt1
            653A            11B6FC  USB.eadttmsd
            6549            11B70B  USB.eadttmsd0
            655F            11B721  USB.eadttmsd1
            6571            11B733  USB.eadttmsd11
            6592            11B754  USB.eadttmsd2
            65C9            11B78B  USB.eadttmsd21
            65E4            11B7A6  USB.eadttmsd3
            65FE            11B7C0  USB.eadtthub
            660E            11B7D0  USB.eadtthub0
            6620            11B7E2  USB.eadtthub1
            663D            11B7FF  USB.eadttpass
            6641            11B803  USB.eadttexit
            6648            11B80A  USB.eadttbad
            664F            11B811  USB.ehciRemoveDevFromTables
            665E            11B820  USB.erdft0
            666B            11B82D  USB.erdft1
            6681            11B843  USB.erdft11
            66C3            11B885  USB.erdft2
            66DD            11B89F  USB.erdftexit
            66E1            11B8A3  USB.erdftbad
            66E4            11B8A6  USB.ehciGiveValidAddress
            66EA            11B8AC  USB.egva0
            66FC            11B8BE  USB.egva1
            6707            11B8C9  USB.egvaexit
            670A            11B8CC  USB.ehciFindValidInterface
            6725            11B8E7  USB.ecvi0
            6753            11B915  USB.ecviif
            675A            11B91C  USB.ecviexit
            675F            11B921  USB.ecvifail
            6766            11B928  USB.ecvibadif
            6775            11B937  USB.ecvibadif1
            6782            11B944  USB.ehciCheckHubIf
            679C            11B95E  USB.ecdhexit
            679E            11B960  USB.ecdhfail
            67A1            11B963  USB.ehciCheckMsdIf
            67B6            11B978  USB.ecdmprot
            67BC            11B97E  USB.ecdmprotUAF
            67BC            11B97E  USB.ecdmpass
            67BD            11B97F  USB.ecdmexit
            67C1            11B983  USB.ecdmfail
            67C4            11B986  USB.ehciGetDevicePtr
            67D6            11B998  USB.egdp0
            67E9            11B9AB  USB.egdp1
            681A            11B9DC  USB.egdp2
            6829            11B9EB  USB.egdp3
            682A            11B9EC  USB.egdpexit
            682E            11B9F0  USB.egdpfail
            6834            11B9F6  USB.ehciProbeQhead
            6838            11B9FA  USB.ehciStandardErrorHandler
            689A            11BA5C  USB.esehexit
            68A3            11BA65  USB.ehciClearEpStallHalt
            68BA            11BA7C  USB.ehciWriteQHead
            68DF            11BAA1  USB.ehciWriteQHeadTD
            695B            11BB1D  USB.ehciDevSetupHub
            6962            11BB24  USB.edshub
            6975            11BB37  USB.edshub1
            697F            11BB41  USB.edshub11
            6999            11BB5B  USB.edshub13
            699F            11BB61  USB.edshub2
            69A5            11BB67  USB.ehciDeviceSetupMsd
            69AC            11BB6E  USB.edsmsd
            69B6            11BB78  USB.edsm1
            69E1            11BBA3  USB.edsms2
            69E4            11BBA6  USB.edsms3
            6A04            11BBC6  USB.edsms4
            6A11            11BBD3  USB.edsms5
            6A38            11BBFA  USB.edsms6
            6A42            11BC04  USB.edsexit
            6A47            11BC09  USB.edsfail
            6A4F            11BC11  USB.ehciEnumerateHubPort
            6A62            11BC24  USB.eehdeinit
            6A6E            11BC30  USB.eehde0
            6A8D            11BC4F  USB.eehde1
            6A9A            11BC5C  USB.eehde2
            6AB8            11BC7A  USB.eehde3
            6ABB            11BC7D  USB.eehde31
            6AD9            11BC9B  USB.eehde4
            6AEC            11BCAE  USB.eehde41
            6B07            11BCC9  USB.eehde5
            6B25            11BCE7  USB.eehde6
            6B69            11BD2B  USB.eehde7
            6B87            11BD49  USB.eehde10
            6BA2            11BD64  USB.eehde101
            6BAF            11BD71  USB.eehde11
            6BD9            11BD9B  USB.eehde12
            6BE2            11BDA4  USB.eehde13
            6C1D            11BDDF  USB.eehdebad
            6C1D            11BDDF  USB.eehdebadnoport
            6C22            11BDE4  USB.eehdebadnotimeout
            6C27            11BDE9  USB.eehdebadremtables
            6C2C            11BDEE  USB.eehdecritical
            6C31            11BDF3  USB.eehdereset
            6C55            11BE17  USB.eehder1
            6C87            11BE49  USB.eehder2
            6C9F            11BE61  USB.eehcritexit
            6CA0            11BE62  USB.ehciHubClassDescriptor
            6CE0            11BEA2  USB.ehcdexit
            6CE4            11BEA6  USB.ehcdfail
            6CEA            11BEAC  USB.ehciMsdInitialise
            6D0C            11BECE  USB.emi0
            6D3E            11BF00  USB.ehciMsdInitExit
            6D40            11BF02  USB.ehciMsdInitFail
            6D54            11BF16  USB.ehciMsdInitialisePfail
            6D5D            11BF1F  USB.emipf0
            6D78            11BF3A  USB.ehciMsdDeviceReset
            6DA2            11BF64  USB.ehciMsdGetMaxLun
            6DCC            11BF8E  USB.ehciMsdBOTResetRecovery
            6DFA            11BFBC  USB.embrrexit
            6DFE            11BFC0  USB.ehciMsdBOTCheckValidCSW
            6E4B            11C00D  USB.ehciMsdBOTCheckMeaningfulCSW
            6E7B            11C03D  USB.embcmcResidueCheck
            6EA9            11C06B  USB.embcmcExit
            6EAC            11C06E  USB.ehciMsdBOTCheckTransaction
            6EBE            11C080  USB.embhiehcswmeaningful
            6EC9            11C08B  USB.embhiehexit
            6ECA            11C08C  USB.ehciMsdBOTOO64I
            6ECA            11C08C  USB.ehciMsdBOTOI64I
            6ED3            11C095  USB.ehciMsdBOTOOI
            6F9F            11C161  USB.ehciMsdBOTOII
            7048            11C20A  USB.emboiicommonep
            707E            11C240  USB.emboexit
            708B            11C24D  USB.ehciMsdBOTOI
            7128            11C2EA  USB.emboiexit
            7133            11C2F5  USB.ehciMsdWriteOutQHead
            7172            11C334  USB.ehciMsdWriteInQHead
            71B1            11C373  USB.ehciMsdBOTRequest
            71F0            11C3B2  USB.ehciMsdBOTInquiry
            723D            11C3FF  USB.ehciMsdBOTReadFormatCapacities
            728E            11C450  USB.ehciMsdBOTReadCapacity10
            72DF            11C4A1  USB.ehciMsdBOTFormatUnit
            731A            11C4DC  USB.embfu0
            733C            11C4FE  USB.embfuexit
            7346            11C508  USB.embfuerror
            7349            11C50B  USB.ehciMsdBOTVerify
            7389            11C54B  USB.embvexit
            7395            11C557  USB.embvbad
            7398            11C55A  USB.ehciMsdBOTRequestSense
            73E9            11C5AB  USB.ehciMsdBOTTestReady
            7420            11C5E2  USB.ehciMsdBOTModeSense6
            7471            11C633  USB.ehciMsdBOTOutSector512
            74B1            11C673  USB.embosexit
            74B9            11C67B  USB.emboseerror
            74BC            11C67E  USB.ehciMsdBOTInSector512
            74F4            11C6B6  USB.ehciMsdBOTSector512
            7545            11C707  USB.msdWriteCBW
            7576            11C738  USB.scsiInquiry
            7591            11C753  USB.scsiWrite10
            7595            11C757  USB.scsiRead10
            7597            11C759  USB.scsirw
            75B8            11C77A  USB.scsiRequestSense
            75CB            11C78D  USB.scsiTestUnitReady
            75D5            11C797  USB.scsiReadFormatCapacities
            75E5            11C7A7  USB.scsiReadCap10
            75EF            11C7B1  USB.scsiFormatUnit
            7604            11C7C6  USB.scsiVerify
            7625            11C7E7  USB.scsiModeSense6
            7635            11C7F7  USB.ehciGetOpBase
            764E            11C810  USB.egob1
            7650            11C812  i0
            7658            11C81A  i1
            7667            11C829  i2
            7676            11C838  i3
            7685            11C847  i4
            7694            11C856  i5
            76A3            11C865  i6
            76B2            11C874  i7
            76C1            11C883  i8
            76D0            11C892  i9
            76DF            11C8A1  i10
            76EE            11C8B0  i11
            76FD            11C8BF  i12
            770C            11C8CE  i13
            7718            11C8DA  i14
            7724            11C8E6  i15
            7730            11C8F2  i16
            773C            11C8FE  i17
            7748            11C90A  i18
            7754            11C916  i19
            7760            11C922  i20
            776C            11C92E  i21
            7776            11C938  cpu_4args
            7782            11C944  cpu_3args
            778E            11C950  cpu_2args
            7798            11C95A  cpu_exception
            7826            11C9E8  cpu_exception.cpurollprint
            782C            11C9EE  cpu_exception.cpurollprint1
            783D            11C9FF  cpu_exception.cpuexendloop
            7855            11CA17  cpu_exception.cpu_exception_appret
            7860            11CA22  cpu_exception.cpuextendederror
            7867            11CA29  cpu_exception.pr1
            78A2            11CA64  cpu_exception.pr2
            78D8            11CA9A  cpu_exception.char
            78E8            11CAAA  cpu_exception.printbyte
            7905            11CAC7  cpu_exception.fatalt0
            790D            11CACF  cpu_exception.fatal1
            7A4E            11CC10  cpu_exception.fatal2
            7A52            11CC14  cpu_exception.ascii
            7A62            11CC24  dummy_interrupt
            7A62            11CC24  dummy_interrupt.pic2
            7A69            11CC2B  dummy_interrupt.pic1
            7A6A            11CC2C  dummy_interrupt.p1
            7A6F            11CC31  dummy_return_64
            7A71            11CC33  signature
            7A7D            11CC3F  signature2
            7A9F            11CC61  codeResidentEndPtr

---- Section BIOSTables -------------------------------------------------------

Real              Virtual           Name
          110000            110000  BIOSIDTable
          111000            111000  BIOSPageTbl
          117000            117000  BIOSGDTable

---- Section data -------------------------------------------------------------

Real              Virtual           Name
          117020            117020  IDTlength
          117022            117022  IDTpointer
          117022            117022  IDTpointer.Limit
          117024            117024  IDTpointer.Base
          11702C            11702C  GDTlength
          11702E            11702E  GDTpointer
          11702E            11702E  GDTpointer.Limit
          117030            117030  GDTpointer.Base
          117038            117038  pageTablePtr
          117040            117040  spurint1
          117041            117041  spurint2
          117042            117042  kb_buffer
          117062            117062  kb_buf_head
          11706A            11706A  kb_buf_tail
          117072            117072  kb_buf_start
          11707A            11707A  kb_buf_end
          117082            117082  kb_flags
          117083            117083  kb_flags_1
          117084            117084  kb_flags_2
          117085            117085  break_flag
          117086            117086  numCOM
          117087            117087  com_addresses
          11708F            11708F  comX_buffer
          11708F            11708F  com1_buffer
          11709F            11709F  com2_buffer
          1170AF            1170AF  com3_buffer
          1170BF            1170BF  com4_buffer
          1170CF            1170CF  comX_buf_head
          1170CF            1170CF  com1_buf_head
          1170D7            1170D7  com2_buf_head
          1170DF            1170DF  com3_buf_head
          1170E7            1170E7  com4_buf_head
          1170EF            1170EF  comX_buf_tail
          1170EF            1170EF  com1_buf_tail
          1170F7            1170F7  com2_buf_tail
          1170FF            1170FF  com3_buf_tail
          117107            117107  com4_buf_tail
          11710F            11710F  comX_buf_start
          11710F            11710F  com1_buf_start
          117117            117117  com2_buf_start
          11711F            11711F  com3_buf_start
          117127            117127  com4_buf_start
          11712F            11712F  comX_buf_end
          11712F            11712F  com1_buf_end
          117137            117137  com2_buf_end
          11713F            11713F  com3_buf_end
          117147            117147  com4_buf_end
          11714F            11714F  prt_addresses
          117155            117155  pit_divisor
          117157            117157  pit_ticks
          11715B            11715B  rtc_ticks
          117163            117163  scr_curs_pos
          117173            117173  scr_cols
          117174            117174  scr_rows
          117175            117175  scr_curs_shape
          117177            117177  scr_char_attr
          117178            117178  scr_mode
          117179            117179  scr_active_page
          11717A            11717A  scr_crtc_base
          11717C            11717C  scr_page_addr
          117180            117180  scr_mode_params
          117188            117188  scr_vga_ptrs
          1171C8            1171C8  i33Devices
          1171C9            1171C9  msdStatus
          1171CA            1171CA  fdiskNum
          1171CB            1171CB  ata0CmdByte
          1171CC            1171CC  ata0Status
          1171CD            1171CD  ata1CmdByte
          1171CE            1171CE  ata1Status
          1171CF            1171CF  diskDptPtr
          1171D7            1171D7  fdiskDptPtr
          1171DF            1171DF  nextFilePtr
          1171E7            1171E7  numSectors
          1171E9            1171E9  MachineWord
          1171EB            1171EB  convRAM
          1171ED            1171ED  userBase
          1171F5            1171F5  bigmapSize
          1171F6            1171F6  srData
          1171FE            1171FE  srData1
          117200            117200  sysMem
          117208            117208  scpSize
          11720C            11720C  mcpUserBase
          117214            117214  mcpUserRip
          11721C            11721C  mcpUserkeybf
          117224            117224  mcpUserRaxStore
          11722C            11722C  mcpStackPtr
          117234            117234  eControllers
          117235            117235  eControllerList
          117255            117255  usbDevices
          117256            117256  eHCErrorHandler
          11725E            11725E  eCurrAsyncHead
          117266            117266  eNewBus
          117267            117267  eActiveCtrlr
          117268            117268  eActiveInt
          117269            117269  eAsyncMutex
          11726A            11726A  cbwTag
          11726B            11726B  numMSD
          11726C            11726C  usbDevTbl
          11728A            11728A  usbDevTblEnd
          11728A            11728A  hubDevTbl
          1172DA            1172DA  hubDevTblEnd
          1172DA            1172DA  msdDevTbl
          11737A            11737A  msdDevTblEnd
          11737A            11737A  ideNumberOfControllers
          11737B            11737B  ideControllerTable
          11739B            11739B  fdiskTable
          1173F3            1173F3  diskDevices

---- Section MCPseg -----------------------------------------------------------

Real              Virtual           Name
          11D461            11D461  MCPsegEnd

---- Section xdata ------------------------------------------------------------

Real              Virtual           Name
          11D480            11D480  ehciAschedule
          11D480            11D480  ehciQHead0
          11D500            11D500  ehciQHead1
          11D580            11D580  ehciTDSpace
          11D800            11D800  ehciDataOut
          11D840            11D840  sectorbuffer
          11D840            11D840  ehciDataIn
          11DA40            11DA40  msdCSW
          11DA60            11DA60  prdt
          11DA70            11DA70  bigmapptr

---- Section SysInitParams ----------------------------------------------------

Real              Virtual           Name
             600               600  SysInitTable
             600               600  SysInitTable.numSecW
             602               602  SysInitTable.FileLBA
             60A               60A  loMachineWord

---- Section lowStack ---------------------------------------------------------

Real              Virtual           Name
             800               800  lowStackPtr

