
- NASM Map file ---------------------------------------------------------------

Source file:  ./Source/scpbios.asm
Output file:  ./Binaries/scpbios.bin

-- Program origin -------------------------------------------------------------

00000800

-- Sections (summary) ---------------------------------------------------------

Vstart            Start             Stop              Length    Class     Name
             800               800               800  00000000  progbits  .text
             800               800              22BF  00001ABF  progbits  codeInit
          117493              22BF              7AA0  000057E1  progbits  codeResident
          110000            110000            117020  00007020  nobits    BIOSTables
          117020            117020            117493  00000473  nobits    data
          11CC74            11CC74            11D474  00000800  nobits    MCPseg
          11D480            11D480            11DA70  000005F0  nobits    xdata
             600               600               60C  0000000C  nobits    SysInitParams
             700               700               800  00000100  nobits    lowStack

-- Sections (detailed) --------------------------------------------------------

---- Section .text ------------------------------------------------------------

class:     progbits
length:                   0
start:                  800
align:     not defined
follows:   not defined
vstart:                 800
valign:    not defined
vfollows:  not defined

---- Section codeInit ---------------------------------------------------------

class:     progbits
length:                1ABF
start:                  800
align:                    4
follows:   not defined
vstart:                 800
valign:    not defined
vfollows:  not defined

---- Section codeResident -----------------------------------------------------

class:     progbits
length:                57E1
start:                 22BF
align:                    1
follows:   codeInit
vstart:              117493
valign:                   1
vfollows:  data

---- Section BIOSTables -------------------------------------------------------

class:     nobits
length:                7020
start:               110000
align:                    1
follows:   not defined
vstart:              110000
valign:                   1
vfollows:  not defined

---- Section data -------------------------------------------------------------

class:     nobits
length:                 473
start:               117020
align:                    1
follows:   not defined
vstart:              117020
valign:                   1
vfollows:  BIOSTables

---- Section MCPseg -----------------------------------------------------------

class:     nobits
length:                 800
start:               11CC74
align:                    1
follows:   not defined
vstart:              11CC74
valign:                   1
vfollows:  codeResident

---- Section xdata ------------------------------------------------------------

class:     nobits
length:                 5F0
start:               11D480
align:                   40
follows:   not defined
vstart:              11D480
valign:                  40
vfollows:  MCPseg

---- Section SysInitParams ----------------------------------------------------

class:     nobits
length:                   C
start:                  600
align:     not defined
follows:   not defined
vstart:                 600
valign:    not defined
vfollows:  not defined

---- Section lowStack ---------------------------------------------------------

class:     nobits
length:                 100
start:                  700
align:     not defined
follows:   not defined
vstart:                 700
valign:    not defined
vfollows:  not defined

-- Symbols --------------------------------------------------------------------

---- No Section ---------------------------------------------------------------

Value     Name
00000003  permissionflags
00000008  codedescriptor
00110000  BIOSStartAddr
00000800  BIOSInitAddr
00001000  e820Seg
00000000  e820SizeOff
00000002  e820BaseOff
00010000  e820SizeAddr
00000020  pic1command
000000A0  pic2command
00000021  pic1data
000000A1  pic2data
00000064  ps2command
00000064  ps2status
00000060  ps2data
000003F8  com1_base
000002F8  com2_base
000003E8  com3_base
000002E8  com4_base
00000040  PITbase
00000040  PIT0
00000041  PIT1
00000042  PIT2
00000043  PITcommand
00000070  cmos_base
00000071  cmos_data
00000001  kb_flag_rshift
00000002  kb_flag_lshift
00000004  kb_flag_ctrl
00000008  kb_flag_alt
00000010  kb_flag_scrlset
00000020  kb_flag_numset
00000040  kb_flag_capsset
00000080  kb_flag_insset
00000001  kb_flag2_e1
00000002  kb_flag2_e0
000003D4  vga_index
000003D5  vga_data
000003B4  vga_aindex
000003B5  vga_adata
000A0000  vga_bpage0
000B0000  vga_bpage1
000B8000  vga_bpage2
00000CF8  pci_index
00000CFC  pci_data
0000000C  usb_class
00000003  usb_subclass
00000000  uhci_interface
00000010  uhcimask
00000010  ohci_interface
00000020  ohcimask
00000020  ehci_interface
00000040  ehcimask
00000030  xhci_interface
00000080  xhcimask
0000E000  lousbtablesize
0000E002  lousbtablebase
000000C8  debounceperiod
00000000  ehcicaplength
00000002  ehciversion
00000004  ehcistrucparams
00000008  ehcihccparams
0000000C  ehciportroute
00000000  ehcicmd
00000004  ehcists
00000008  ehciintr
0000000C  ehcifrindex
00000010  ehcictrlseg
00000014  ehciperiodbase
00000018  ehciasyncaddr
00000040  ehciconfigflag
00000044  ehciportsc
000000FF  setupReset
000000FE  setupGetMaxLUN
43425355  CBWSig
53425355  CSWSig
00000000  CBWFlagOut
00000080  CBWFlagIn
00000000  bCSWPassed
00000001  bCSWFailed
00000002  bCSWPhase
00000010  msdDevTblEntrySize
00000008  hubDevTblEntrySize
00000003  usbDevTblEntrySize
0000000A  usbMaxDevices
00000060  ehciSizeOfQH
00000040  ehciSizeOfTD
000001F0  ata0_base
000003F6  ata0_ctrl
00000170  ata1_base
00000376  ata1_ctrl
00000001  msd_class
00000001  ide_subclass
00000006  sata_subclass
00000010  ideTableEntrySize
000003F0  fdd_base
00000000  fdiskEntry
00000000  fdiskEntry.signature
00000001  fdiskEntry.wHeads
00000003  fdiskEntry.wCylinder
00000005  fdiskEntry.wSecTrc
00000007  fdiskEntry.lbaMax
0000000B  fdiskEntry.lbaMax48
00000013  fdiskEntry.ioBase
00000015  fdiskEntry.msBit
00000016  fdiskEntry_size
00000001  fdePresent
00000002  fdeLBA28
00000004  fdeLBA48
0000006C  idCurrCyl
0000006E  idCurrHed
00000070  idCurrSecTk
00000078  idLBASectrs
000000C8  idLBA48Sec
00000010  int33TblEntrySize
00000061  port61h
00000020  EOI
00000080  waitp
000000E9  bochsout
000000CC  BREAKPOINT
00000800  sizeOfMCPAlloc
0000000A  usbDevTblE
0000000A  hubDevTblE
0000000A  msdDevTblE
0000000A  diskDevicesE
00000000  GDT.Null
00000008  GDT.Code
00000010  GDT.Data
00000031  failmsglen
00000200  IDT_TABLE_Length
00001ABF  seg0len
000000A0  scr_io_table_length
00000013  MCP_int.asciil
00000013  MCP_int.lstl
000057E1  residentLength


---- Section codeInit ---------------------------------------------------------

Real              Virtual           Name
             800               800  realInit
             83A               83A  realInit.a20Proc
             83E               83E  realInit.a20FastEnable
             84F               84F  realInit.no92
             854               854  realInit.a20KeybEnable
             88A               88A  realInit.a20wait
             891               891  realInit.a20wait2
             898               898  realInit.a20Check
             8B4               8B4  realInit.a20Pass
             8BE               8BE  realInit.a20Fail
             8CF               8CF  realInit.a20Exit
             8ED               8ED  realInit.extCheck
             8FD               8FD  realInit.noa20
             8FF               8FF  realInit.noCPUID
             905               905  realInit.fail
             91E               91E  realInit.write
             92C               92C  realInit.return
             92D               92D  realInit.msg
             939               939  tellBIOS
             948               948  rmE820Map
             98A               98A  rmE820Map.map0
             9A9               9A9  rmE820Map.map1
             9B7               9B7  rmE820Map.map2
             9C8               9C8  rmE820Map.map3
             9CF               9CF  rmE820Map.mapfail
             9CF               9CF  rmE820Map.mapexit
             9E9               9E9  rmE820Map.mem2write
             9F5               9F5  rmE820Map.badmem2
             A00               A00  rmE820Map.mem3test
             A17               A17  rmE820Map.finalmemtest
             A1E               A1E  rmGetFontPointers
             A20               A20  rmGetFontPointers.gfp1
             A49               A49  rmSetTables
             A66               A66  rmUtables
             A7A               A7A  rmPDTentries
             AC4               AC4  GDT
             ADE               ADE  GDT.Pointer
             AE0               AE0  GDT.Base
             AE8               AE8  longmode_ep
             D0A               D0A  Relocate
             D45               D45  Relocate.move820_0
             D59               D59  Relocate.mv0
             D9A               D9A  Relocate.readSystemSize
             DB9               DB9  Relocate.rss1
             DC3               DC3  Relocate.rss2
             DD6               DD6  Relocate.addEntry
             DE6               DE6  Relocate.ae0
             E2B               E2B  Relocate.ae1
             E3B               E3B  Relocate.ae2
             ECA               ECA  Relocate.altRAM
             F34               F34  Ptablefinal
             F63               F63  Ptablefinal.utables
             FAB               FAB  idtFillDummy
             FCB               FCB  idtLoop
            104A              104A  PICremap
            108C              108C  pci_scan
            1099              1099  pci_scan.u1
            10EC              10EC  pci_scan.u11
            10FF              10FF  pci_scan.sataPCIEnum
            1119              1119  pci_scan.spemsg
            1136              1136  pci_scan.idePCIEnum
            1184              1184  pci_scan.ipeWriteTable
            11B1              11B1  pci_scan.ipemsg
            11D4              11D4  pci_scan.ipemsg2
            1203              1203  pci_scan.uhci_found
            1225              1225  pci_scan.uhci_succ
            1245              1245  pci_scan.ohci_found
            124F              124F  pci_scan.ehci_found
            126E              126E  pci_scan.ehci_succ
            128E              128E  pci_scan.xhci_succ
            12AE              12AE  pci_scan.xhci_found
            12CB              12CB  pci_scan.controlController
            133A              133A  pci_scan.cc0
            137E              137E  pci_scan.cc1
            13DA              13DA  pci_scan.controlUHCI
            1422              1422  pci_scan.cu0
            1427              1427  pci_scan.cu1
            1449              1449  pci_scan.controlxHCI
            1458              1458  pci_scan.suohoc0
            1468              1468  pci_scan.suohoc1
            1482              1482  pci_scan.suohoc2
            1494              1494  pci_scan.suohoc21
            1495              1495  pci_scan.suohoc3
            14A3              14A3  pci_scan.controlEHCI
            14BE              14BE  pci_scan.ce0
            14D9              14D9  pci_scan.ehcieecpsetup
            1501              1501  pci_scan.ees1
            151E              151E  pci_scan.ees2
            154F              154F  pci_scan.weirdEHCI1
            157C              157C  pci_scan.failmsg
            15AD              15AD  pciExit
            15AD              15AD  PITreset
            15BF              15BF  rtc_init
            1624              1624  checkCOM
            164D              164D  COMinitproceed
            1656              1656  serialinit
            16A1              16A1  COMinitexit
            16A7              16A7  keybsetup
            16CF              16CF  initFlush
            16D5              16D5  keyb0
            1733              1733  keyb1
            1742              1742  keyb1.k1
            1754              1754  keyb2
            175D              175D  keyb2.k1
            1776              1776  keyb3
            178B              178B  keyb3.k1
            179C              179C  keyb4
            17A0              17A0  keyb4.k1
            17BA              17BA  keyb4.k2
            17D0              17D0  keyb5
            17E4              17E4  keybinitend
            180C              180C  keybinitend.cleanBuffer
            181B              181B  ps2talk
            181B              181B  ps2talk.rStat
            181E              181E  ps2talk.rDat
            182B              182B  ps2talk.wCmd
            1833              1833  ps2talk.wDat
            183B              183B  ps2error
            1846              1846  ps2Str
            1846              1846  ps2Str.noecho
            1858              1858  ps2Str.startMsg
            186C              186C  ps2Str.okMsg
            1871              1871  endPS2Init
            1889              1889  debuggerInit
            18AB              18AB  IDE
            18AB              18AB  IDE.ideInitialisation
            18DA              18DA  IDE.ii0
            18EE              18EE  IDE.ii1
            18F9              18F9  IDE.ii2
            1917              1917  IDE.ii3
            192B              192B  IDE.ii4
            1936              1936  IDE.ii5
            1953              1953  IDE.identifyDrive
            19BA              19BA  IDE.id0
            19CE              19CE  IDE.id1
            19F3              19F3  IDE.id2
            1A34              1A34  IDE.id3
            1A54              1A54  IDE.idDeviceOK
            1A5E              1A5E  IDE.idExit
            1A61              1A61  IDE.addControllerTable
            1A89              1A89  IDE.act0
            1A92              1A92  IDE.actexit
            1A94              1A94  IDE.actfail
            1A97              1A97  IDE.ideInitEnd
            1A97              1A97  hciParse
            1AB2              1AB2  hciParse.hcip1
            1AD2              1AD2  hciParse.hcip2
            1AF4              1AF4  hciParse.pr0
            1B26              1B26  hciParse.pr1
            1B32              1B32  hciParse.pr11
            1B4C              1B4C  hciParse.pr2
            1B69              1B69  hciParse.echiInitMsg
            1B92              1B92  hciParse.noEHCI
            1B97              1B97  hciParse.exit
            1B97              1B97  remDevInit
            1BAA              1BAA  remDevInit.hubs_init
            1BB4              1BB4  remDevInit.redi1
            1BD0              1BD0  remDevInit.hubnextentry
            1BE0              1BE0  remDevInit.hub_rescan
            1BEA              1BEA  remDevInit.msds_init
            1C1A              1C1A  remDevInit.msd1
            1C2E              1C2E  remDevInit.msdNextEntry
            1C3E              1C3E  remDevInit.rediexit
            1C53              1C53  remDevInit.rmhmsg
            1C6F              1C6F  remDevInit.ok
            1C73              1C73  remDevInit.msdmsg
            1C91              1C91  remDevInit.exit
            1C91              1C91  int33hinit
            1CA5              1CA5  int33hinit.i33i1
            1CD0              1CD0  int33hinit.i33proceed
            1CE5              1CE5  int33hinit.i33ibad
            1CF6              1CF6  int33hinit.i33iend
            1D12              1D12  end
            1D90              1D90  endNoDevFound
            1DF9              1DF9  startboot
            1E0F              1E0F  endboot
            1E7F              1E7F  endboot2
            1E9F              1E9F  dbgmsg
            1EB5              1EB5  dbgmsg2
            1EC9              1EC9  dbgmsg3
            1ED7              1ED7  dbgmsg4
            1EED              1EED  memprint
            1F4C              1F4C  memprint.sense1
            1F73              1F73  memprint.pt2
            1F86              1F86  memprint.sense2
            1FB1              1FB1  memprint.pt3
            2000              2000  memprint.printdecimalword
            2015              2015  memprint.pdw0
            202B              202B  memprint.pdw1
            2032              2032  memprint.pdw2
            2046              2046  memprint.convmemmsg
            2063              2063  memprint.extmemmsg
            2081              2081  memprint.extmemmsg2
            20A0              20A0  memprint.totalmem
            20BD              20BD  memprint.kb
            20BF              20BF  IDT_TABLE
            20BF              20BF  CPU_IDT
            21BF              21BF  HW_IDT
            223F              223F  SW_IDT

---- Section codeResident -----------------------------------------------------

Real              Virtual           Name
            22BF            117493  e820print
            22D7            1174AB  e820print.e0
            230B            1174DF  e820print.printqword
            231B            1174EF  e820print.pq1
            2328            1174FC  e820print.printpipe
            233B            11750F  e820print.pipestr
            233F            117513  e820print.printcrlf
            2352            117526  e820print.crlfstr
            2355            117529  beep
            2375            117549  ps2wait
            2376            11754A  ps2wait.wnok
            2384            117558  ps2wait.wok
            238A            11755E  idtWriteEntry
            23B6            11758A  cls
            23CE            1175A2  timer_IRQ0
            2403            1175D7  timer_IRQ0.tret
            240E            1175E2  kb_IRQ1
            2415            1175E9  kb_IRQ1.k0
            246D            117641  kb_IRQ1.kb_store_in_buffer
            2492            117666  kb_IRQ1.kb1_exit
            249B            11766F  kb_IRQ1.kb1_exit_e0
            24A5            117679  kb_IRQ1.special_keys
            24B8            11768C  kb_IRQ1.pause
            24CB            11769F  kb_IRQ1.insert_released
            24CF            1176A3  kb_IRQ1.alt_shift_released
            24D3            1176A7  kb_IRQ1.ctrl_shift_released
            24D7            1176AB  kb_IRQ1.lshift_released
            24DB            1176AF  kb_IRQ1.rshift_released
            24DD            1176B1  kb_IRQ1.shift_release_common
            24E6            1176BA  kb_IRQ1.kb_buf_full_beep
            2503            1176D7  kb_IRQ1.basickey
            250F            1176E3  kb_IRQ1.kbbk1
            256F            117743  kb_IRQ1.keylookup
            259F            117773  kb_IRQ1.keyget
            25B0            117784  kb_IRQ1.addshiftvalue
            25C1            117795  kb_IRQ1.addctrlvalue
            25CA            11779E  kb_IRQ1.addaltvalue
            25D3            1177A7  kb_IRQ1.addnumvalue
            25DC            1177B0  kb_IRQ1.addcapsvalue
            25E5            1177B9  kb_IRQ1.addshiftcaps
            25EE            1177C2  kb_IRQ1.addshiftnum
            25F7            1177CB  kb_IRQ1.alt_shift_pressed
            25FB            1177CF  kb_IRQ1.ctrl_shift_pressed
            25FF            1177D3  kb_IRQ1.lshift_pressed
            2603            1177D7  kb_IRQ1.rshift_pressed
            2605            1177D9  kb_IRQ1.shift_pressed_common
            2611            1177E5  kb_IRQ1.ins_toggle
            2615            1177E9  kb_IRQ1.caps_lock
            2619            1177ED  kb_IRQ1.num_lock
            261D            1177F1  kb_IRQ1.scroll_lock
            261F            1177F3  kb_IRQ1.lock_common
            2630            117804  kb_IRQ1.e0special
            263F            117813  kb_IRQ1.ctrl_break
            2677            11784B  kb_IRQ1.ctrl_alt_del
            269A            11786E  kb_IRQ1.ctrl_alt_del_to_hell
            269E            117872  kb_IRQ1.ctrl_alt_del_reset_idt
            26A8            11787C  kb_IRQ1.ctrl_alt_del_no_reset
            26AE            117882  kb_IRQ1.set_kb_lights
            26CD            1178A1  kb_IRQ1.kb_error
            26E9            1178BD  kb_IRQ1.kber1
            26ED            1178C1  kb_IRQ1.kb_error_msg
            270A            1178DE  kb_IRQ1.kb_sc_ascii_lookup
            2C9A            117E6E  ser_IRQ3
            2CAC            117E80  ser_IRQ4
            2CBC            117E90  ser_common
            2CC1            117E95  ser_common.si0
            2CE0            117EB4  ser_common.si1
            2CED            117EC1  ser_common.si41
            2CFD            117ED1  ser_common.si2
            2D13            117EE7  ser_common.si3
            2D33            117F07  ser_common.si4
            2D4C            117F20  ser_common.si5
            2D68            117F3C  ser_common.siexit
            2D75            117F49  fdd_IRQ6
            2D7D            117F51  rtc_IRQ8
            2D8F            117F63  rtc_IRQ8.periodic
            2D97            117F6B  rtc_IRQ8.noPeriodic
            2D9B            117F6F  rtc_IRQ8.alarm
            2D9D            117F71  rtc_IRQ8.exit
            2DB0            117F84  hdd_IRQ14
            2DC7            117F9B  ehci_IRQ
            2DCE            117FA2  ehci_IRQ.pic1
            2DD3            117FA7  ehci_IRQ.intr
            2DE5            117FB9  ehci_IRQ.nonIRQmain
            2E14            117FE8  ehci_IRQ.usbignoreirq
            2E1C            117FF0  ehci_IRQ.exit
            2E1F            117FF3  ehci_IRQ.spur
            2E21            117FF5  ehci_IRQ.s1
            2E3B            11800F  ehci_IRQ.transactionError
            2E45            118019  ehci_IRQ.nonIRQep
            2E49            11801D  default_IRQ7
            2E61            118035  default_IRQ7.exit
            2E65            118039  default_IRQ7.e2
            2E68            11803C  default_IRQ15
            2E82            118056  default_IRQ15.spurcheck
            2E9B            11806F  default_IRQ15.exit
            2E9D            118071  default_IRQ15.e2
            2EA2            118076  scr_io_table
            2F42            118116  scr_io
            2F64            118138  scr_io.exitf
            2F6C            118140  scr_io.exit
            2F6F            118143  scr_io.change_mode
            2F7E            118152  scr_io.set_curs_shape
            2F91            118165  scr_io.set_curs_pos
            2FB1            118185  scr_io.scpexit
            2FB5            118189  scr_io.get_curs_pos
            2FD5            1181A9  scr_io.write_register
            2FFC            1181D0  scr_io.wrchar
            300E            1181E2  scr_io.wrascii
            301E            1181F2  scr_io.select_page
            3031            118205  scr_io.spbad
            3040            118214  scr_io.sp1
            3044            118218  scr_io.spmain
            308C            118260  scr_io.spm1
            3093            118267  scr_io.spm2
            30BF            118293  scr_io.sp_vga
            30C4            118298  scr_io.scroll_up
            30D2            1182A6  scr_io.su0
            30DB            1182AF  scr_io.su1
            310D            1182E1  scr_io.su2
            3150            118324  scr_io.suexit
            3158            11832C  scr_io.sblank
            316E            118342  scr_io.sbl0
            3182            118356  scr_io.scroll_down
            3190            118364  scr_io.sd0
            319A            11836E  scr_io.sd1
            31C9            11839D  scr_io.sd2
            320C            1183E0  scr_io.sdexit
            3214            1183E8  scr_io.read_att_char
            3222            1183F6  scr_io.rac1
            3246            11841A  scr_io.write_att_char
            3254            118428  scr_io.wac1
            3286            11845A  scr_io.write_char
            3294            118468  scr_io.wc1
            32BE            118492  scr_io.wc2
            32C7            11849B  scr_io.wc3
            32CE            1184A2  scr_io.gset_col_palette
            32DD            1184B1  scr_io.gwritedot
            32EC            1184C0  scr_io.greaddot
            32FB            1184CF  scr_io.write_tty
            3324            1184F8  scr_io.wttywrite
            3332            118506  scr_io.wttycursorupdate
            333D            118511  scr_io.wttycursorupdatego
            3341            118515  scr_io.wttyexit
            334A            11851E  scr_io.wttycu0
            3357            11852B  scr_io.wttyscrollupone
            337B            11854F  scr_io.wttybspace
            338C            118560  scr_io.wttybs1
            3393            118567  scr_io.wttylf
            33A9            11857D  scr_io.wttycr
            33B0            118584  scr_io.wttybell
            33C9            11859D  scr_io.get_mode
            33E3            1185B7  scr_io.wsbad
            33F2            1185C6  scr_io.write_string
            3400            1185D4  scr_io.ws
            341C            1185F0  scr_io.ws0
            3442            118616  scr_io.ws1
            346A            11863E  scr_io.ws2
            346E            118642  scr_io.ws3
            3476            11864A  scr_io.wsexitupdate
            3483            118657  scr_io.wsexit
            348D            118661  scr_io.wsctrlchar
            34A4            118678  scr_io.wszero
            34A6            11867A  scr_io.wsz1
            34B6            11868A  scr_io.wsz2
            34BD            118691  scr_io.gread
            34CC            1186A0  scr_io.gwrite
            34DB            1186AF  scr_io.gscrollup
            34EA            1186BE  scr_io.gscrolldown
            34F9            1186CD  scr_io.write_crtc_word
            3518            1186EC  scr_io.get_page_base
            3542            118716  scr_io.gpb0
            354A            11871E  scr_io.gpb1
            354D            118721  scr_io.page_cursor_offset
            355D            118731  scr_io.offset_from_ax
            3579            11874D  scr_io.text_scroll_c1
            3594            118768  scr_io.cursor_proc
            35B3            118787  scr_io.cp1
            35BE            118792  scr_io.cpwrite
            35CC            1187A0  machineWord_io
            3603            1187D7  convRAM_io
            3626            1187FA  disk_io
            36C7            11889B  disk_io.baddev
            36D0            1188A4  disk_io.bad
            36D7            1188AB  disk_io.noDevInDrive
            36E5            1188B9  disk_io.reset
            36F6            1188CA  disk_io.rrexit
            3708            1188DC  disk_io.rrbad
            3718            1188EC  disk_io.statusreport
            372A            1188FE  disk_io.srmain
            3780            118954  disk_io.srexit
            3787            11895B  disk_io.srexitbad2
            378B            11895F  disk_io.srexitbad1
            378D            118961  disk_io.srexitbad
            3797            11896B  disk_io.readsectors
            37B8            11898C  disk_io.rsbad
            37BF            118993  disk_io.writesectors
            37E0            1189B4  disk_io.verify
            3801            1189D5  disk_io.format
            3839            118A0D  disk_io.formatcommon
            3851            118A25  disk_io.f0
            3863            118A37  disk_io.formatexit
            387D            118A51  disk_io.fbadBB
            3885            118A59  disk_io.fbad
            3888            118A5C  disk_io.lbaread
            38AD            118A81  disk_io.lbawrite
            38D2            118AA6  disk_io.lbaverify
            38F7            118ACB  disk_io.lbaformat
            3925            118AF9  disk_io.lbaCommon
            393B            118B0F  disk_io.formatLowLevel
            395D            118B31  disk_io.lbareadparams
            3992            118B66  disk_io.sectorsEHCI
            39A4            118B78  disk_io.seCommon
            39B5            118B89  disk_io.se1
            39CC            118BA0  disk_io.se2
            39D3            118BA7  disk_io.sebadBB
            39DB            118BAF  disk_io.sebad
            39DE            118BB2  disk_io.i33ehciGetDevicePtr
            3A0A            118BDE  disk_io.i33egdpbad
            3A0C            118BE0  disk_io.convertCHSLBA
            3A2D            118C01  disk_io.deviceChanged
            3AB4            118C88  disk_io.dcNoError
            3AD4            118CA8  disk_io.dcError
            3AEA            118CBE  disk_io.dcRoot
            3B06            118CDA  disk_io.busScan
            3B92            118D66  disk_io.bsret
            3B97            118D6B  disk_io.bsexit
            3B9F            118D73  disk_io.bsErrorExit
            3BAF            118D83  disk_io.bsrExit06h
            3BBC            118D90  disk_io.bsClearPortChangeStatus
            3BF3            118DC7  disk_io.bsRtNoDev
            3BFE            118DD2  disk_io.bsRoot
            3C41            118E15  disk_io.bsCommonEP
            3C6C            118E40  disk_io.bsr0
            3C81            118E55  disk_io.bsr1
            3CB4            118E88  disk_io.bsrFail
            3CC4            118E98  disk_io.deviceInit
            3CE8            118EBC  disk_io.deviceInitReadCaps
            3D19            118EED  disk_io.deviceInitWriteTableEntry
            3D42            118F16  disk_io.deviceInitExit
            3D44            118F18  disk_io.i33removeFromTable
            3D58            118F2C  diskdpt
            3D58            118F2C  diskdpt.fsb
            3D59            118F2D  diskdpt.ssb
            3D5A            118F2E  diskdpt.tto
            3D5B            118F2F  diskdpt.bps
            3D5C            118F30  diskdpt.spt
            3D5D            118F31  diskdpt.gpl
            3D5E            118F32  diskdpt.dtl
            3D5F            118F33  diskdpt.glf
            3D60            118F34  diskdpt.fbf
            3D61            118F35  diskdpt.hst
            3D62            118F36  diskdpt.mst
            3D63            118F37  fdiskdpt
            3D63            118F37  fdiskdpt.cyl
            3D65            118F39  fdiskdpt.nhd
            3D66            118F3A  fdiskdpt.rwc
            3D68            118F3C  fdiskdpt.wpc
            3D6A            118F3E  fdiskdpt.ecc
            3D6B            118F3F  fdiskdpt.ctl
            3D6C            118F40  fdiskdpt.sto
            3D6D            118F41  fdiskdpt.fto
            3D6E            118F42  fdiskdpt.tcd
            3D6F            118F43  fdiskdpt.clz
            3D71            118F45  fdiskdpt.spt
            3D72            118F46  fdiskdpt.res
            3D73            118F47  fdisk_io
            3DF7            118FCB  fdisk_io.badFunctionRequest
            3E00            118FD4  fdisk_io.badExit
            3E13            118FE7  fdisk_io.okExit
            3E16            118FEA  fdisk_io.paramExit
            3E26            118FFA  fdisk_io.fdiskReset
            3E43            119017  fdisk_io.fdiskStatus
            3E58            11902C  fdisk_io.fdiskReadCHS
            3E6A            11903E  fdisk_io.fdiskWriteCHS
            3E7C            119050  fdisk_io.fdiskVerifyCHS
            3E8C            119060  fdisk_io.fdiskFormat
            3E9C            119070  fdisk_io.fdiskParametersCHS
            3ECE            1190A2  fdisk_io.fdiskReadLBA
            3EF7            1190CB  fdisk_io.fdiskWriteLBA
            3F1C            1190F0  fdisk_io.fdiskVerifyLBA
            3F41            119115  fdisk_io.fdiskFormatSector
            3F66            11913A  fdisk_io.fdiskParametersLBA
            3F8D            119161  fdisk_io.fdiskError
            3FC9            11919D  fdisk_io.fdiskErrorUnknown
            3FD6            1191AA  fdisk_io.fdiskBadAddress
            3FE3            1191B7  fdisk_io.fdiskCRCError
            3FF0            1191C4  fdisk_io.fdiskNoErrorData
            3FFD            1191D1  fdisk_io.fdiskErrorNoBit
            400C            1191E0  fdisk_io.fdiskErrorDriveFault
            4019            1191ED  fdisk_io.fdiskCtrlrFailed
            4026            1191FA  serial_baud_table
            403E            119212  serial_abt
            4046            11921A  serial_io
            408B            11925F  serial_io.badin
            4091            119265  serial_io.sioexit
            40A2            119276  serial_io.sbadexit1
            40A6            11927A  serial_io.sbadexit2
            40A8            11927C  serial_io.sbadcommon
            40B0            119284  serial_io.userinit
            40DE            1192B2  serial_io.transmit
            40E8            1192BC  serial_io.t1
            40FC            1192D0  serial_io.t2
            4111            1192E5  serial_io.recieve
            4146            11931A  serial_io.r0
            4153            119327  serial_io.r1
            415A            11932E  serial_io.rexit
            416C            119340  serial_io.gsret
            4177            11934B  serial_io.getscratch
            4190            119364  serial_io.extinit
            4190            119364  serial_io.extstatus
            4190            119364  serial_io.custombaud
            4199            11936D  misc_io
            41CD            1193A1  misc_io.badFunction
            41CF            1193A3  misc_io.badout
            41D6            1193AA  misc_io.delay
            421A            1193EE  misc_io.loopdelay
            4257            11942B  misc_io.return
            4259            11942D  misc_io.memory16MB
            4263            119437  misc_io.miscDispatcher
            4278            11944C  misc_io.mdConnectDebugger
            42D3            1194A7  misc_io.mdDisconnectDebugger
            432C            119500  misc_io.mdDebugExit
            4332            119506  misc_io.mdBeeper
            4339            11950D  misc_io.advSysMemDispatcher
            434E            119522  misc_io.retUserBase
            4358            11952C  misc_io.memory64MB
            437A            11954E  misc_io.memoryBIOSseg
            439A            11956E  misc_io.fullMemoryMap
            43B7            11958B  misc_io.sysDataTableDispatcher
            4418            1195EC  misc_io.sdtDT
            4447            11961B  misc_io.sdtGet
            4456            11962A  misc_io.sdtRegisterPage
            4460            119634  misc_io.sdtGetPagePtr
            446A            11963E  misc_io.sdtDataptr
            4476            11964A  misc_io.sdtReadIDTEntry
            44A7            11967B  misc_io.sdtWriteIDTEntry
            44BF            119693  misc_io.sdtNewDDP
            44C9            11969D  misc_io.sdtNewfDDP
            44D3            1196A7  misc_io.sdtReadDDP
            44DD            1196B1  misc_io.sdtReadfDDP
            44E7            1196BB  misc_io.sdtNewSysInit
            44F9            1196CD  misc_io.sdtReadSysInit
            450B            1196DF  misc_io.ehciFunctionDispatcher
            4520            1196F4  misc_io.ehciDispGetCritPtr
            452A            1196FE  misc_io.ehciDispSetCritPtr
            4534            119708  misc_io.ehciDispResetCtrlr
            4534            119708  misc_io.echiDispReEnumDevices
            453B            11970F  kb_io
            4552            119726  kb_io.k0
            457B            11974F  kb_io.k1
            4599            11976D  kb_io.k2
            45A0            119774  kb_io.kexit
            45A4            119778  kb_io.kb_ptr_adv
            45BC            119790  kb_io.kbpa1
            45BD            119791  printer_io
            45C6            11979A  MCPjmptbl
            465E            119832  MCP_int
            4677            11984B  MCP_int.z11
            4692            119866  MCP_int.z2
            46BE            119892  MCP_int.prog_sel
            46CA            11989E  MCP_int.memoryMap
            46E0            1198B4  MCP_int.singleStepsEP
            4715            1198E9  MCP_int.debugEpHardware
            4735            119909  MCP_int.debugEp
            474F            119923  MCP_int.dep1
            476A            11993E  MCP_int.bad_command
            4787            11995B  MCP_int.bc1
            4792            119966  MCP_int.connect
            47AF            119983  MCP_int.connectString
            47C4            119998  MCP_int.disconnect
            47E1            1199B5  MCP_int.disconnectString
            47F9            1199CD  MCP_int.version
            4815            1199E9  MCP_int.v1
            4820            1199F4  MCP_int.v2
            4821            1199F5  MCP_int.vstring
            483E            119A12  MCP_int.debugRegs
            4898            119A6C  MCP_int.xr11
            48B3            119A87  MCP_int.xr1
            48F2            119AC6  MCP_int.xr2
            48FB            119ACF  MCP_int.xr3
            4904            119AD8  MCP_int.xr4
            490D            119AE1  MCP_int.xr5
            4911            119AE5  MCP_int.dumpDebugRegs
            4941            119B15  MCP_int.ddr1
            494D            119B21  MCP_int.ddr11
            496C            119B40  MCP_int.ddr2
            4970            119B44  MCP_int.ddr21
            499D            119B71  MCP_int.dregcrlf
            49C3            119B97  MCP_int.dregtbl
            49DB            119BAF  MCP_int.xchangeReg
            4A4A            119C1E  MCP_int.xcr1
            4A9E            119C72  MCP_int.xcnoexit
            4A9F            119C73  MCP_int.xcipchange
            4AA8            119C7C  MCP_int.xcflags
            4AB5            119C89  MCP_int.xcf1
            4AF3            119CC7  MCP_int.inport
            4B46            119D1A  MCP_int.outport
            4BAF            119D83  MCP_int.hexCalc
            4C62            119E36  MCP_int.hcprintquad
            4C6F            119E43  MCP_int.hcpq1
            4C7F            119E53  MCP_int.dumpReg
            4CA9            119E7D  MCP_int.dreg1
            4CB9            119E8D  MCP_int.dreg11
            4CCE            119EA2  MCP_int.dreg2
            4CE4            119EB8  MCP_int.dreg21
            4D10            119EE4  MCP_int.drip0
            4D13            119EE7  MCP_int.drip1
            4D3D            119F11  MCP_int.drip2
            4D88            119F5C  MCP_int.ssep0
            4E01            119FD5  MCP_int.drflagwrite
            4E04            119FD8  MCP_int.drflg1
            4E2C            11A000  MCP_int.drflg2
            4E3B            11A00F  MCP_int.dregexit
            4E3C            11A010  MCP_int.dsegregwrite
            4E42            11A016  MCP_int.dsegreg1
            4E74            11A048  MCP_int.regcrlf
            4E9A            11A06E  MCP_int.regtbl
            4EF0            11A0C4  MCP_int.rflgs
            4EF7            11A0CB  MCP_int.ipstrg
            4F00            11A0D4  MCP_int.dumpMemory
            4F4C            11A120  MCP_int.dmmain00
            4FAC            11A180  MCP_int.dmmain01
            4FBC            11A190  MCP_int.dmmain0
            4FC1            11A195  MCP_int.dmmain1
            4FE1            11A1B5  MCP_int.dmmain2
            4FE6            11A1BA  MCP_int.dmmain21
            5008            11A1DC  MCP_int.dmmain3
            5052            11A226  MCP_int.dmbadexit
            5063            11A237  MCP_int.dmexit
            506F            11A243  MCP_int.dmnoargs
            5079            11A24D  MCP_int.dmnoargs1
            507D            11A251  MCP_int.dmnoargscommon
            508C            11A260  MCP_int.dmalign
            50A5            11A279  MCP_int.dmal1
            50B1            11A285  MCP_int.dmhyphen1
            50C9            11A29D  MCP_int.dmcsaddrprint
            50E1            11A2B5  MCP_int.dmrollprint
            50F0            11A2C4  MCP_int.dmdot
            50F2            11A2C6  MCP_int.dmbadargs
            5101            11A2D5  MCP_int.editMemory
            5171            11A345  MCP_int.jumpProc
            51BD            11A391  MCP_int.singleStep
            51CC            11A3A0  MCP_int.proceedDefault
            51DF            11A3B3  MCP_int.storageRead
            51E7            11A3BB  MCP_int.storageWrite
            51ED            11A3C1  MCP_int.storageCommon
            5223            11A3F7  MCP_int.sc0
            5259            11A42D  MCP_int.storageExit
            5265            11A439  MCP_int.storageError
            5271            11A445  MCP_int.restartMcp
            5273            11A447  MCP_int.clearscreen
            527F            11A453  MCP_int.storeMainRegisters
            52CA            11A49E  MCP_int.loadMainRegisters
            5330            11A504  MCP_int.arg
            5341            11A515  MCP_int.a01
            5344            11A518  MCP_int.a1
            5357            11A52B  MCP_int.a2
            535C            11A530  MCP_int.aexit
            5368            11A53C  MCP_int.error
            537F            11A553  MCP_int.emsg
            5390            11A564  MCP_int.keyb
            53C3            11A597  MCP_int.k1
            5410            11A5E4  MCP_int.kend
            541A            11A5EE  MCP_int.kb1
            541B            11A5EF  MCP_int.kb2
            5431            11A605  MCP_int.print
            5436            11A60A  MCP_int.ascii
            5449            11A61D  MCP_int.lst
            545C            11A630  MCP_int.prompt
            5460            11A634  MCP_int.prompt2
            5462            11A636  MCP_int.crlf
            5465            11A639  bootstrapInt
            548D            11A661  bootstrapInt.e0
            54B7            11A68B  bootstrapInt.e1
            54C3            11A697  bootstrapInt.e2
            54D1            11A6A5  bootstrapInt.e3
            54DB            11A6AF  bootstrapInt.leaveBIOS
            54F2            11A6C6  bootstrapInt.efail
            54FE            11A6D2  timerInt
            5542            11A716  timerInt.bad
            5549            11A71D  timerInt.exit
            554B            11A71F  timerInt.gett
            556A            11A73E  timerInt.sett
            557E            11A752  timerInt.tiext
            5589            11A75D  timerInt.getpitdiv
            5593            11A767  timerInt.setpitdiv
            55AC            11A780  timerInt.readRTCtime
            55B0            11A784  timerInt.rrt0
            55F0            11A7C4  timerInt.rrtbad
            55F6            11A7CA  timerInt.setRTCtime
            55FA            11A7CE  timerInt.srt0
            5658            11A82C  timerInt.readRTCdate
            565C            11A830  timerInt.rrd0
            568C            11A860  timerInt.setRTCdate
            5690            11A864  timerInt.srd0
            56ED            11A8C1  timerInt.setRTCalarm
            5730            11A904  timerInt.srabad
            5738            11A90C  timerInt.resetRTCalarm
            5755            11A929  timerInt.readRTC
            575E            11A932  timerInt.writeRTC
            5769            11A93D  ctrlbreak_io
            576B            11A93F  scr_params_io
            5777            11A94B  disk_params_io
            5789            11A95D  cga_ret_io
            57A1            11A975  ATA
            57A1            11A975  ATA.identifyDevice
            57C2            11A996  ATA.l2
            57D8            11A9AC  ATA.l3
            57E9            11A9BD  ATA.exitfail
            57EA            11A9BE  ATA.exit
            57ED            11A9C1  ATA.selectDriveFromTable
            57FE            11A9D2  ATA.selectDrive
            582A            11A9FE  ATA.sd0
            5862            11AA36  ATA.skipSelection
            5865            11AA39  ATA.driveNotSelected
            5868            11AA3C  ATA.driveSelectWait
            5874            11AA48  ATA.dsw0
            5886            11AA5A  ATA.wait400ns
            588C            11AA60  ATA.wns
            5891            11AA65  ATA.getTablePointer
            58A2            11AA76  ATA.gtpSearch
            58B1            11AA85  ATA.gtpVerifyOk
            58BA            11AA8E  ATA.gtpBad
            58BD            11AA91  ATA.resetChannel
            590B            11AADF  ATA.rcBad
            590D            11AAE1  ATA.read
            5915            11AAE9  ATA.rWait
            5924            11AAF8  ATA.rWaitLoop
            5940            11AB14  ATA.r0
            5955            11AB29  ATA.readExitloop
            5966            11AB3A  ATA.rExit
            5968            11AB3C  ATA.rTimeout
            5970            11AB44  ATA.errorExit
            5972            11AB46  ATA.write
            597A            11AB4E  ATA.writeWait
            5989            11AB5D  ATA.writeWaitLoop
            59A5            11AB79  ATA.w1
            59AF            11AB83  ATA.formatEP
            59BA            11AB8E  ATA.wBSYcheck
            59D3            11ABA7  ATA.wFlushCheck
            59EF            11ABC3  ATA.verify
            59FE            11ABD2  ATA.vLoop
            5A1A            11ABEE  ATA.format
            5A1F            11ABF3  ATA.formatWait
            5A2E            11AC02  ATA.formatWaitLoop
            5A57            11AC2B  ATA.f1
            5A66            11AC3A  ATA.readCHS
            5A84            11AC58  ATA.writeCHS
            5AA2            11AC76  ATA.verifyCHS
            5ABE            11AC92  ATA.formatCHS
            5AE6            11ACBA  ATA.setupCHS
            5B1C            11ACF0  ATA.sCHSFailed
            5B25            11ACF9  ATA.readLBA
            5B43            11AD17  ATA.writeLBA
            5B61            11AD35  ATA.verifyLBA
            5B7F            11AD53  ATA.formatLBA
            5B9D            11AD71  ATA.setupLBA
            5BD7            11ADAB  ATA.sLBAFailed
            5BE0            11ADB4  ATA.readLBA48
            5BFE            11ADD2  ATA.writeLBA48
            5C1C            11ADF0  ATA.verifyLBA48
            5C3A            11AE0E  ATA.formatLBA48
            5C58            11AE2C  ATA.setupLBA48
            5CBB            11AE8F  USB
            5CBB            11AE8F  USB.ehciCriticalErrorWrapper
            5CC2            11AE96  USB.ehciCriticalErrorHandler
            5CE9            11AEBD  USB.ecehmsg
            5CF6            11AECA  USB.setupEHCIcontroller
            5D15            11AEE9  USB.secexit
            5D19            11AEED  USB.ehciResetControllerPort
            5D5E            11AF32  USB.erclp0
            5D72            11AF46  USB.erclp1
            5DA2            11AF76  USB.erclp2
            5DD6            11AFAA  USB.erclp3
            5E02            11AFD6  USB.ercpexit
            5E07            11AFDB  USB.ercperr
            5E0D            11AFE1  USB.ehciResetCtrlr
            5E26            11AFFA  USB.erc0
            5E45            11B019  USB.erc1
            5E63            11B037  USB.ercexit
            5E6E            11B042  USB.erc2
            5E71            11B045  USB.ehciRunCtrlr
            5E8B            11B05F  USB.esc0
            5E9D            11B071  USB.esc1
            5EA0            11B074  USB.esc2
            5EA3            11B077  USB.ehciStopCtrlr
            5EBC            11B090  USB.estc0
            5ECC            11B0A0  USB.estcexit
            5ECF            11B0A3  USB.estc1
            5ED2            11B0A6  USB.ehciAdjustAsyncSchedCtrlr
            5EEC            11B0C0  USB.eacStart
            5EFB            11B0CF  USB.eacOkExit
            5EFD            11B0D1  USB.eacBad
            5EFF            11B0D3  USB.ehciInitCtrlrRegs
            5F4F            11B123  USB.ehciCtrlrGetNumberOfPorts
            5F63            11B137  USB.ehciGetNewQHeadAddr
            5F84            11B158  USB.egnqaexit
            5F85            11B159  USB.ehciToggleTransactingQHead
            5FA0            11B174  USB.ettqh0
            5FAD            11B181  USB.ehciDelinkOldQHead
            5FCD            11B1A1  USB.ehciLinkNewQHead
            5FE9            11B1BD  USB.elnqhexit
            5FEE            11B1C2  USB.elnqadjusted
            6024            11B1F8  USB.elnqhbad
            6029            11B1FD  USB.ehciSetNoData
            60C8            11B29C  USB.ehciGetRequest
            6185            11B359  USB.egddproceed
            618A            11B35E  USB.egddexit
            6196            11B36A  USB.ehciStartAsyncSchedule
            61AD            11B381  USB.esas0
            61BC            11B390  USB.esasok
            61BF            11B393  USB.esasfail
            61C2            11B396  USB.ehciStopAsyncSchedule
            61DA            11B3AE  USB.espc0
            61ED            11B3C1  USB.espcfail
            61F1            11B3C5  USB.ehciProcessCommand
            621A            11B3EE  USB.epc1
            623A            11B40E  USB.epc2
            626A            11B43E  USB.epc3
            6286            11B45A  USB.epc4
            62A1            11B475  USB.epcexit
            62A6            11B47A  USB.epcStall
            62B1            11B485  USB.epcfail
            62BB            11B48F  USB.epcfailedstart
            62BB            11B48F  USB.epcfaildelinked
            62C3            11B497  USB.epcHostError
            62CE            11B4A2  USB.epcfailtimeout
            62EB            11B4BF  USB.ehciEnumerateRootPort
            62F7            11B4CB  USB.eebinit
            6313            11B4E7  USB.eeb0
            6336            11B50A  USB.eeb1
            6375            11B549  USB.eeb2
            6394            11B568  USB.ehciEnumCommonEp
            63AC            11B580  USB.eeb3
            63CB            11B59F  USB.eeb4
            63D5            11B5A9  USB.eeb5
            63F4            11B5C8  USB.eeb6
            6416            11B5EA  USB.eeb7
            6434            11B608  USB.eeb8
            644C            11B620  USB.eeb9
            644F            11B623  USB.eeb10
            6467            11B63B  USB.eeb11
            647B            11B64F  USB.ehciedexit
            6488            11B65C  USB.ehciedbad
            6488            11B65C  USB.ehciedbadnoport
            6493            11B667  USB.ehciedbadnotimeout
            64A5            11B679  USB.ehcibadremtables
            64B1            11B685  USB.ehciAddDeviceToTables
            64DE            11B6B2  USB.eadtt0
            64F4            11B6C8  USB.eadtt1
            6519            11B6ED  USB.eadttmsd
            6528            11B6FC  USB.eadttmsd0
            653E            11B712  USB.eadttmsd1
            6550            11B724  USB.eadttmsd11
            6571            11B745  USB.eadttmsd2
            65A8            11B77C  USB.eadttmsd21
            65C3            11B797  USB.eadttmsd3
            65DD            11B7B1  USB.eadtthub
            65ED            11B7C1  USB.eadtthub0
            65FF            11B7D3  USB.eadtthub1
            661C            11B7F0  USB.eadttpass
            6620            11B7F4  USB.eadttexit
            6627            11B7FB  USB.eadttbad
            662E            11B802  USB.ehciRemoveDevFromTables
            663D            11B811  USB.erdft0
            664A            11B81E  USB.erdft1
            6660            11B834  USB.erdft11
            66A2            11B876  USB.erdft2
            66BC            11B890  USB.erdftexit
            66C0            11B894  USB.erdftbad
            66C3            11B897  USB.ehciGiveValidAddress
            66C9            11B89D  USB.egva0
            66DB            11B8AF  USB.egva1
            66E6            11B8BA  USB.egvaexit
            66E9            11B8BD  USB.ehciFindValidInterface
            6704            11B8D8  USB.ecvi0
            6732            11B906  USB.ecviif
            6739            11B90D  USB.ecviexit
            673E            11B912  USB.ecvifail
            6745            11B919  USB.ecvibadif
            6754            11B928  USB.ecvibadif1
            6761            11B935  USB.ehciCheckHubIf
            677B            11B94F  USB.ecdhexit
            677D            11B951  USB.ecdhfail
            6780            11B954  USB.ehciCheckMsdIf
            6795            11B969  USB.ecdmprot
            679B            11B96F  USB.ecdmprotUAF
            679B            11B96F  USB.ecdmpass
            679C            11B970  USB.ecdmexit
            67A0            11B974  USB.ecdmfail
            67A3            11B977  USB.ehciGetDevicePtr
            67B5            11B989  USB.egdp0
            67C8            11B99C  USB.egdp1
            67F9            11B9CD  USB.egdp2
            6808            11B9DC  USB.egdp3
            6809            11B9DD  USB.egdpexit
            680D            11B9E1  USB.egdpfail
            6813            11B9E7  USB.ehciProbeQhead
            6817            11B9EB  USB.ehciStandardErrorHandler
            6879            11BA4D  USB.esehexit
            6882            11BA56  USB.ehciClearEpStallHalt
            6899            11BA6D  USB.ehciWriteQHead
            68BE            11BA92  USB.ehciWriteQHeadTD
            693A            11BB0E  USB.ehciDevSetupHub
            6941            11BB15  USB.edshub
            6954            11BB28  USB.edshub1
            695E            11BB32  USB.edshub11
            6978            11BB4C  USB.edshub13
            697E            11BB52  USB.edshub2
            6984            11BB58  USB.ehciDeviceSetupMsd
            698B            11BB5F  USB.edsmsd
            6995            11BB69  USB.edsm1
            69C0            11BB94  USB.edsms2
            69C3            11BB97  USB.edsms3
            69E3            11BBB7  USB.edsms4
            69F0            11BBC4  USB.edsms5
            6A17            11BBEB  USB.edsms6
            6A21            11BBF5  USB.edsexit
            6A26            11BBFA  USB.edsfail
            6A2E            11BC02  USB.ehciEnumerateHubPort
            6A41            11BC15  USB.eehdeinit
            6A4D            11BC21  USB.eehde0
            6A6C            11BC40  USB.eehde1
            6A79            11BC4D  USB.eehde2
            6A97            11BC6B  USB.eehde3
            6A9A            11BC6E  USB.eehde31
            6AB8            11BC8C  USB.eehde4
            6ACB            11BC9F  USB.eehde41
            6AE6            11BCBA  USB.eehde5
            6B04            11BCD8  USB.eehde6
            6B48            11BD1C  USB.eehde7
            6B66            11BD3A  USB.eehde10
            6B81            11BD55  USB.eehde101
            6B8E            11BD62  USB.eehde11
            6BB8            11BD8C  USB.eehde12
            6BC1            11BD95  USB.eehde13
            6BFC            11BDD0  USB.eehdebad
            6BFC            11BDD0  USB.eehdebadnoport
            6C01            11BDD5  USB.eehdebadnotimeout
            6C06            11BDDA  USB.eehdebadremtables
            6C0B            11BDDF  USB.eehdecritical
            6C10            11BDE4  USB.eehdereset
            6C34            11BE08  USB.eehder1
            6C66            11BE3A  USB.eehder2
            6C7E            11BE52  USB.eehcritexit
            6C7F            11BE53  USB.ehciHubClassDescriptor
            6CBF            11BE93  USB.ehcdexit
            6CC3            11BE97  USB.ehcdfail
            6CC9            11BE9D  USB.ehciMsdInitialise
            6CF0            11BEC4  USB.emi0
            6D3B            11BF0F  USB.ehciMsdInitExit
            6D3D            11BF11  USB.ehciMsdInitFail
            6D51            11BF25  USB.ehciMsdInitialisePfail
            6D5A            11BF2E  USB.emipf0
            6D79            11BF4D  USB.ehciMsdDeviceReset
            6DA3            11BF77  USB.ehciMsdGetMaxLun
            6DCD            11BFA1  USB.ehciMsdBOTResetRecovery
            6DFB            11BFCF  USB.embrrexit
            6DFF            11BFD3  USB.ehciMsdBOTCheckValidCSW
            6E4C            11C020  USB.ehciMsdBOTCheckMeaningfulCSW
            6E7C            11C050  USB.embcmcResidueCheck
            6EAA            11C07E  USB.embcmcExit
            6EAD            11C081  USB.ehciMsdBOTCheckTransaction
            6EBF            11C093  USB.embhiehcswmeaningful
            6ECA            11C09E  USB.embhiehexit
            6ECB            11C09F  USB.ehciMsdBOTOO64I
            6ECB            11C09F  USB.ehciMsdBOTOI64I
            6ED4            11C0A8  USB.ehciMsdBOTOOI
            6FA0            11C174  USB.ehciMsdBOTOII
            7049            11C21D  USB.emboiicommonep
            707F            11C253  USB.emboexit
            708C            11C260  USB.ehciMsdBOTOI
            7129            11C2FD  USB.emboiexit
            7134            11C308  USB.ehciMsdWriteOutQHead
            7173            11C347  USB.ehciMsdWriteInQHead
            71B2            11C386  USB.ehciMsdBOTRequest
            71F1            11C3C5  USB.ehciMsdBOTInquiry
            723E            11C412  USB.ehciMsdBOTReadFormatCapacities
            728F            11C463  USB.ehciMsdBOTReadCapacity10
            72E0            11C4B4  USB.ehciMsdBOTFormatUnit
            731B            11C4EF  USB.embfu0
            733D            11C511  USB.embfuexit
            7347            11C51B  USB.embfuerror
            734A            11C51E  USB.ehciMsdBOTVerify
            738A            11C55E  USB.embvexit
            7396            11C56A  USB.embvbad
            7399            11C56D  USB.ehciMsdBOTRequestSense
            73EA            11C5BE  USB.ehciMsdBOTTestReady
            7421            11C5F5  USB.ehciMsdBOTModeSense6
            7472            11C646  USB.ehciMsdBOTOutSector512
            74B2            11C686  USB.embosexit
            74BA            11C68E  USB.emboseerror
            74BD            11C691  USB.ehciMsdBOTInSector512
            74F5            11C6C9  USB.ehciMsdBOTSector512
            7546            11C71A  USB.msdWriteCBW
            7577            11C74B  USB.scsiInquiry
            7592            11C766  USB.scsiWrite10
            7596            11C76A  USB.scsiRead10
            7598            11C76C  USB.scsirw
            75B9            11C78D  USB.scsiRequestSense
            75CC            11C7A0  USB.scsiTestUnitReady
            75D6            11C7AA  USB.scsiReadFormatCapacities
            75E6            11C7BA  USB.scsiReadCap10
            75F0            11C7C4  USB.scsiFormatUnit
            7605            11C7D9  USB.scsiVerify
            7626            11C7FA  USB.scsiModeSense6
            7636            11C80A  USB.ehciGetOpBase
            764F            11C823  USB.egob1
            7651            11C825  i0
            7659            11C82D  i1
            7668            11C83C  i2
            7677            11C84B  i3
            7686            11C85A  i4
            7695            11C869  i5
            76A4            11C878  i6
            76B3            11C887  i7
            76C2            11C896  i8
            76D1            11C8A5  i9
            76E0            11C8B4  i10
            76EF            11C8C3  i11
            76FE            11C8D2  i12
            770D            11C8E1  i13
            7719            11C8ED  i14
            7725            11C8F9  i15
            7731            11C905  i16
            773D            11C911  i17
            7749            11C91D  i18
            7755            11C929  i19
            7761            11C935  i20
            776D            11C941  i21
            7777            11C94B  cpu_4args
            7783            11C957  cpu_3args
            778F            11C963  cpu_2args
            7799            11C96D  cpu_exception
            7827            11C9FB  cpu_exception.cpurollprint
            782D            11CA01  cpu_exception.cpurollprint1
            783E            11CA12  cpu_exception.cpuexendloop
            7856            11CA2A  cpu_exception.cpu_exception_appret
            7861            11CA35  cpu_exception.cpuextendederror
            7868            11CA3C  cpu_exception.pr1
            78A3            11CA77  cpu_exception.pr2
            78D9            11CAAD  cpu_exception.char
            78E9            11CABD  cpu_exception.printbyte
            7906            11CADA  cpu_exception.fatalt0
            790E            11CAE2  cpu_exception.fatal1
            7A4F            11CC23  cpu_exception.fatal2
            7A53            11CC27  cpu_exception.ascii
            7A63            11CC37  dummy_interrupt
            7A63            11CC37  dummy_interrupt.pic2
            7A6A            11CC3E  dummy_interrupt.pic1
            7A6B            11CC3F  dummy_interrupt.p1
            7A70            11CC44  dummy_return_64
            7A72            11CC46  signature
            7A7E            11CC52  signature2
            7AA0            11CC74  codeResidentEndPtr

---- Section BIOSTables -------------------------------------------------------

Real              Virtual           Name
          110000            110000  BIOSIDTable
          111000            111000  BIOSPageTbl
          117000            117000  BIOSGDTable

---- Section data -------------------------------------------------------------

Real              Virtual           Name
          117020            117020  IDTlength
          117022            117022  IDTpointer
          117022            117022  IDTpointer.Limit
          117024            117024  IDTpointer.Base
          11702C            11702C  GDTlength
          11702E            11702E  GDTpointer
          11702E            11702E  GDTpointer.Limit
          117030            117030  GDTpointer.Base
          117038            117038  pageTablePtr
          117040            117040  spurint1
          117041            117041  spurint2
          117042            117042  kb_buffer
          117062            117062  kb_buf_head
          11706A            11706A  kb_buf_tail
          117072            117072  kb_buf_start
          11707A            11707A  kb_buf_end
          117082            117082  kb_flags
          117083            117083  kb_flags_1
          117084            117084  kb_flags_2
          117085            117085  break_flag
          117086            117086  numCOM
          117087            117087  com_addresses
          11708F            11708F  comX_buffer
          11708F            11708F  com1_buffer
          11709F            11709F  com2_buffer
          1170AF            1170AF  com3_buffer
          1170BF            1170BF  com4_buffer
          1170CF            1170CF  comX_buf_head
          1170CF            1170CF  com1_buf_head
          1170D7            1170D7  com2_buf_head
          1170DF            1170DF  com3_buf_head
          1170E7            1170E7  com4_buf_head
          1170EF            1170EF  comX_buf_tail
          1170EF            1170EF  com1_buf_tail
          1170F7            1170F7  com2_buf_tail
          1170FF            1170FF  com3_buf_tail
          117107            117107  com4_buf_tail
          11710F            11710F  comX_buf_start
          11710F            11710F  com1_buf_start
          117117            117117  com2_buf_start
          11711F            11711F  com3_buf_start
          117127            117127  com4_buf_start
          11712F            11712F  comX_buf_end
          11712F            11712F  com1_buf_end
          117137            117137  com2_buf_end
          11713F            11713F  com3_buf_end
          117147            117147  com4_buf_end
          11714F            11714F  prt_addresses
          117155            117155  pit_divisor
          117157            117157  pit_ticks
          11715B            11715B  rtc_ticks
          117163            117163  scr_curs_pos
          117173            117173  scr_cols
          117174            117174  scr_rows
          117175            117175  scr_curs_shape
          117177            117177  scr_char_attr
          117178            117178  scr_mode
          117179            117179  scr_active_page
          11717A            11717A  scr_crtc_base
          11717C            11717C  scr_page_addr
          117180            117180  scr_mode_params
          117188            117188  scr_vga_ptrs
          1171C8            1171C8  i33Devices
          1171C9            1171C9  msdStatus
          1171CA            1171CA  fdiskNum
          1171CB            1171CB  ata0CmdByte
          1171CC            1171CC  ata0Status
          1171CD            1171CD  ata1CmdByte
          1171CE            1171CE  ata1Status
          1171CF            1171CF  diskDptPtr
          1171D7            1171D7  fdiskDptPtr
          1171DF            1171DF  nextFilePtr
          1171E7            1171E7  numSectors
          1171E9            1171E9  MachineWord
          1171EB            1171EB  convRAM
          1171ED            1171ED  userBase
          1171F5            1171F5  bigmapSize
          1171F6            1171F6  srData
          1171FE            1171FE  srData1
          117200            117200  sysMem
          117208            117208  scpSize
          11720C            11720C  mcpUserBase
          117214            117214  mcpUserRip
          11721C            11721C  mcpUserkeybf
          117224            117224  mcpUserRaxStore
          11722C            11722C  mcpStackPtr
          117234            117234  eControllers
          117235            117235  eControllerList
          117255            117255  usbDevices
          117256            117256  eHCErrorHandler
          11725E            11725E  eCurrAsyncHead
          117266            117266  eNewBus
          117267            117267  eActiveCtrlr
          117268            117268  eActiveInt
          117269            117269  eAsyncMutex
          11726A            11726A  cbwTag
          11726B            11726B  numMSD
          11726C            11726C  usbDevTbl
          11728A            11728A  usbDevTblEnd
          11728A            11728A  hubDevTbl
          1172DA            1172DA  hubDevTblEnd
          1172DA            1172DA  msdDevTbl
          11737A            11737A  msdDevTblEnd
          11737A            11737A  ideNumberOfControllers
          11737B            11737B  ideControllerTable
          11739B            11739B  fdiskTable
          1173F3            1173F3  diskDevices

---- Section MCPseg -----------------------------------------------------------

Real              Virtual           Name
          11D474            11D474  MCPsegEnd

---- Section xdata ------------------------------------------------------------

Real              Virtual           Name
          11D480            11D480  ehciAschedule
          11D480            11D480  ehciQHead0
          11D500            11D500  ehciQHead1
          11D580            11D580  ehciTDSpace
          11D800            11D800  ehciDataOut
          11D840            11D840  sectorbuffer
          11D840            11D840  ehciDataIn
          11DA40            11DA40  msdCSW
          11DA60            11DA60  prdt
          11DA70            11DA70  bigmapptr

---- Section SysInitParams ----------------------------------------------------

Real              Virtual           Name
             600               600  SysInitTable
             600               600  SysInitTable.numSecW
             602               602  SysInitTable.FileLBA
             60A               60A  loMachineWord

---- Section lowStack ---------------------------------------------------------

Real              Virtual           Name
             800               800  lowStackPtr

