
- NASM Map file ---------------------------------------------------------------

Source file:  ./Source/scpbios.asm
Output file:  ./Binaries/scpbios.bin

-- Program origin -------------------------------------------------------------

00000800

-- Sections (summary) ---------------------------------------------------------

Vstart            Start             Stop              Length    Class     Name
             800               800               800  00000000  progbits  .text
             800               800              22BF  00001ABF  progbits  codeInit
          117493              22BF              7A70  000057B1  progbits  codeResident
          110000            110000            117020  00007020  nobits    BIOSTables
          117020            117020            117493  00000473  nobits    data
          11CC44            11CC44            11D444  00000800  nobits    MCPseg
          11D480            11D480            11DA70  000005F0  nobits    xdata
             600               600               60C  0000000C  nobits    SysInitParams
             700               700               800  00000100  nobits    lowStack

-- Sections (detailed) --------------------------------------------------------

---- Section .text ------------------------------------------------------------

class:     progbits
length:                   0
start:                  800
align:     not defined
follows:   not defined
vstart:                 800
valign:    not defined
vfollows:  not defined

---- Section codeInit ---------------------------------------------------------

class:     progbits
length:                1ABF
start:                  800
align:                    4
follows:   not defined
vstart:                 800
valign:    not defined
vfollows:  not defined

---- Section codeResident -----------------------------------------------------

class:     progbits
length:                57B1
start:                 22BF
align:                    1
follows:   codeInit
vstart:              117493
valign:                   1
vfollows:  data

---- Section BIOSTables -------------------------------------------------------

class:     nobits
length:                7020
start:               110000
align:                    1
follows:   not defined
vstart:              110000
valign:                   1
vfollows:  not defined

---- Section data -------------------------------------------------------------

class:     nobits
length:                 473
start:               117020
align:                    1
follows:   not defined
vstart:              117020
valign:                   1
vfollows:  BIOSTables

---- Section MCPseg -----------------------------------------------------------

class:     nobits
length:                 800
start:               11CC44
align:                    1
follows:   not defined
vstart:              11CC44
valign:                   1
vfollows:  codeResident

---- Section xdata ------------------------------------------------------------

class:     nobits
length:                 5F0
start:               11D480
align:                   40
follows:   not defined
vstart:              11D480
valign:                  40
vfollows:  MCPseg

---- Section SysInitParams ----------------------------------------------------

class:     nobits
length:                   C
start:                  600
align:     not defined
follows:   not defined
vstart:                 600
valign:    not defined
vfollows:  not defined

---- Section lowStack ---------------------------------------------------------

class:     nobits
length:                 100
start:                  700
align:     not defined
follows:   not defined
vstart:                 700
valign:    not defined
vfollows:  not defined

-- Symbols --------------------------------------------------------------------

---- No Section ---------------------------------------------------------------

Value     Name
00000003  permissionflags
00000008  codedescriptor
00110000  BIOSStartAddr
00000800  BIOSInitAddr
00001000  e820Seg
00000000  e820SizeOff
00000002  e820BaseOff
00010000  e820SizeAddr
00000020  pic1command
000000A0  pic2command
00000021  pic1data
000000A1  pic2data
00000064  ps2command
00000064  ps2status
00000060  ps2data
000003F8  com1_base
000002F8  com2_base
000003E8  com3_base
000002E8  com4_base
00000040  PITbase
00000040  PIT0
00000041  PIT1
00000042  PIT2
00000043  PITcommand
00000070  cmos_base
00000071  cmos_data
00000001  kb_flag_rshift
00000002  kb_flag_lshift
00000004  kb_flag_ctrl
00000008  kb_flag_alt
00000010  kb_flag_scrlset
00000020  kb_flag_numset
00000040  kb_flag_capsset
00000080  kb_flag_insset
00000001  kb_flag2_e1
00000002  kb_flag2_e0
000003D4  vga_index
000003D5  vga_data
000003B4  vga_aindex
000003B5  vga_adata
000A0000  vga_bpage0
000B0000  vga_bpage1
000B8000  vga_bpage2
00000CF8  pci_index
00000CFC  pci_data
0000000C  usb_class
00000003  usb_subclass
00000000  uhci_interface
00000010  uhcimask
00000010  ohci_interface
00000020  ohcimask
00000020  ehci_interface
00000040  ehcimask
00000030  xhci_interface
00000080  xhcimask
0000E000  lousbtablesize
0000E002  lousbtablebase
000000C8  debounceperiod
00000000  ehcicaplength
00000002  ehciversion
00000004  ehcistrucparams
00000008  ehcihccparams
0000000C  ehciportroute
00000000  ehcicmd
00000004  ehcists
00000008  ehciintr
0000000C  ehcifrindex
00000010  ehcictrlseg
00000014  ehciperiodbase
00000018  ehciasyncaddr
00000040  ehciconfigflag
00000044  ehciportsc
000000FF  setupReset
000000FE  setupGetMaxLUN
43425355  CBWSig
53425355  CSWSig
00000000  CBWFlagOut
00000080  CBWFlagIn
00000000  bCSWPassed
00000001  bCSWFailed
00000002  bCSWPhase
00000010  msdDevTblEntrySize
00000008  hubDevTblEntrySize
00000003  usbDevTblEntrySize
0000000A  usbMaxDevices
00000060  ehciSizeOfQH
00000040  ehciSizeOfTD
000001F0  ata0_base
000003F6  ata0_ctrl
00000170  ata1_base
00000376  ata1_ctrl
00000001  msd_class
00000001  ide_subclass
00000006  sata_subclass
00000010  ideTableEntrySize
000003F0  fdd_base
00000000  fdiskEntry
00000000  fdiskEntry.signature
00000001  fdiskEntry.wHeads
00000003  fdiskEntry.wCylinder
00000005  fdiskEntry.wSecTrc
00000007  fdiskEntry.lbaMax
0000000B  fdiskEntry.lbaMax48
00000013  fdiskEntry.ioBase
00000015  fdiskEntry.msBit
00000016  fdiskEntry_size
00000001  fdePresent
00000002  fdeLBA28
00000004  fdeLBA48
0000006C  idCurrCyl
0000006E  idCurrHed
00000070  idCurrSecTk
00000078  idLBASectrs
000000C8  idLBA48Sec
00000010  int33TblEntrySize
00000061  port61h
00000020  EOI
00000080  waitp
000000E9  bochsout
000000CC  BREAKPOINT
00000800  sizeOfMCPAlloc
0000000A  usbDevTblE
0000000A  hubDevTblE
0000000A  msdDevTblE
0000000A  diskDevicesE
00000000  GDT.Null
00000008  GDT.Code
00000010  GDT.Data
00000031  failmsglen
00000200  IDT_TABLE_Length
00001ABF  seg0len
000000A0  scr_io_table_length
00000013  MCP_int.asciil
00000013  MCP_int.lstl
000057B1  residentLength


---- Section codeInit ---------------------------------------------------------

Real              Virtual           Name
             800               800  realInit
             83A               83A  realInit.a20Proc
             83E               83E  realInit.a20FastEnable
             84F               84F  realInit.no92
             854               854  realInit.a20KeybEnable
             88A               88A  realInit.a20wait
             891               891  realInit.a20wait2
             898               898  realInit.a20Check
             8B4               8B4  realInit.a20Pass
             8BE               8BE  realInit.a20Fail
             8CF               8CF  realInit.a20Exit
             8ED               8ED  realInit.extCheck
             8FD               8FD  realInit.noa20
             8FF               8FF  realInit.noCPUID
             905               905  realInit.fail
             91E               91E  realInit.write
             92C               92C  realInit.return
             92D               92D  realInit.msg
             939               939  tellBIOS
             948               948  rmE820Map
             98A               98A  rmE820Map.map0
             9A9               9A9  rmE820Map.map1
             9B7               9B7  rmE820Map.map2
             9C8               9C8  rmE820Map.map3
             9CF               9CF  rmE820Map.mapfail
             9CF               9CF  rmE820Map.mapexit
             9E9               9E9  rmE820Map.mem2write
             9F5               9F5  rmE820Map.badmem2
             A00               A00  rmE820Map.mem3test
             A17               A17  rmE820Map.finalmemtest
             A1E               A1E  rmGetFontPointers
             A20               A20  rmGetFontPointers.gfp1
             A49               A49  rmSetTables
             A66               A66  rmUtables
             A7A               A7A  rmPDTentries
             AC4               AC4  GDT
             ADE               ADE  GDT.Pointer
             AE0               AE0  GDT.Base
             AE8               AE8  longmode_ep
             D0A               D0A  Relocate
             D45               D45  Relocate.move820_0
             D59               D59  Relocate.mv0
             D9A               D9A  Relocate.readSystemSize
             DB9               DB9  Relocate.rss1
             DC3               DC3  Relocate.rss2
             DD6               DD6  Relocate.addEntry
             DE6               DE6  Relocate.ae0
             E2B               E2B  Relocate.ae1
             E3B               E3B  Relocate.ae2
             ECA               ECA  Relocate.altRAM
             F34               F34  Ptablefinal
             F63               F63  Ptablefinal.utables
             FAB               FAB  idtFillDummy
             FCB               FCB  idtLoop
            104A              104A  PICremap
            108C              108C  pci_scan
            1099              1099  pci_scan.u1
            10EC              10EC  pci_scan.u11
            10FF              10FF  pci_scan.sataPCIEnum
            1119              1119  pci_scan.spemsg
            1136              1136  pci_scan.idePCIEnum
            1184              1184  pci_scan.ipeWriteTable
            11B1              11B1  pci_scan.ipemsg
            11D4              11D4  pci_scan.ipemsg2
            1203              1203  pci_scan.uhci_found
            1225              1225  pci_scan.uhci_succ
            1245              1245  pci_scan.ohci_found
            124F              124F  pci_scan.ehci_found
            126E              126E  pci_scan.ehci_succ
            128E              128E  pci_scan.xhci_succ
            12AE              12AE  pci_scan.xhci_found
            12CB              12CB  pci_scan.controlController
            133A              133A  pci_scan.cc0
            137E              137E  pci_scan.cc1
            13DA              13DA  pci_scan.controlUHCI
            1422              1422  pci_scan.cu0
            1427              1427  pci_scan.cu1
            1449              1449  pci_scan.controlxHCI
            1458              1458  pci_scan.suohoc0
            1468              1468  pci_scan.suohoc1
            1482              1482  pci_scan.suohoc2
            1494              1494  pci_scan.suohoc21
            1495              1495  pci_scan.suohoc3
            14A3              14A3  pci_scan.controlEHCI
            14BE              14BE  pci_scan.ce0
            14D9              14D9  pci_scan.ehcieecpsetup
            1501              1501  pci_scan.ees1
            151E              151E  pci_scan.ees2
            154F              154F  pci_scan.weirdEHCI1
            157C              157C  pci_scan.failmsg
            15AD              15AD  pciExit
            15AD              15AD  PITreset
            15BF              15BF  rtc_init
            1624              1624  checkCOM
            164D              164D  COMinitproceed
            1656              1656  serialinit
            16A1              16A1  COMinitexit
            16A7              16A7  keybsetup
            16CF              16CF  initFlush
            16D5              16D5  keyb0
            1733              1733  keyb1
            1742              1742  keyb1.k1
            1754              1754  keyb2
            175D              175D  keyb2.k1
            1776              1776  keyb3
            178B              178B  keyb3.k1
            179C              179C  keyb4
            17A0              17A0  keyb4.k1
            17BA              17BA  keyb4.k2
            17D0              17D0  keyb5
            17E4              17E4  keybinitend
            180C              180C  keybinitend.cleanBuffer
            181B              181B  ps2talk
            181B              181B  ps2talk.rStat
            181E              181E  ps2talk.rDat
            182B              182B  ps2talk.wCmd
            1833              1833  ps2talk.wDat
            183B              183B  ps2error
            1846              1846  ps2Str
            1846              1846  ps2Str.noecho
            1858              1858  ps2Str.startMsg
            186C              186C  ps2Str.okMsg
            1871              1871  endPS2Init
            1889              1889  debuggerInit
            18AB              18AB  IDE
            18AB              18AB  IDE.ideInitialisation
            18DA              18DA  IDE.ii0
            18EE              18EE  IDE.ii1
            18F9              18F9  IDE.ii2
            1917              1917  IDE.ii3
            192B              192B  IDE.ii4
            1936              1936  IDE.ii5
            1953              1953  IDE.identifyDrive
            19BA              19BA  IDE.id0
            19CE              19CE  IDE.id1
            19F3              19F3  IDE.id2
            1A34              1A34  IDE.id3
            1A54              1A54  IDE.idDeviceOK
            1A5E              1A5E  IDE.idExit
            1A61              1A61  IDE.addControllerTable
            1A89              1A89  IDE.act0
            1A92              1A92  IDE.actexit
            1A94              1A94  IDE.actfail
            1A97              1A97  IDE.ideInitEnd
            1A97              1A97  hciParse
            1AB2              1AB2  hciParse.hcip1
            1AD2              1AD2  hciParse.hcip2
            1AF4              1AF4  hciParse.pr0
            1B26              1B26  hciParse.pr1
            1B32              1B32  hciParse.pr11
            1B4C              1B4C  hciParse.pr2
            1B69              1B69  hciParse.echiInitMsg
            1B92              1B92  hciParse.noEHCI
            1B97              1B97  hciParse.exit
            1B97              1B97  remDevInit
            1BAA              1BAA  remDevInit.hubs_init
            1BB4              1BB4  remDevInit.redi1
            1BD0              1BD0  remDevInit.hubnextentry
            1BE0              1BE0  remDevInit.hub_rescan
            1BEA              1BEA  remDevInit.msds_init
            1C1A              1C1A  remDevInit.msd1
            1C2E              1C2E  remDevInit.msdNextEntry
            1C3E              1C3E  remDevInit.rediexit
            1C53              1C53  remDevInit.rmhmsg
            1C6F              1C6F  remDevInit.ok
            1C73              1C73  remDevInit.msdmsg
            1C91              1C91  remDevInit.exit
            1C91              1C91  int33hinit
            1CA5              1CA5  int33hinit.i33i1
            1CD0              1CD0  int33hinit.i33proceed
            1CE5              1CE5  int33hinit.i33ibad
            1CF6              1CF6  int33hinit.i33iend
            1D12              1D12  end
            1D90              1D90  endNoDevFound
            1DF9              1DF9  startboot
            1E0F              1E0F  endboot
            1E7F              1E7F  endboot2
            1E9F              1E9F  dbgmsg
            1EB5              1EB5  dbgmsg2
            1EC9              1EC9  dbgmsg3
            1ED7              1ED7  dbgmsg4
            1EED              1EED  memprint
            1F4C              1F4C  memprint.sense1
            1F73              1F73  memprint.pt2
            1F86              1F86  memprint.sense2
            1FB1              1FB1  memprint.pt3
            2000              2000  memprint.printdecimalword
            2015              2015  memprint.pdw0
            202B              202B  memprint.pdw1
            2032              2032  memprint.pdw2
            2046              2046  memprint.convmemmsg
            2063              2063  memprint.extmemmsg
            2081              2081  memprint.extmemmsg2
            20A0              20A0  memprint.totalmem
            20BD              20BD  memprint.kb
            20BF              20BF  IDT_TABLE
            20BF              20BF  CPU_IDT
            21BF              21BF  HW_IDT
            223F              223F  SW_IDT

---- Section codeResident -----------------------------------------------------

Real              Virtual           Name
            22BF            117493  e820print
            22D7            1174AB  e820print.e0
            230B            1174DF  e820print.printqword
            231B            1174EF  e820print.pq1
            2328            1174FC  e820print.printpipe
            233B            11750F  e820print.pipestr
            233F            117513  e820print.printcrlf
            2352            117526  e820print.crlfstr
            2355            117529  beep
            2375            117549  ps2wait
            2376            11754A  ps2wait.wnok
            2384            117558  ps2wait.wok
            238A            11755E  idtWriteEntry
            23B6            11758A  cls
            23CE            1175A2  timer_IRQ0
            2403            1175D7  timer_IRQ0.tret
            240E            1175E2  kb_IRQ1
            2415            1175E9  kb_IRQ1.k0
            246D            117641  kb_IRQ1.kb_store_in_buffer
            2492            117666  kb_IRQ1.kb1_exit
            249B            11766F  kb_IRQ1.kb1_exit_e0
            24A5            117679  kb_IRQ1.special_keys
            24B8            11768C  kb_IRQ1.pause
            24CB            11769F  kb_IRQ1.insert_released
            24CF            1176A3  kb_IRQ1.alt_shift_released
            24D3            1176A7  kb_IRQ1.ctrl_shift_released
            24D7            1176AB  kb_IRQ1.lshift_released
            24DB            1176AF  kb_IRQ1.rshift_released
            24DD            1176B1  kb_IRQ1.shift_release_common
            24E6            1176BA  kb_IRQ1.kb_buf_full_beep
            2503            1176D7  kb_IRQ1.basickey
            250F            1176E3  kb_IRQ1.kbbk1
            256F            117743  kb_IRQ1.keylookup
            259F            117773  kb_IRQ1.keyget
            25B0            117784  kb_IRQ1.addshiftvalue
            25C1            117795  kb_IRQ1.addctrlvalue
            25CA            11779E  kb_IRQ1.addaltvalue
            25D3            1177A7  kb_IRQ1.addnumvalue
            25DC            1177B0  kb_IRQ1.addcapsvalue
            25E5            1177B9  kb_IRQ1.addshiftcaps
            25EE            1177C2  kb_IRQ1.addshiftnum
            25F7            1177CB  kb_IRQ1.alt_shift_pressed
            25FB            1177CF  kb_IRQ1.ctrl_shift_pressed
            25FF            1177D3  kb_IRQ1.lshift_pressed
            2603            1177D7  kb_IRQ1.rshift_pressed
            2605            1177D9  kb_IRQ1.shift_pressed_common
            2611            1177E5  kb_IRQ1.ins_toggle
            2615            1177E9  kb_IRQ1.caps_lock
            2619            1177ED  kb_IRQ1.num_lock
            261D            1177F1  kb_IRQ1.scroll_lock
            261F            1177F3  kb_IRQ1.lock_common
            2630            117804  kb_IRQ1.e0special
            263F            117813  kb_IRQ1.ctrl_break
            2677            11784B  kb_IRQ1.ctrl_alt_del
            2690            117864  kb_IRQ1.ctrl_alt_del_killPC
            269A            11786E  kb_IRQ1.ctrl_alt_del_no_reset
            26A0            117874  kb_IRQ1.set_kb_lights
            26BF            117893  kb_IRQ1.kb_error
            26DB            1178AF  kb_IRQ1.kber1
            26DF            1178B3  kb_IRQ1.kb_error_msg
            26FC            1178D0  kb_IRQ1.kb_sc_ascii_lookup
            2C8C            117E60  ser_IRQ3
            2C9E            117E72  ser_IRQ4
            2CAE            117E82  ser_common
            2CB3            117E87  ser_common.si0
            2CD2            117EA6  ser_common.si1
            2CDF            117EB3  ser_common.si41
            2CEF            117EC3  ser_common.si2
            2D05            117ED9  ser_common.si3
            2D25            117EF9  ser_common.si4
            2D3E            117F12  ser_common.si5
            2D5A            117F2E  ser_common.siexit
            2D67            117F3B  fdd_IRQ6
            2D6F            117F43  rtc_IRQ8
            2D81            117F55  rtc_IRQ8.periodic
            2D89            117F5D  rtc_IRQ8.noPeriodic
            2D8D            117F61  rtc_IRQ8.alarm
            2D8F            117F63  rtc_IRQ8.exit
            2DA2            117F76  hdd_IRQ14
            2DB9            117F8D  ehci_IRQ
            2DC0            117F94  ehci_IRQ.pic1
            2DC5            117F99  ehci_IRQ.intr
            2DD7            117FAB  ehci_IRQ.nonIRQmain
            2E06            117FDA  ehci_IRQ.usbignoreirq
            2E0E            117FE2  ehci_IRQ.exit
            2E11            117FE5  ehci_IRQ.spur
            2E13            117FE7  ehci_IRQ.s1
            2E2D            118001  ehci_IRQ.transactionError
            2E37            11800B  ehci_IRQ.nonIRQep
            2E3B            11800F  default_IRQ7
            2E53            118027  default_IRQ7.exit
            2E57            11802B  default_IRQ7.e2
            2E5A            11802E  default_IRQ15
            2E74            118048  default_IRQ15.spurcheck
            2E8D            118061  default_IRQ15.exit
            2E8F            118063  default_IRQ15.e2
            2E94            118068  scr_io_table
            2F34            118108  scr_io
            2F56            11812A  scr_io.exitf
            2F5E            118132  scr_io.exit
            2F61            118135  scr_io.change_mode
            2F70            118144  scr_io.set_curs_shape
            2F83            118157  scr_io.set_curs_pos
            2FA3            118177  scr_io.scpexit
            2FA7            11817B  scr_io.get_curs_pos
            2FC7            11819B  scr_io.write_register
            2FEE            1181C2  scr_io.wrchar
            3000            1181D4  scr_io.wrascii
            3010            1181E4  scr_io.select_page
            3023            1181F7  scr_io.spbad
            3032            118206  scr_io.sp1
            3036            11820A  scr_io.spmain
            307E            118252  scr_io.spm1
            3085            118259  scr_io.spm2
            30B1            118285  scr_io.sp_vga
            30B6            11828A  scr_io.scroll_up
            30C4            118298  scr_io.su0
            30CD            1182A1  scr_io.su1
            30FF            1182D3  scr_io.su2
            3142            118316  scr_io.suexit
            314A            11831E  scr_io.sblank
            3160            118334  scr_io.sbl0
            3174            118348  scr_io.scroll_down
            3182            118356  scr_io.sd0
            318C            118360  scr_io.sd1
            31BB            11838F  scr_io.sd2
            31FE            1183D2  scr_io.sdexit
            3206            1183DA  scr_io.read_att_char
            3214            1183E8  scr_io.rac1
            3238            11840C  scr_io.write_att_char
            3246            11841A  scr_io.wac1
            3278            11844C  scr_io.write_char
            3286            11845A  scr_io.wc1
            32B0            118484  scr_io.wc2
            32B9            11848D  scr_io.wc3
            32C0            118494  scr_io.gset_col_palette
            32CF            1184A3  scr_io.gwritedot
            32DE            1184B2  scr_io.greaddot
            32ED            1184C1  scr_io.write_tty
            3316            1184EA  scr_io.wttywrite
            3324            1184F8  scr_io.wttycursorupdate
            332F            118503  scr_io.wttycursorupdatego
            3333            118507  scr_io.wttyexit
            333C            118510  scr_io.wttycu0
            3349            11851D  scr_io.wttyscrollupone
            336D            118541  scr_io.wttybspace
            337E            118552  scr_io.wttybs1
            3385            118559  scr_io.wttylf
            339B            11856F  scr_io.wttycr
            33A2            118576  scr_io.wttybell
            33BB            11858F  scr_io.get_mode
            33D5            1185A9  scr_io.wsbad
            33E4            1185B8  scr_io.write_string
            33F2            1185C6  scr_io.ws
            340E            1185E2  scr_io.ws0
            3434            118608  scr_io.ws1
            345C            118630  scr_io.ws2
            3460            118634  scr_io.ws3
            3468            11863C  scr_io.wsexitupdate
            3475            118649  scr_io.wsexit
            347F            118653  scr_io.wsctrlchar
            3496            11866A  scr_io.wszero
            3498            11866C  scr_io.wsz1
            34A8            11867C  scr_io.wsz2
            34AF            118683  scr_io.gread
            34BE            118692  scr_io.gwrite
            34CD            1186A1  scr_io.gscrollup
            34DC            1186B0  scr_io.gscrolldown
            34EB            1186BF  scr_io.write_crtc_word
            350A            1186DE  scr_io.get_page_base
            3534            118708  scr_io.gpb0
            353C            118710  scr_io.gpb1
            353F            118713  scr_io.page_cursor_offset
            354F            118723  scr_io.offset_from_ax
            356B            11873F  scr_io.text_scroll_c1
            3586            11875A  scr_io.cursor_proc
            35A5            118779  scr_io.cp1
            35B0            118784  scr_io.cpwrite
            35BE            118792  machineWord_io
            35F5            1187C9  convRAM_io
            3618            1187EC  disk_io
            36B9            11888D  disk_io.baddev
            36C2            118896  disk_io.bad
            36C9            11889D  disk_io.noDevInDrive
            36D7            1188AB  disk_io.reset
            36E8            1188BC  disk_io.rrexit
            36FA            1188CE  disk_io.rrbad
            370A            1188DE  disk_io.statusreport
            371C            1188F0  disk_io.srmain
            3772            118946  disk_io.srexit
            3779            11894D  disk_io.srexitbad2
            377D            118951  disk_io.srexitbad1
            377F            118953  disk_io.srexitbad
            3789            11895D  disk_io.readsectors
            37AA            11897E  disk_io.rsbad
            37B1            118985  disk_io.writesectors
            37D2            1189A6  disk_io.verify
            37F3            1189C7  disk_io.format
            382B            1189FF  disk_io.formatcommon
            3843            118A17  disk_io.f0
            3855            118A29  disk_io.formatexit
            386F            118A43  disk_io.fbadBB
            3877            118A4B  disk_io.fbad
            387A            118A4E  disk_io.lbaread
            389F            118A73  disk_io.lbawrite
            38C4            118A98  disk_io.lbaverify
            38E9            118ABD  disk_io.lbaformat
            3917            118AEB  disk_io.lbaCommon
            392D            118B01  disk_io.formatLowLevel
            394F            118B23  disk_io.lbareadparams
            3984            118B58  disk_io.sectorsEHCI
            3996            118B6A  disk_io.seCommon
            39A7            118B7B  disk_io.se1
            39BE            118B92  disk_io.se2
            39C5            118B99  disk_io.sebadBB
            39CD            118BA1  disk_io.sebad
            39D0            118BA4  disk_io.i33ehciGetDevicePtr
            39FC            118BD0  disk_io.i33egdpbad
            39FE            118BD2  disk_io.convertCHSLBA
            3A1F            118BF3  disk_io.deviceChanged
            3AA6            118C7A  disk_io.dcNoError
            3AC6            118C9A  disk_io.dcError
            3ADC            118CB0  disk_io.dcRoot
            3AF8            118CCC  disk_io.busScan
            3B84            118D58  disk_io.bsret
            3B89            118D5D  disk_io.bsexit
            3B91            118D65  disk_io.bsErrorExit
            3BA1            118D75  disk_io.bsrExit06h
            3BAE            118D82  disk_io.bsClearPortChangeStatus
            3BE5            118DB9  disk_io.bsRtNoDev
            3BF0            118DC4  disk_io.bsRoot
            3C33            118E07  disk_io.bsCommonEP
            3C5E            118E32  disk_io.bsr0
            3C73            118E47  disk_io.bsr1
            3CA6            118E7A  disk_io.bsrFail
            3CB6            118E8A  disk_io.deviceInit
            3CDA            118EAE  disk_io.deviceInitReadCaps
            3D0B            118EDF  disk_io.deviceInitWriteTableEntry
            3D34            118F08  disk_io.deviceInitExit
            3D36            118F0A  disk_io.i33removeFromTable
            3D4A            118F1E  diskdpt
            3D4A            118F1E  diskdpt.fsb
            3D4B            118F1F  diskdpt.ssb
            3D4C            118F20  diskdpt.tto
            3D4D            118F21  diskdpt.bps
            3D4E            118F22  diskdpt.spt
            3D4F            118F23  diskdpt.gpl
            3D50            118F24  diskdpt.dtl
            3D51            118F25  diskdpt.glf
            3D52            118F26  diskdpt.fbf
            3D53            118F27  diskdpt.hst
            3D54            118F28  diskdpt.mst
            3D55            118F29  fdiskdpt
            3D55            118F29  fdiskdpt.cyl
            3D57            118F2B  fdiskdpt.nhd
            3D58            118F2C  fdiskdpt.rwc
            3D5A            118F2E  fdiskdpt.wpc
            3D5C            118F30  fdiskdpt.ecc
            3D5D            118F31  fdiskdpt.ctl
            3D5E            118F32  fdiskdpt.sto
            3D5F            118F33  fdiskdpt.fto
            3D60            118F34  fdiskdpt.tcd
            3D61            118F35  fdiskdpt.clz
            3D63            118F37  fdiskdpt.spt
            3D64            118F38  fdiskdpt.res
            3D65            118F39  fdisk_io
            3DE9            118FBD  fdisk_io.badFunctionRequest
            3DF2            118FC6  fdisk_io.badExit
            3E05            118FD9  fdisk_io.okExit
            3E08            118FDC  fdisk_io.paramExit
            3E18            118FEC  fdisk_io.fdiskReset
            3E35            119009  fdisk_io.fdiskStatus
            3E4A            11901E  fdisk_io.fdiskReadCHS
            3E5C            119030  fdisk_io.fdiskWriteCHS
            3E6E            119042  fdisk_io.fdiskVerifyCHS
            3E7E            119052  fdisk_io.fdiskFormat
            3E8E            119062  fdisk_io.fdiskParametersCHS
            3EC0            119094  fdisk_io.fdiskReadLBA
            3EE9            1190BD  fdisk_io.fdiskWriteLBA
            3F0E            1190E2  fdisk_io.fdiskVerifyLBA
            3F33            119107  fdisk_io.fdiskFormatSector
            3F58            11912C  fdisk_io.fdiskParametersLBA
            3F7F            119153  fdisk_io.fdiskError
            3FBB            11918F  fdisk_io.fdiskErrorUnknown
            3FC8            11919C  fdisk_io.fdiskBadAddress
            3FD5            1191A9  fdisk_io.fdiskCRCError
            3FE2            1191B6  fdisk_io.fdiskNoErrorData
            3FEF            1191C3  fdisk_io.fdiskErrorNoBit
            3FFE            1191D2  fdisk_io.fdiskErrorDriveFault
            400B            1191DF  fdisk_io.fdiskCtrlrFailed
            4018            1191EC  serial_baud_table
            4030            119204  serial_abt
            4038            11920C  serial_io
            407D            119251  serial_io.badin
            4083            119257  serial_io.sioexit
            4094            119268  serial_io.sbadexit1
            4098            11926C  serial_io.sbadexit2
            409A            11926E  serial_io.sbadcommon
            40A2            119276  serial_io.userinit
            40D0            1192A4  serial_io.transmit
            40DA            1192AE  serial_io.t1
            40EE            1192C2  serial_io.t2
            4103            1192D7  serial_io.recieve
            4138            11930C  serial_io.r0
            4145            119319  serial_io.r1
            414C            119320  serial_io.rexit
            415E            119332  serial_io.gsret
            4169            11933D  serial_io.getscratch
            4182            119356  serial_io.extinit
            4182            119356  serial_io.extstatus
            4182            119356  serial_io.custombaud
            418B            11935F  misc_io
            41BF            119393  misc_io.badFunction
            41C1            119395  misc_io.badout
            41C8            11939C  misc_io.delay
            420C            1193E0  misc_io.loopdelay
            4249            11941D  misc_io.return
            424B            11941F  misc_io.memory16MB
            4255            119429  misc_io.miscDispatcher
            426A            11943E  misc_io.mdConnectDebugger
            42C5            119499  misc_io.mdDisconnectDebugger
            431E            1194F2  misc_io.mdDebugExit
            4324            1194F8  misc_io.mdBeeper
            432B            1194FF  misc_io.advSysMemDispatcher
            4340            119514  misc_io.retUserBase
            434A            11951E  misc_io.memory64MB
            436C            119540  misc_io.memoryBIOSseg
            438C            119560  misc_io.fullMemoryMap
            43A9            11957D  misc_io.sysDataTableDispatcher
            440A            1195DE  misc_io.sdtDT
            4439            11960D  misc_io.sdtGet
            4448            11961C  misc_io.sdtRegisterPage
            4452            119626  misc_io.sdtGetPagePtr
            445C            119630  misc_io.sdtDataptr
            4468            11963C  misc_io.sdtReadIDTEntry
            4499            11966D  misc_io.sdtWriteIDTEntry
            44B1            119685  misc_io.sdtNewDDP
            44BB            11968F  misc_io.sdtNewfDDP
            44C5            119699  misc_io.sdtReadDDP
            44CF            1196A3  misc_io.sdtReadfDDP
            44D9            1196AD  misc_io.sdtNewSysInit
            44EB            1196BF  misc_io.sdtReadSysInit
            44FD            1196D1  misc_io.ehciFunctionDispatcher
            4512            1196E6  misc_io.ehciDispGetCritPtr
            451C            1196F0  misc_io.ehciDispSetCritPtr
            4526            1196FA  misc_io.ehciDispResetCtrlr
            4526            1196FA  misc_io.echiDispReEnumDevices
            452D            119701  kb_io
            4544            119718  kb_io.k0
            456D            119741  kb_io.k1
            458B            11975F  kb_io.k2
            4592            119766  kb_io.kexit
            4596            11976A  kb_io.kb_ptr_adv
            45AE            119782  kb_io.kbpa1
            45AF            119783  printer_io
            45B8            11978C  MCPjmptbl
            4650            119824  MCP_int
            4669            11983D  MCP_int.z11
            4684            119858  MCP_int.z2
            46B0            119884  MCP_int.prog_sel
            46BC            119890  MCP_int.memoryMap
            46D2            1198A6  MCP_int.singleStepsEP
            4707            1198DB  MCP_int.debugEpHardware
            4727            1198FB  MCP_int.debugEp
            4741            119915  MCP_int.dep1
            475C            119930  MCP_int.bad_command
            4779            11994D  MCP_int.bc1
            4784            119958  MCP_int.connect
            47A1            119975  MCP_int.connectString
            47B6            11998A  MCP_int.disconnect
            47D3            1199A7  MCP_int.disconnectString
            47EB            1199BF  MCP_int.version
            4807            1199DB  MCP_int.v1
            4812            1199E6  MCP_int.v2
            4813            1199E7  MCP_int.vstring
            4830            119A04  MCP_int.debugRegs
            488A            119A5E  MCP_int.xr11
            48A5            119A79  MCP_int.xr1
            48E4            119AB8  MCP_int.xr2
            48ED            119AC1  MCP_int.xr3
            48F6            119ACA  MCP_int.xr4
            48FF            119AD3  MCP_int.xr5
            4903            119AD7  MCP_int.dumpDebugRegs
            4933            119B07  MCP_int.ddr1
            493F            119B13  MCP_int.ddr11
            495E            119B32  MCP_int.ddr2
            4962            119B36  MCP_int.ddr21
            498F            119B63  MCP_int.dregcrlf
            49B5            119B89  MCP_int.dregtbl
            49CD            119BA1  MCP_int.xchangeReg
            4A3C            119C10  MCP_int.xcr1
            4A90            119C64  MCP_int.xcnoexit
            4A91            119C65  MCP_int.xcipchange
            4A9A            119C6E  MCP_int.xcflags
            4AA7            119C7B  MCP_int.xcf1
            4AE5            119CB9  MCP_int.inport
            4B38            119D0C  MCP_int.outport
            4BA1            119D75  MCP_int.hexCalc
            4C54            119E28  MCP_int.hcprintquad
            4C61            119E35  MCP_int.hcpq1
            4C71            119E45  MCP_int.dumpReg
            4C9B            119E6F  MCP_int.dreg1
            4CAB            119E7F  MCP_int.dreg11
            4CC0            119E94  MCP_int.dreg2
            4CD6            119EAA  MCP_int.dreg21
            4D02            119ED6  MCP_int.drip0
            4D05            119ED9  MCP_int.drip1
            4D2F            119F03  MCP_int.drip2
            4D7A            119F4E  MCP_int.ssep0
            4DF3            119FC7  MCP_int.drflagwrite
            4DF6            119FCA  MCP_int.drflg1
            4E1E            119FF2  MCP_int.drflg2
            4E2D            11A001  MCP_int.dregexit
            4E2E            11A002  MCP_int.dsegregwrite
            4E34            11A008  MCP_int.dsegreg1
            4E66            11A03A  MCP_int.regcrlf
            4E8C            11A060  MCP_int.regtbl
            4EE2            11A0B6  MCP_int.rflgs
            4EE9            11A0BD  MCP_int.ipstrg
            4EF2            11A0C6  MCP_int.dumpMemory
            4F3E            11A112  MCP_int.dmmain00
            4F9E            11A172  MCP_int.dmmain01
            4FAE            11A182  MCP_int.dmmain0
            4FB3            11A187  MCP_int.dmmain1
            4FD3            11A1A7  MCP_int.dmmain2
            4FD8            11A1AC  MCP_int.dmmain21
            4FFA            11A1CE  MCP_int.dmmain3
            5044            11A218  MCP_int.dmbadexit
            5055            11A229  MCP_int.dmexit
            5061            11A235  MCP_int.dmnoargs
            506B            11A23F  MCP_int.dmnoargs1
            506F            11A243  MCP_int.dmnoargscommon
            507E            11A252  MCP_int.dmalign
            5097            11A26B  MCP_int.dmal1
            50A3            11A277  MCP_int.dmhyphen1
            50BB            11A28F  MCP_int.dmcsaddrprint
            50D3            11A2A7  MCP_int.dmrollprint
            50E2            11A2B6  MCP_int.dmdot
            50E4            11A2B8  MCP_int.dmbadargs
            50F3            11A2C7  MCP_int.editMemory
            5163            11A337  MCP_int.jumpProc
            51AF            11A383  MCP_int.singleStep
            51BE            11A392  MCP_int.proceedDefault
            51D1            11A3A5  MCP_int.storageRead
            51D9            11A3AD  MCP_int.storageWrite
            51DF            11A3B3  MCP_int.storageCommon
            5215            11A3E9  MCP_int.sc0
            524B            11A41F  MCP_int.storageExit
            5257            11A42B  MCP_int.storageError
            5263            11A437  MCP_int.restartMcp
            5265            11A439  MCP_int.clearscreen
            5271            11A445  MCP_int.storeMainRegisters
            52BC            11A490  MCP_int.loadMainRegisters
            5322            11A4F6  MCP_int.arg
            5333            11A507  MCP_int.a01
            5336            11A50A  MCP_int.a1
            5349            11A51D  MCP_int.a2
            534E            11A522  MCP_int.aexit
            535A            11A52E  MCP_int.error
            5371            11A545  MCP_int.emsg
            5382            11A556  MCP_int.keyb
            53B5            11A589  MCP_int.k1
            5402            11A5D6  MCP_int.kend
            540C            11A5E0  MCP_int.kb1
            540D            11A5E1  MCP_int.kb2
            5423            11A5F7  MCP_int.print
            5428            11A5FC  MCP_int.ascii
            543B            11A60F  MCP_int.lst
            544E            11A622  MCP_int.prompt
            5452            11A626  MCP_int.prompt2
            5454            11A628  MCP_int.crlf
            5457            11A62B  bootstrapInt
            547F            11A653  bootstrapInt.e0
            54A9            11A67D  bootstrapInt.e1
            54B5            11A689  bootstrapInt.e2
            54C3            11A697  bootstrapInt.e3
            54CD            11A6A1  bootstrapInt.leaveBIOS
            54E4            11A6B8  bootstrapInt.efail
            54F0            11A6C4  timerInt
            5534            11A708  timerInt.bad
            553B            11A70F  timerInt.exit
            553D            11A711  timerInt.gett
            555C            11A730  timerInt.sett
            5570            11A744  timerInt.tiext
            557B            11A74F  timerInt.getpitdiv
            5585            11A759  timerInt.setpitdiv
            559E            11A772  timerInt.readRTCtime
            55A2            11A776  timerInt.rrt0
            55E2            11A7B6  timerInt.rrtbad
            55E8            11A7BC  timerInt.setRTCtime
            55EC            11A7C0  timerInt.srt0
            564A            11A81E  timerInt.readRTCdate
            564E            11A822  timerInt.rrd0
            567E            11A852  timerInt.setRTCdate
            5682            11A856  timerInt.srd0
            56DF            11A8B3  timerInt.setRTCalarm
            5722            11A8F6  timerInt.srabad
            572A            11A8FE  timerInt.resetRTCalarm
            5747            11A91B  timerInt.readRTC
            5750            11A924  timerInt.writeRTC
            575B            11A92F  ctrlbreak_io
            575D            11A931  scr_params_io
            5769            11A93D  disk_params_io
            577B            11A94F  cga_ret_io
            5793            11A967  ATA
            5793            11A967  ATA.identifyDevice
            57B4            11A988  ATA.l2
            57CA            11A99E  ATA.l3
            57DB            11A9AF  ATA.exitfail
            57DC            11A9B0  ATA.exit
            57DF            11A9B3  ATA.selectDriveFromTable
            57F0            11A9C4  ATA.selectDrive
            581C            11A9F0  ATA.sd0
            5854            11AA28  ATA.skipSelection
            5857            11AA2B  ATA.driveNotSelected
            585A            11AA2E  ATA.driveSelectWait
            5866            11AA3A  ATA.dsw0
            5878            11AA4C  ATA.wait400ns
            587E            11AA52  ATA.wns
            5883            11AA57  ATA.getTablePointer
            5894            11AA68  ATA.gtpSearch
            58A3            11AA77  ATA.gtpVerifyOk
            58AC            11AA80  ATA.gtpBad
            58AF            11AA83  ATA.resetChannel
            58FD            11AAD1  ATA.rcBad
            58FF            11AAD3  ATA.read
            5907            11AADB  ATA.rWait
            5916            11AAEA  ATA.rWaitLoop
            5932            11AB06  ATA.r0
            5947            11AB1B  ATA.readExitloop
            5958            11AB2C  ATA.rExit
            595A            11AB2E  ATA.rTimeout
            5962            11AB36  ATA.errorExit
            5964            11AB38  ATA.write
            596C            11AB40  ATA.writeWait
            597B            11AB4F  ATA.writeWaitLoop
            5997            11AB6B  ATA.w1
            59A1            11AB75  ATA.formatEP
            59AC            11AB80  ATA.wBSYcheck
            59C5            11AB99  ATA.wFlushCheck
            59E1            11ABB5  ATA.verify
            59F0            11ABC4  ATA.vLoop
            5A0C            11ABE0  ATA.format
            5A11            11ABE5  ATA.formatWait
            5A20            11ABF4  ATA.formatWaitLoop
            5A49            11AC1D  ATA.f1
            5A58            11AC2C  ATA.readCHS
            5A76            11AC4A  ATA.writeCHS
            5A94            11AC68  ATA.verifyCHS
            5AB0            11AC84  ATA.formatCHS
            5AD8            11ACAC  ATA.setupCHS
            5B0E            11ACE2  ATA.sCHSFailed
            5B17            11ACEB  ATA.readLBA
            5B35            11AD09  ATA.writeLBA
            5B53            11AD27  ATA.verifyLBA
            5B71            11AD45  ATA.formatLBA
            5B8F            11AD63  ATA.setupLBA
            5BC9            11AD9D  ATA.sLBAFailed
            5BD2            11ADA6  ATA.readLBA48
            5BF0            11ADC4  ATA.writeLBA48
            5C0E            11ADE2  ATA.verifyLBA48
            5C2C            11AE00  ATA.formatLBA48
            5C4A            11AE1E  ATA.setupLBA48
            5CAD            11AE81  USB
            5CAD            11AE81  USB.ehciCriticalErrorWrapper
            5CB4            11AE88  USB.ehciCriticalErrorHandler
            5CDB            11AEAF  USB.ecehmsg
            5CE8            11AEBC  USB.setupEHCIcontroller
            5D07            11AEDB  USB.secexit
            5D0B            11AEDF  USB.ehciResetControllerPort
            5D50            11AF24  USB.erclp0
            5D64            11AF38  USB.erclp1
            5D94            11AF68  USB.erclp2
            5DC8            11AF9C  USB.erclp3
            5DF4            11AFC8  USB.ercpexit
            5DF9            11AFCD  USB.ercperr
            5DFF            11AFD3  USB.ehciResetCtrlr
            5E18            11AFEC  USB.erc0
            5E37            11B00B  USB.erc1
            5E55            11B029  USB.ercexit
            5E60            11B034  USB.erc2
            5E63            11B037  USB.ehciRunCtrlr
            5E7D            11B051  USB.esc0
            5E8F            11B063  USB.esc1
            5E92            11B066  USB.esc2
            5E95            11B069  USB.ehciStopCtrlr
            5EAE            11B082  USB.estc0
            5EBE            11B092  USB.estcexit
            5EC1            11B095  USB.estc1
            5EC4            11B098  USB.ehciAdjustAsyncSchedCtrlr
            5EDE            11B0B2  USB.eacStart
            5EED            11B0C1  USB.eacOkExit
            5EEF            11B0C3  USB.eacBad
            5EF1            11B0C5  USB.ehciInitCtrlrRegs
            5F41            11B115  USB.ehciCtrlrGetNumberOfPorts
            5F55            11B129  USB.ehciGetNewQHeadAddr
            5F76            11B14A  USB.egnqaexit
            5F77            11B14B  USB.ehciToggleTransactingQHead
            5F92            11B166  USB.ettqh0
            5F9F            11B173  USB.ehciDelinkOldQHead
            5FBF            11B193  USB.ehciLinkNewQHead
            5FDB            11B1AF  USB.elnqhexit
            5FE0            11B1B4  USB.elnqadjusted
            6016            11B1EA  USB.elnqhbad
            601B            11B1EF  USB.ehciSetNoData
            60BA            11B28E  USB.ehciGetRequest
            6177            11B34B  USB.egddproceed
            617C            11B350  USB.egddexit
            6188            11B35C  USB.ehciStartAsyncSchedule
            619F            11B373  USB.esas0
            61AE            11B382  USB.esasok
            61B1            11B385  USB.esasfail
            61B4            11B388  USB.ehciStopAsyncSchedule
            61CC            11B3A0  USB.espc0
            61DF            11B3B3  USB.espcfail
            61E3            11B3B7  USB.ehciProcessCommand
            620C            11B3E0  USB.epc1
            622C            11B400  USB.epc2
            625C            11B430  USB.epc3
            6278            11B44C  USB.epc4
            6293            11B467  USB.epcexit
            6298            11B46C  USB.epcStall
            62A3            11B477  USB.epcfail
            62AD            11B481  USB.epcfailedstart
            62AD            11B481  USB.epcfaildelinked
            62B5            11B489  USB.epcHostError
            62C0            11B494  USB.epcfailtimeout
            62DD            11B4B1  USB.ehciEnumerateRootPort
            62E9            11B4BD  USB.eebinit
            6305            11B4D9  USB.eeb0
            6328            11B4FC  USB.eeb1
            6367            11B53B  USB.eeb2
            6386            11B55A  USB.ehciEnumCommonEp
            639E            11B572  USB.eeb3
            63BD            11B591  USB.eeb4
            63C7            11B59B  USB.eeb5
            63E6            11B5BA  USB.eeb6
            6408            11B5DC  USB.eeb7
            6426            11B5FA  USB.eeb8
            643E            11B612  USB.eeb9
            6441            11B615  USB.eeb10
            6459            11B62D  USB.eeb11
            646D            11B641  USB.ehciedexit
            647A            11B64E  USB.ehciedbad
            647A            11B64E  USB.ehciedbadnoport
            6485            11B659  USB.ehciedbadnotimeout
            6497            11B66B  USB.ehcibadremtables
            64A3            11B677  USB.ehciAddDeviceToTables
            64D0            11B6A4  USB.eadtt0
            64E6            11B6BA  USB.eadtt1
            650B            11B6DF  USB.eadttmsd
            651A            11B6EE  USB.eadttmsd0
            6530            11B704  USB.eadttmsd1
            6542            11B716  USB.eadttmsd11
            6563            11B737  USB.eadttmsd2
            659A            11B76E  USB.eadttmsd21
            65B5            11B789  USB.eadttmsd3
            65CF            11B7A3  USB.eadtthub
            65DF            11B7B3  USB.eadtthub0
            65F1            11B7C5  USB.eadtthub1
            660E            11B7E2  USB.eadttpass
            6612            11B7E6  USB.eadttexit
            6619            11B7ED  USB.eadttbad
            6620            11B7F4  USB.ehciRemoveDevFromTables
            662F            11B803  USB.erdft0
            663C            11B810  USB.erdft1
            6652            11B826  USB.erdft11
            6694            11B868  USB.erdft2
            66AE            11B882  USB.erdftexit
            66B2            11B886  USB.erdftbad
            66B5            11B889  USB.ehciGiveValidAddress
            66BB            11B88F  USB.egva0
            66CD            11B8A1  USB.egva1
            66D8            11B8AC  USB.egvaexit
            66DB            11B8AF  USB.ehciFindValidInterface
            66F6            11B8CA  USB.ecvi0
            6724            11B8F8  USB.ecviif
            672B            11B8FF  USB.ecviexit
            6730            11B904  USB.ecvifail
            6737            11B90B  USB.ecvibadif
            6746            11B91A  USB.ecvibadif1
            6753            11B927  USB.ehciCheckHubIf
            676D            11B941  USB.ecdhexit
            676F            11B943  USB.ecdhfail
            6772            11B946  USB.ehciCheckMsdIf
            6787            11B95B  USB.ecdmprot
            678D            11B961  USB.ecdmprotUAF
            678D            11B961  USB.ecdmpass
            678E            11B962  USB.ecdmexit
            6792            11B966  USB.ecdmfail
            6795            11B969  USB.ehciGetDevicePtr
            67A7            11B97B  USB.egdp0
            67BA            11B98E  USB.egdp1
            67EB            11B9BF  USB.egdp2
            67FA            11B9CE  USB.egdp3
            67FB            11B9CF  USB.egdpexit
            67FF            11B9D3  USB.egdpfail
            6805            11B9D9  USB.ehciProbeQhead
            6809            11B9DD  USB.ehciStandardErrorHandler
            686B            11BA3F  USB.esehexit
            6874            11BA48  USB.ehciClearEpStallHalt
            688B            11BA5F  USB.ehciWriteQHead
            68B0            11BA84  USB.ehciWriteQHeadTD
            692C            11BB00  USB.ehciDevSetupHub
            6933            11BB07  USB.edshub
            6946            11BB1A  USB.edshub1
            6950            11BB24  USB.edshub11
            696A            11BB3E  USB.edshub13
            6970            11BB44  USB.edshub2
            6976            11BB4A  USB.ehciDeviceSetupMsd
            697D            11BB51  USB.edsmsd
            6987            11BB5B  USB.edsm1
            69B2            11BB86  USB.edsms2
            69B5            11BB89  USB.edsms3
            69D5            11BBA9  USB.edsms4
            69E2            11BBB6  USB.edsms5
            6A09            11BBDD  USB.edsms6
            6A13            11BBE7  USB.edsexit
            6A18            11BBEC  USB.edsfail
            6A20            11BBF4  USB.ehciEnumerateHubPort
            6A33            11BC07  USB.eehdeinit
            6A3F            11BC13  USB.eehde0
            6A5E            11BC32  USB.eehde1
            6A6B            11BC3F  USB.eehde2
            6A89            11BC5D  USB.eehde3
            6A8C            11BC60  USB.eehde31
            6AAA            11BC7E  USB.eehde4
            6ABD            11BC91  USB.eehde41
            6AD8            11BCAC  USB.eehde5
            6AF6            11BCCA  USB.eehde6
            6B3A            11BD0E  USB.eehde7
            6B58            11BD2C  USB.eehde10
            6B73            11BD47  USB.eehde101
            6B80            11BD54  USB.eehde11
            6BAA            11BD7E  USB.eehde12
            6BB3            11BD87  USB.eehde13
            6BEE            11BDC2  USB.eehdebad
            6BEE            11BDC2  USB.eehdebadnoport
            6BF3            11BDC7  USB.eehdebadnotimeout
            6BF8            11BDCC  USB.eehdebadremtables
            6BFD            11BDD1  USB.eehdecritical
            6C02            11BDD6  USB.eehdereset
            6C26            11BDFA  USB.eehder1
            6C58            11BE2C  USB.eehder2
            6C70            11BE44  USB.eehcritexit
            6C71            11BE45  USB.ehciHubClassDescriptor
            6CB1            11BE85  USB.ehcdexit
            6CB5            11BE89  USB.ehcdfail
            6CBB            11BE8F  USB.ehciMsdInitialise
            6CDD            11BEB1  USB.emi0
            6D0F            11BEE3  USB.ehciMsdInitExit
            6D11            11BEE5  USB.ehciMsdInitFail
            6D25            11BEF9  USB.ehciMsdInitialisePfail
            6D2E            11BF02  USB.emipf0
            6D49            11BF1D  USB.ehciMsdDeviceReset
            6D73            11BF47  USB.ehciMsdGetMaxLun
            6D9D            11BF71  USB.ehciMsdBOTResetRecovery
            6DCB            11BF9F  USB.embrrexit
            6DCF            11BFA3  USB.ehciMsdBOTCheckValidCSW
            6E1C            11BFF0  USB.ehciMsdBOTCheckMeaningfulCSW
            6E4C            11C020  USB.embcmcResidueCheck
            6E7A            11C04E  USB.embcmcExit
            6E7D            11C051  USB.ehciMsdBOTCheckTransaction
            6E8F            11C063  USB.embhiehcswmeaningful
            6E9A            11C06E  USB.embhiehexit
            6E9B            11C06F  USB.ehciMsdBOTOO64I
            6E9B            11C06F  USB.ehciMsdBOTOI64I
            6EA4            11C078  USB.ehciMsdBOTOOI
            6F70            11C144  USB.ehciMsdBOTOII
            7019            11C1ED  USB.emboiicommonep
            704F            11C223  USB.emboexit
            705C            11C230  USB.ehciMsdBOTOI
            70F9            11C2CD  USB.emboiexit
            7104            11C2D8  USB.ehciMsdWriteOutQHead
            7143            11C317  USB.ehciMsdWriteInQHead
            7182            11C356  USB.ehciMsdBOTRequest
            71C1            11C395  USB.ehciMsdBOTInquiry
            720E            11C3E2  USB.ehciMsdBOTReadFormatCapacities
            725F            11C433  USB.ehciMsdBOTReadCapacity10
            72B0            11C484  USB.ehciMsdBOTFormatUnit
            72EB            11C4BF  USB.embfu0
            730D            11C4E1  USB.embfuexit
            7317            11C4EB  USB.embfuerror
            731A            11C4EE  USB.ehciMsdBOTVerify
            735A            11C52E  USB.embvexit
            7366            11C53A  USB.embvbad
            7369            11C53D  USB.ehciMsdBOTRequestSense
            73BA            11C58E  USB.ehciMsdBOTTestReady
            73F1            11C5C5  USB.ehciMsdBOTModeSense6
            7442            11C616  USB.ehciMsdBOTOutSector512
            7482            11C656  USB.embosexit
            748A            11C65E  USB.emboseerror
            748D            11C661  USB.ehciMsdBOTInSector512
            74C5            11C699  USB.ehciMsdBOTSector512
            7516            11C6EA  USB.msdWriteCBW
            7547            11C71B  USB.scsiInquiry
            7562            11C736  USB.scsiWrite10
            7566            11C73A  USB.scsiRead10
            7568            11C73C  USB.scsirw
            7589            11C75D  USB.scsiRequestSense
            759C            11C770  USB.scsiTestUnitReady
            75A6            11C77A  USB.scsiReadFormatCapacities
            75B6            11C78A  USB.scsiReadCap10
            75C0            11C794  USB.scsiFormatUnit
            75D5            11C7A9  USB.scsiVerify
            75F6            11C7CA  USB.scsiModeSense6
            7606            11C7DA  USB.ehciGetOpBase
            761F            11C7F3  USB.egob1
            7621            11C7F5  i0
            7629            11C7FD  i1
            7638            11C80C  i2
            7647            11C81B  i3
            7656            11C82A  i4
            7665            11C839  i5
            7674            11C848  i6
            7683            11C857  i7
            7692            11C866  i8
            76A1            11C875  i9
            76B0            11C884  i10
            76BF            11C893  i11
            76CE            11C8A2  i12
            76DD            11C8B1  i13
            76E9            11C8BD  i14
            76F5            11C8C9  i15
            7701            11C8D5  i16
            770D            11C8E1  i17
            7719            11C8ED  i18
            7725            11C8F9  i19
            7731            11C905  i20
            773D            11C911  i21
            7747            11C91B  cpu_4args
            7753            11C927  cpu_3args
            775F            11C933  cpu_2args
            7769            11C93D  cpu_exception
            77F7            11C9CB  cpu_exception.cpurollprint
            77FD            11C9D1  cpu_exception.cpurollprint1
            780E            11C9E2  cpu_exception.cpuexendloop
            7826            11C9FA  cpu_exception.cpu_exception_appret
            7831            11CA05  cpu_exception.cpuextendederror
            7838            11CA0C  cpu_exception.pr1
            7873            11CA47  cpu_exception.pr2
            78A9            11CA7D  cpu_exception.char
            78B9            11CA8D  cpu_exception.printbyte
            78D6            11CAAA  cpu_exception.fatalt0
            78DE            11CAB2  cpu_exception.fatal1
            7A1F            11CBF3  cpu_exception.fatal2
            7A23            11CBF7  cpu_exception.ascii
            7A33            11CC07  dummy_interrupt
            7A33            11CC07  dummy_interrupt.pic2
            7A3A            11CC0E  dummy_interrupt.pic1
            7A3B            11CC0F  dummy_interrupt.p1
            7A40            11CC14  dummy_return_64
            7A42            11CC16  signature
            7A4E            11CC22  signature2
            7A70            11CC44  codeResidentEndPtr

---- Section BIOSTables -------------------------------------------------------

Real              Virtual           Name
          110000            110000  BIOSIDTable
          111000            111000  BIOSPageTbl
          117000            117000  BIOSGDTable

---- Section data -------------------------------------------------------------

Real              Virtual           Name
          117020            117020  IDTlength
          117022            117022  IDTpointer
          117022            117022  IDTpointer.Limit
          117024            117024  IDTpointer.Base
          11702C            11702C  GDTlength
          11702E            11702E  GDTpointer
          11702E            11702E  GDTpointer.Limit
          117030            117030  GDTpointer.Base
          117038            117038  pageTablePtr
          117040            117040  spurint1
          117041            117041  spurint2
          117042            117042  kb_buffer
          117062            117062  kb_buf_head
          11706A            11706A  kb_buf_tail
          117072            117072  kb_buf_start
          11707A            11707A  kb_buf_end
          117082            117082  kb_flags
          117083            117083  kb_flags_1
          117084            117084  kb_flags_2
          117085            117085  break_flag
          117086            117086  numCOM
          117087            117087  com_addresses
          11708F            11708F  comX_buffer
          11708F            11708F  com1_buffer
          11709F            11709F  com2_buffer
          1170AF            1170AF  com3_buffer
          1170BF            1170BF  com4_buffer
          1170CF            1170CF  comX_buf_head
          1170CF            1170CF  com1_buf_head
          1170D7            1170D7  com2_buf_head
          1170DF            1170DF  com3_buf_head
          1170E7            1170E7  com4_buf_head
          1170EF            1170EF  comX_buf_tail
          1170EF            1170EF  com1_buf_tail
          1170F7            1170F7  com2_buf_tail
          1170FF            1170FF  com3_buf_tail
          117107            117107  com4_buf_tail
          11710F            11710F  comX_buf_start
          11710F            11710F  com1_buf_start
          117117            117117  com2_buf_start
          11711F            11711F  com3_buf_start
          117127            117127  com4_buf_start
          11712F            11712F  comX_buf_end
          11712F            11712F  com1_buf_end
          117137            117137  com2_buf_end
          11713F            11713F  com3_buf_end
          117147            117147  com4_buf_end
          11714F            11714F  prt_addresses
          117155            117155  pit_divisor
          117157            117157  pit_ticks
          11715B            11715B  rtc_ticks
          117163            117163  scr_curs_pos
          117173            117173  scr_cols
          117174            117174  scr_rows
          117175            117175  scr_curs_shape
          117177            117177  scr_char_attr
          117178            117178  scr_mode
          117179            117179  scr_active_page
          11717A            11717A  scr_crtc_base
          11717C            11717C  scr_page_addr
          117180            117180  scr_mode_params
          117188            117188  scr_vga_ptrs
          1171C8            1171C8  i33Devices
          1171C9            1171C9  msdStatus
          1171CA            1171CA  fdiskNum
          1171CB            1171CB  ata0CmdByte
          1171CC            1171CC  ata0Status
          1171CD            1171CD  ata1CmdByte
          1171CE            1171CE  ata1Status
          1171CF            1171CF  diskDptPtr
          1171D7            1171D7  fdiskDptPtr
          1171DF            1171DF  nextFilePtr
          1171E7            1171E7  numSectors
          1171E9            1171E9  MachineWord
          1171EB            1171EB  convRAM
          1171ED            1171ED  userBase
          1171F5            1171F5  bigmapSize
          1171F6            1171F6  srData
          1171FE            1171FE  srData1
          117200            117200  sysMem
          117208            117208  scpSize
          11720C            11720C  mcpUserBase
          117214            117214  mcpUserRip
          11721C            11721C  mcpUserkeybf
          117224            117224  mcpUserRaxStore
          11722C            11722C  mcpStackPtr
          117234            117234  eControllers
          117235            117235  eControllerList
          117255            117255  usbDevices
          117256            117256  eHCErrorHandler
          11725E            11725E  eCurrAsyncHead
          117266            117266  eNewBus
          117267            117267  eActiveCtrlr
          117268            117268  eActiveInt
          117269            117269  eAsyncMutex
          11726A            11726A  cbwTag
          11726B            11726B  numMSD
          11726C            11726C  usbDevTbl
          11728A            11728A  usbDevTblEnd
          11728A            11728A  hubDevTbl
          1172DA            1172DA  hubDevTblEnd
          1172DA            1172DA  msdDevTbl
          11737A            11737A  msdDevTblEnd
          11737A            11737A  ideNumberOfControllers
          11737B            11737B  ideControllerTable
          11739B            11739B  fdiskTable
          1173F3            1173F3  diskDevices

---- Section MCPseg -----------------------------------------------------------

Real              Virtual           Name
          11D444            11D444  MCPsegEnd

---- Section xdata ------------------------------------------------------------

Real              Virtual           Name
          11D480            11D480  ehciAschedule
          11D480            11D480  ehciQHead0
          11D500            11D500  ehciQHead1
          11D580            11D580  ehciTDSpace
          11D800            11D800  ehciDataOut
          11D840            11D840  sectorbuffer
          11D840            11D840  ehciDataIn
          11DA40            11DA40  msdCSW
          11DA60            11DA60  prdt
          11DA70            11DA70  bigmapptr

---- Section SysInitParams ----------------------------------------------------

Real              Virtual           Name
             600               600  SysInitTable
             600               600  SysInitTable.numSecW
             602               602  SysInitTable.FileLBA
             60A               60A  loMachineWord

---- Section lowStack ---------------------------------------------------------

Real              Virtual           Name
             800               800  lowStackPtr

